<?xml version="1.0" encoding="ISO-8859-1" ?>
<link_info>
   <banner>TI ARM Linker PC v18.1.2.LTS</banner>
   <copyright>Copyright (c) 1996-2017 Texas Instruments Incorporated</copyright>
   <link_time>0x5b44dfd3</link_time>
   <link_errors>0x0</link_errors>
   <output_file>Robot_Driver.out</output_file>
   <entry_point>
      <name>_c_int00_noargs</name>
      <address>0x3c81</address>
   </entry_point>
   <input_file_list>
      <input_file id="fl-2">
         <path>.\</path>
         <kind>object</kind>
         <file>main.obj</file>
         <name>main.obj</name>
      </input_file>
      <input_file id="fl-3">
         <path>.\</path>
         <kind>object</kind>
         <file>movement.obj</file>
         <name>movement.obj</name>
      </input_file>
      <input_file id="fl-4">
         <path>.\</path>
         <kind>object</kind>
         <file>tm4c123gh6pm_startup_ccs.obj</file>
         <name>tm4c123gh6pm_startup_ccs.obj</name>
      </input_file>
      <input_file id="fl-5">
         <path>.\</path>
         <kind>object</kind>
         <file>uartstdio.obj</file>
         <name>uartstdio.obj</name>
      </input_file>
      <input_file id="fl-a">
         <kind>object</kind>
         <file>&lt;internal&gt;</file>
         <name>&lt;internal&gt;</name>
      </input_file>
      <input_file id="fl-c0">
         <path>D:\Installed_Programs\ti\ccsv8\tools\compiler\ti-cgt-arm_18.1.2.LTS\lib\</path>
         <kind>archive</kind>
         <file>rtsv7M4_T_le_v4SPD16_eabi.lib</file>
         <name>u_divt2.asm.obj</name>
      </input_file>
      <input_file id="fl-c1">
         <path>D:\Installed_Programs\ti\ccsv8\tools\compiler\ti-cgt-arm_18.1.2.LTS\lib\</path>
         <kind>archive</kind>
         <file>rtsv7M4_T_le_v4SPD16_eabi.lib</file>
         <name>memcpy_t2.asm.obj</name>
      </input_file>
      <input_file id="fl-c2">
         <path>D:\Installed_Programs\ti\ccsv8\tools\compiler\ti-cgt-arm_18.1.2.LTS\lib\</path>
         <kind>archive</kind>
         <file>rtsv7M4_T_le_v4SPD16_eabi.lib</file>
         <name>copy_zero_init.c.obj</name>
      </input_file>
      <input_file id="fl-c3">
         <path>D:\Installed_Programs\ti\ccsv8\tools\compiler\ti-cgt-arm_18.1.2.LTS\lib\</path>
         <kind>archive</kind>
         <file>rtsv7M4_T_le_v4SPD16_eabi.lib</file>
         <name>copy_decompress_none.c.obj</name>
      </input_file>
      <input_file id="fl-c4">
         <path>D:\Installed_Programs\ti\ccsv8\tools\compiler\ti-cgt-arm_18.1.2.LTS\lib\</path>
         <kind>archive</kind>
         <file>rtsv7M4_T_le_v4SPD16_eabi.lib</file>
         <name>copy_decompress_lzss.c.obj</name>
      </input_file>
      <input_file id="fl-c5">
         <path>D:\Installed_Programs\ti\ccsv8\tools\compiler\ti-cgt-arm_18.1.2.LTS\lib\</path>
         <kind>archive</kind>
         <file>rtsv7M4_T_le_v4SPD16_eabi.lib</file>
         <name>boot_cortex_m.c.obj</name>
      </input_file>
      <input_file id="fl-c6">
         <path>D:\Installed_Programs\ti\ccsv8\tools\compiler\ti-cgt-arm_18.1.2.LTS\lib\</path>
         <kind>archive</kind>
         <file>rtsv7M4_T_le_v4SPD16_eabi.lib</file>
         <name>exit.c.obj</name>
      </input_file>
      <input_file id="fl-c7">
         <path>D:\Installed_Programs\ti\ccsv8\tools\compiler\ti-cgt-arm_18.1.2.LTS\lib\</path>
         <kind>archive</kind>
         <file>rtsv7M4_T_le_v4SPD16_eabi.lib</file>
         <name>_lock.c.obj</name>
      </input_file>
      <input_file id="fl-c8">
         <path>D:\Installed_Programs\ti\ccsv8\tools\compiler\ti-cgt-arm_18.1.2.LTS\lib\</path>
         <kind>archive</kind>
         <file>rtsv7M4_T_le_v4SPD16_eabi.lib</file>
         <name>args_main.c.obj</name>
      </input_file>
      <input_file id="fl-c9">
         <path>D:\Installed_Programs\ti\ccsv8\tools\compiler\ti-cgt-arm_18.1.2.LTS\lib\</path>
         <kind>archive</kind>
         <file>rtsv7M4_T_le_v4SPD16_eabi.lib</file>
         <name>printf.c.obj</name>
      </input_file>
      <input_file id="fl-ca">
         <path>D:\Installed_Programs\ti\ccsv8\tools\compiler\ti-cgt-arm_18.1.2.LTS\lib\</path>
         <kind>archive</kind>
         <file>rtsv7M4_T_le_v4SPD16_eabi.lib</file>
         <name>rand.c.obj</name>
      </input_file>
      <input_file id="fl-cb">
         <path>D:\Installed_Programs\ti\ccsv8\tools\compiler\ti-cgt-arm_18.1.2.LTS\lib\</path>
         <kind>archive</kind>
         <file>rtsv7M4_T_le_v4SPD16_eabi.lib</file>
         <name>time.c.obj</name>
      </input_file>
      <input_file id="fl-cc">
         <path>D:\Installed_Programs\ti\ccsv8\tools\compiler\ti-cgt-arm_18.1.2.LTS\lib\</path>
         <kind>archive</kind>
         <file>rtsv7M4_T_le_v4SPD16_eabi.lib</file>
         <name>hosttime.c.obj</name>
      </input_file>
      <input_file id="fl-cd">
         <path>D:\Installed_Programs\ti\ccsv8\tools\compiler\ti-cgt-arm_18.1.2.LTS\lib\</path>
         <kind>archive</kind>
         <file>rtsv7M4_T_le_v4SPD16_eabi.lib</file>
         <name>trgmsg.c.obj</name>
      </input_file>
      <input_file id="fl-ce">
         <path>D:\Installed_Programs\ti\ccsv8\tools\compiler\ti-cgt-arm_18.1.2.LTS\lib\</path>
         <kind>archive</kind>
         <file>rtsv7M4_T_le_v4SPD16_eabi.lib</file>
         <name>div0.asm.obj</name>
      </input_file>
      <input_file id="fl-cf">
         <path>D:\Installed_Programs\ti\ccsv8\tools\compiler\ti-cgt-arm_18.1.2.LTS\lib\</path>
         <kind>archive</kind>
         <file>rtsv7M4_T_le_v4SPD16_eabi.lib</file>
         <name>memset_t2.asm.obj</name>
      </input_file>
      <input_file id="fl-d0">
         <path>D:\Installed_Programs\ti\ccsv8\tools\compiler\ti-cgt-arm_18.1.2.LTS\lib\</path>
         <kind>archive</kind>
         <file>rtsv7M4_T_le_v4SPD16_eabi.lib</file>
         <name>autoinit.c.obj</name>
      </input_file>
      <input_file id="fl-d1">
         <path>D:\Installed_Programs\ti\ccsv8\tools\compiler\ti-cgt-arm_18.1.2.LTS\lib\</path>
         <kind>archive</kind>
         <file>rtsv7M4_T_le_v4SPD16_eabi.lib</file>
         <name>pre_init.c.obj</name>
      </input_file>
      <input_file id="fl-d2">
         <path>D:\Installed_Programs\ti\ccsv8\tools\compiler\ti-cgt-arm_18.1.2.LTS\lib\</path>
         <kind>archive</kind>
         <file>rtsv7M4_T_le_v4SPD16_eabi.lib</file>
         <name>cpy_tbl.c.obj</name>
      </input_file>
      <input_file id="fl-d3">
         <path>D:\Installed_Programs\ti\ccsv8\tools\compiler\ti-cgt-arm_18.1.2.LTS\lib\</path>
         <kind>archive</kind>
         <file>rtsv7M4_T_le_v4SPD16_eabi.lib</file>
         <name>_printfi.c.obj</name>
      </input_file>
      <input_file id="fl-d4">
         <path>D:\Installed_Programs\ti\ccsv8\tools\compiler\ti-cgt-arm_18.1.2.LTS\lib\</path>
         <kind>archive</kind>
         <file>rtsv7M4_T_le_v4SPD16_eabi.lib</file>
         <name>atoi.c.obj</name>
      </input_file>
      <input_file id="fl-d5">
         <path>D:\Installed_Programs\ti\ccsv8\tools\compiler\ti-cgt-arm_18.1.2.LTS\lib\</path>
         <kind>archive</kind>
         <file>rtsv7M4_T_le_v4SPD16_eabi.lib</file>
         <name>ctype.c.obj</name>
      </input_file>
      <input_file id="fl-d6">
         <path>D:\Installed_Programs\ti\ccsv8\tools\compiler\ti-cgt-arm_18.1.2.LTS\lib\</path>
         <kind>archive</kind>
         <file>rtsv7M4_T_le_v4SPD16_eabi.lib</file>
         <name>defs.c.obj</name>
      </input_file>
      <input_file id="fl-d7">
         <path>D:\Installed_Programs\ti\ccsv8\tools\compiler\ti-cgt-arm_18.1.2.LTS\lib\</path>
         <kind>archive</kind>
         <file>rtsv7M4_T_le_v4SPD16_eabi.lib</file>
         <name>fputc.c.obj</name>
      </input_file>
      <input_file id="fl-d8">
         <path>D:\Installed_Programs\ti\ccsv8\tools\compiler\ti-cgt-arm_18.1.2.LTS\lib\</path>
         <kind>archive</kind>
         <file>rtsv7M4_T_le_v4SPD16_eabi.lib</file>
         <name>fputs.c.obj</name>
      </input_file>
      <input_file id="fl-d9">
         <path>D:\Installed_Programs\ti\ccsv8\tools\compiler\ti-cgt-arm_18.1.2.LTS\lib\</path>
         <kind>archive</kind>
         <file>rtsv7M4_T_le_v4SPD16_eabi.lib</file>
         <name>ltoa.c.obj</name>
      </input_file>
      <input_file id="fl-da">
         <path>D:\Installed_Programs\ti\ccsv8\tools\compiler\ti-cgt-arm_18.1.2.LTS\lib\</path>
         <kind>archive</kind>
         <file>rtsv7M4_T_le_v4SPD16_eabi.lib</file>
         <name>memccpy.c.obj</name>
      </input_file>
      <input_file id="fl-db">
         <path>D:\Installed_Programs\ti\ccsv8\tools\compiler\ti-cgt-arm_18.1.2.LTS\lib\</path>
         <kind>archive</kind>
         <file>rtsv7M4_T_le_v4SPD16_eabi.lib</file>
         <name>memchr.c.obj</name>
      </input_file>
      <input_file id="fl-dc">
         <path>D:\Installed_Programs\ti\ccsv8\tools\compiler\ti-cgt-arm_18.1.2.LTS\lib\</path>
         <kind>archive</kind>
         <file>rtsv7M4_T_le_v4SPD16_eabi.lib</file>
         <name>strchr.c.obj</name>
      </input_file>
      <input_file id="fl-dd">
         <path>D:\Installed_Programs\ti\ccsv8\tools\compiler\ti-cgt-arm_18.1.2.LTS\lib\</path>
         <kind>archive</kind>
         <file>rtsv7M4_T_le_v4SPD16_eabi.lib</file>
         <name>strlen.c.obj</name>
      </input_file>
      <input_file id="fl-de">
         <path>D:\Installed_Programs\ti\ccsv8\tools\compiler\ti-cgt-arm_18.1.2.LTS\lib\</path>
         <kind>archive</kind>
         <file>rtsv7M4_T_le_v4SPD16_eabi.lib</file>
         <name>hostopen.c.obj</name>
      </input_file>
      <input_file id="fl-df">
         <path>D:\Installed_Programs\ti\ccsv8\tools\compiler\ti-cgt-arm_18.1.2.LTS\lib\</path>
         <kind>archive</kind>
         <file>rtsv7M4_T_le_v4SPD16_eabi.lib</file>
         <name>write.c.obj</name>
      </input_file>
      <input_file id="fl-e0">
         <path>D:\Installed_Programs\ti\ccsv8\tools\compiler\ti-cgt-arm_18.1.2.LTS\lib\</path>
         <kind>archive</kind>
         <file>rtsv7M4_T_le_v4SPD16_eabi.lib</file>
         <name>s_frexp.c.obj</name>
      </input_file>
      <input_file id="fl-e1">
         <path>D:\Installed_Programs\ti\ccsv8\tools\compiler\ti-cgt-arm_18.1.2.LTS\lib\</path>
         <kind>archive</kind>
         <file>rtsv7M4_T_le_v4SPD16_eabi.lib</file>
         <name>s_scalbn.c.obj</name>
      </input_file>
      <input_file id="fl-e2">
         <path>D:\Installed_Programs\ti\ccsv8\tools\compiler\ti-cgt-arm_18.1.2.LTS\lib\</path>
         <kind>archive</kind>
         <file>rtsv7M4_T_le_v4SPD16_eabi.lib</file>
         <name>s_copysign.c.obj</name>
      </input_file>
      <input_file id="fl-e3">
         <path>D:\Installed_Programs\ti\ccsv8\tools\compiler\ti-cgt-arm_18.1.2.LTS\lib\</path>
         <kind>archive</kind>
         <file>rtsv7M4_T_le_v4SPD16_eabi.lib</file>
         <name>wcslen.c.obj</name>
      </input_file>
      <input_file id="fl-e4">
         <path>D:\Installed_Programs\ti\ccsv8\tools\compiler\ti-cgt-arm_18.1.2.LTS\lib\</path>
         <kind>archive</kind>
         <file>rtsv7M4_T_le_v4SPD16_eabi.lib</file>
         <name>fd_add_t2.asm.obj</name>
      </input_file>
      <input_file id="fl-e5">
         <path>D:\Installed_Programs\ti\ccsv8\tools\compiler\ti-cgt-arm_18.1.2.LTS\lib\</path>
         <kind>archive</kind>
         <file>rtsv7M4_T_le_v4SPD16_eabi.lib</file>
         <name>fd_cmp_t2.asm.obj</name>
      </input_file>
      <input_file id="fl-e6">
         <path>D:\Installed_Programs\ti\ccsv8\tools\compiler\ti-cgt-arm_18.1.2.LTS\lib\</path>
         <kind>archive</kind>
         <file>rtsv7M4_T_le_v4SPD16_eabi.lib</file>
         <name>fd_div_t2.asm.obj</name>
      </input_file>
      <input_file id="fl-e7">
         <path>D:\Installed_Programs\ti\ccsv8\tools\compiler\ti-cgt-arm_18.1.2.LTS\lib\</path>
         <kind>archive</kind>
         <file>rtsv7M4_T_le_v4SPD16_eabi.lib</file>
         <name>fd_mul_t2.asm.obj</name>
      </input_file>
      <input_file id="fl-e8">
         <path>D:\Installed_Programs\ti\ccsv8\tools\compiler\ti-cgt-arm_18.1.2.LTS\lib\</path>
         <kind>archive</kind>
         <file>rtsv7M4_T_le_v4SPD16_eabi.lib</file>
         <name>fd_toi_t2.asm.obj</name>
      </input_file>
      <input_file id="fl-e9">
         <path>D:\Installed_Programs\ti\ccsv8\tools\compiler\ti-cgt-arm_18.1.2.LTS\lib\</path>
         <kind>archive</kind>
         <file>rtsv7M4_T_le_v4SPD16_eabi.lib</file>
         <name>i_tofd_t2.asm.obj</name>
      </input_file>
      <input_file id="fl-ea">
         <path>D:\Installed_Programs\ti\ccsv8\tools\compiler\ti-cgt-arm_18.1.2.LTS\lib\</path>
         <kind>archive</kind>
         <file>rtsv7M4_T_le_v4SPD16_eabi.lib</file>
         <name>ull_div_t2.asm.obj</name>
      </input_file>
      <input_file id="fl-eb">
         <path>D:\Installed_Programs\ti\ccsv8\tools\compiler\ti-cgt-arm_18.1.2.LTS\lib\</path>
         <kind>archive</kind>
         <file>rtsv7M4_T_le_v4SPD16_eabi.lib</file>
         <name>errno.c.obj</name>
      </input_file>
      <input_file id="fl-ec">
         <path>D:\Installed_Programs\ti\ccsv8\tools\compiler\ti-cgt-arm_18.1.2.LTS\lib\</path>
         <kind>archive</kind>
         <file>rtsv7M4_T_le_v4SPD16_eabi.lib</file>
         <name>_io_perm.c.obj</name>
      </input_file>
      <input_file id="fl-ed">
         <path>D:\Installed_Programs\ti\ccsv8\tools\compiler\ti-cgt-arm_18.1.2.LTS\lib\</path>
         <kind>archive</kind>
         <file>rtsv7M4_T_le_v4SPD16_eabi.lib</file>
         <name>fflush.c.obj</name>
      </input_file>
      <input_file id="fl-ee">
         <path>D:\Installed_Programs\ti\ccsv8\tools\compiler\ti-cgt-arm_18.1.2.LTS\lib\</path>
         <kind>archive</kind>
         <file>rtsv7M4_T_le_v4SPD16_eabi.lib</file>
         <name>fseek.c.obj</name>
      </input_file>
      <input_file id="fl-ef">
         <path>D:\Installed_Programs\ti\ccsv8\tools\compiler\ti-cgt-arm_18.1.2.LTS\lib\</path>
         <kind>archive</kind>
         <file>rtsv7M4_T_le_v4SPD16_eabi.lib</file>
         <name>lseek.c.obj</name>
      </input_file>
      <input_file id="fl-f0">
         <path>D:\Installed_Programs\ti\ccsv8\tools\compiler\ti-cgt-arm_18.1.2.LTS\lib\</path>
         <kind>archive</kind>
         <file>rtsv7M4_T_le_v4SPD16_eabi.lib</file>
         <name>setvbuf.c.obj</name>
      </input_file>
      <input_file id="fl-f1">
         <path>D:\Installed_Programs\ti\ccsv8\tools\compiler\ti-cgt-arm_18.1.2.LTS\lib\</path>
         <kind>archive</kind>
         <file>rtsv7M4_T_le_v4SPD16_eabi.lib</file>
         <name>hostclose.c.obj</name>
      </input_file>
      <input_file id="fl-f2">
         <path>D:\Installed_Programs\ti\ccsv8\tools\compiler\ti-cgt-arm_18.1.2.LTS\lib\</path>
         <kind>archive</kind>
         <file>rtsv7M4_T_le_v4SPD16_eabi.lib</file>
         <name>hostlseek.c.obj</name>
      </input_file>
      <input_file id="fl-f3">
         <path>D:\Installed_Programs\ti\ccsv8\tools\compiler\ti-cgt-arm_18.1.2.LTS\lib\</path>
         <kind>archive</kind>
         <file>rtsv7M4_T_le_v4SPD16_eabi.lib</file>
         <name>hostread.c.obj</name>
      </input_file>
      <input_file id="fl-f4">
         <path>D:\Installed_Programs\ti\ccsv8\tools\compiler\ti-cgt-arm_18.1.2.LTS\lib\</path>
         <kind>archive</kind>
         <file>rtsv7M4_T_le_v4SPD16_eabi.lib</file>
         <name>hostrename.c.obj</name>
      </input_file>
      <input_file id="fl-f5">
         <path>D:\Installed_Programs\ti\ccsv8\tools\compiler\ti-cgt-arm_18.1.2.LTS\lib\</path>
         <kind>archive</kind>
         <file>rtsv7M4_T_le_v4SPD16_eabi.lib</file>
         <name>hostunlink.c.obj</name>
      </input_file>
      <input_file id="fl-f6">
         <path>D:\Installed_Programs\ti\ccsv8\tools\compiler\ti-cgt-arm_18.1.2.LTS\lib\</path>
         <kind>archive</kind>
         <file>rtsv7M4_T_le_v4SPD16_eabi.lib</file>
         <name>hostwrite.c.obj</name>
      </input_file>
      <input_file id="fl-f7">
         <path>D:\Installed_Programs\ti\ccsv8\tools\compiler\ti-cgt-arm_18.1.2.LTS\lib\</path>
         <kind>archive</kind>
         <file>rtsv7M4_T_le_v4SPD16_eabi.lib</file>
         <name>memory.c.obj</name>
      </input_file>
      <input_file id="fl-f8">
         <path>D:\Installed_Programs\ti\ccsv8\tools\compiler\ti-cgt-arm_18.1.2.LTS\lib\</path>
         <kind>archive</kind>
         <file>rtsv7M4_T_le_v4SPD16_eabi.lib</file>
         <name>fopen.c.obj</name>
      </input_file>
      <input_file id="fl-f9">
         <path>D:\Installed_Programs\ti\ccsv8\tools\compiler\ti-cgt-arm_18.1.2.LTS\lib\</path>
         <kind>archive</kind>
         <file>rtsv7M4_T_le_v4SPD16_eabi.lib</file>
         <name>open.c.obj</name>
      </input_file>
      <input_file id="fl-fa">
         <path>D:\Installed_Programs\ti\ccsv8\tools\compiler\ti-cgt-arm_18.1.2.LTS\lib\</path>
         <kind>archive</kind>
         <file>rtsv7M4_T_le_v4SPD16_eabi.lib</file>
         <name>strcpy.c.obj</name>
      </input_file>
      <input_file id="fl-fb">
         <path>D:\Installed_Programs\ti\ccsv8\tools\compiler\ti-cgt-arm_18.1.2.LTS\lib\</path>
         <kind>archive</kind>
         <file>rtsv7M4_T_le_v4SPD16_eabi.lib</file>
         <name>fclose.c.obj</name>
      </input_file>
      <input_file id="fl-fc">
         <path>D:\Installed_Programs\ti\ccsv8\tools\compiler\ti-cgt-arm_18.1.2.LTS\lib\</path>
         <kind>archive</kind>
         <file>rtsv7M4_T_le_v4SPD16_eabi.lib</file>
         <name>getdevice.c.obj</name>
      </input_file>
      <input_file id="fl-fd">
         <path>D:\Installed_Programs\ti\ccsv8\tools\compiler\ti-cgt-arm_18.1.2.LTS\lib\</path>
         <kind>archive</kind>
         <file>rtsv7M4_T_le_v4SPD16_eabi.lib</file>
         <name>remove.c.obj</name>
      </input_file>
      <input_file id="fl-fe">
         <path>D:\Installed_Programs\ti\ccsv8\tools\compiler\ti-cgt-arm_18.1.2.LTS\lib\</path>
         <kind>archive</kind>
         <file>rtsv7M4_T_le_v4SPD16_eabi.lib</file>
         <name>strcmp.c.obj</name>
      </input_file>
      <input_file id="fl-ff">
         <path>D:\Installed_Programs\ti\ccsv8\tools\compiler\ti-cgt-arm_18.1.2.LTS\lib\</path>
         <kind>archive</kind>
         <file>rtsv7M4_T_le_v4SPD16_eabi.lib</file>
         <name>strncpy.c.obj</name>
      </input_file>
      <input_file id="fl-100">
         <path>D:\Installed_Programs\ti\ccsv8\tools\compiler\ti-cgt-arm_18.1.2.LTS\lib\</path>
         <kind>archive</kind>
         <file>rtsv7M4_T_le_v4SPD16_eabi.lib</file>
         <name>unlink.c.obj</name>
      </input_file>
      <input_file id="fl-101">
         <path>D:\Installed_Programs\ti\ccsv8\tools\compiler\ti-cgt-arm_18.1.2.LTS\lib\</path>
         <kind>archive</kind>
         <file>rtsv7M4_T_le_v4SPD16_eabi.lib</file>
         <name>close.c.obj</name>
      </input_file>
      <input_file id="fl-102">
         <path>D:\Installed_Programs\ti\TivaWare_C_Series-2.1.4.178\driverlib\ccs\Debug\</path>
         <kind>archive</kind>
         <file>driverlib.lib</file>
         <name>gpio.obj</name>
      </input_file>
      <input_file id="fl-103">
         <path>D:\Installed_Programs\ti\TivaWare_C_Series-2.1.4.178\driverlib\ccs\Debug\</path>
         <kind>archive</kind>
         <file>driverlib.lib</file>
         <name>interrupt.obj</name>
      </input_file>
      <input_file id="fl-104">
         <path>D:\Installed_Programs\ti\TivaWare_C_Series-2.1.4.178\driverlib\ccs\Debug\</path>
         <kind>archive</kind>
         <file>driverlib.lib</file>
         <name>sysctl.obj</name>
      </input_file>
      <input_file id="fl-105">
         <path>D:\Installed_Programs\ti\TivaWare_C_Series-2.1.4.178\driverlib\ccs\Debug\</path>
         <kind>archive</kind>
         <file>driverlib.lib</file>
         <name>uart.obj</name>
      </input_file>
      <input_file id="fl-106">
         <path>D:\Installed_Programs\ti\TivaWare_C_Series-2.1.4.178\driverlib\ccs\Debug\</path>
         <kind>archive</kind>
         <file>driverlib.lib</file>
         <name>cpu.obj</name>
      </input_file>
   </input_file_list>
   <object_component_list>
      <object_component id="oc-f">
         <name>.intvecs</name>
         <load_address>0x0</load_address>
         <run_address>0x0</run_address>
         <size>0x26c</size>
         <input_file_ref idref="fl-4"/>
      </object_component>
      <object_component id="oc-2cd">
         <name>.text:__TI_printfi</name>
         <load_address>0x26c</load_address>
         <run_address>0x26c</run_address>
         <size>0xa5e</size>
         <input_file_ref idref="fl-d3"/>
      </object_component>
      <object_component id="oc-410">
         <name>.text:_nop</name>
         <load_address>0xcca</load_address>
         <run_address>0xcca</run_address>
         <size>0x2</size>
         <input_file_ref idref="fl-c7"/>
      </object_component>
      <object_component id="oc-d9">
         <name>.text</name>
         <load_address>0xccc</load_address>
         <run_address>0xccc</run_address>
         <size>0x614</size>
         <input_file_ref idref="fl-3"/>
      </object_component>
      <object_component id="oc-9f">
         <name>.text</name>
         <load_address>0x12e0</load_address>
         <run_address>0x12e0</run_address>
         <size>0x4b8</size>
         <input_file_ref idref="fl-2"/>
      </object_component>
      <object_component id="oc-191">
         <name>.text</name>
         <load_address>0x1798</load_address>
         <run_address>0x1798</run_address>
         <size>0x49c</size>
         <input_file_ref idref="fl-5"/>
      </object_component>
      <object_component id="oc-447">
         <name>.text:_pconv_a</name>
         <load_address>0x1c34</load_address>
         <run_address>0x1c34</run_address>
         <size>0x270</size>
         <input_file_ref idref="fl-d3"/>
      </object_component>
      <object_component id="oc-435">
         <name>.text:_pconv_g</name>
         <load_address>0x1ea4</load_address>
         <run_address>0x1ea4</run_address>
         <size>0x1d0</size>
         <input_file_ref idref="fl-d3"/>
      </object_component>
      <object_component id="oc-502">
         <name>.text</name>
         <load_address>0x2074</load_address>
         <run_address>0x2074</run_address>
         <size>0x1b6</size>
         <input_file_ref idref="fl-e4"/>
      </object_component>
      <object_component id="oc-4ac">
         <name>.text</name>
         <load_address>0x222a</load_address>
         <run_address>0x222a</run_address>
         <size>0x2</size>
         <input_file_ref idref="fl-ce"/>
      </object_component>
      <object_component id="oc-441">
         <name>.text:_pconv_e</name>
         <load_address>0x222c</load_address>
         <run_address>0x222c</run_address>
         <size>0x13c</size>
         <input_file_ref idref="fl-d3"/>
      </object_component>
      <object_component id="oc-4e8">
         <name>.text</name>
         <load_address>0x2368</load_address>
         <run_address>0x2368</run_address>
         <size>0x136</size>
         <input_file_ref idref="fl-e6"/>
      </object_component>
      <object_component id="oc-116">
         <name>.text:GPIOPadConfigSet</name>
         <load_address>0x249e</load_address>
         <run_address>0x249e</run_address>
         <size>0x132</size>
         <input_file_ref idref="fl-102"/>
      </object_component>
      <object_component id="oc-514">
         <name>.text:fcvt</name>
         <load_address>0x25d0</load_address>
         <run_address>0x25d0</run_address>
         <size>0x120</size>
         <input_file_ref idref="fl-d3"/>
      </object_component>
      <object_component id="oc-46f">
         <name>.text:fputs</name>
         <load_address>0x26f0</load_address>
         <run_address>0x26f0</run_address>
         <size>0x114</size>
         <input_file_ref idref="fl-d8"/>
      </object_component>
      <object_component id="oc-528">
         <name>.text:scalbn</name>
         <load_address>0x2804</load_address>
         <run_address>0x2804</run_address>
         <size>0x110</size>
         <input_file_ref idref="fl-e1"/>
      </object_component>
      <object_component id="oc-4e3">
         <name>.text</name>
         <load_address>0x2914</load_address>
         <run_address>0x2914</run_address>
         <size>0xfc</size>
         <input_file_ref idref="fl-e7"/>
      </object_component>
      <object_component id="oc-fe">
         <name>.text:SysCtlClockSet</name>
         <load_address>0x2a10</load_address>
         <run_address>0x2a10</run_address>
         <size>0xf4</size>
         <input_file_ref idref="fl-104"/>
      </object_component>
      <object_component id="oc-5c1">
         <name>.text:setvbuf</name>
         <load_address>0x2b04</load_address>
         <run_address>0x2b04</run_address>
         <size>0xdc</size>
         <input_file_ref idref="fl-f0"/>
      </object_component>
      <object_component id="oc-5ee">
         <name>.text:free</name>
         <load_address>0x2be0</load_address>
         <run_address>0x2be0</run_address>
         <size>0xd8</size>
         <input_file_ref idref="fl-f7"/>
      </object_component>
      <object_component id="oc-42a">
         <name>.text:_ltostr</name>
         <load_address>0x2cb8</load_address>
         <run_address>0x2cb8</run_address>
         <size>0xb1</size>
         <input_file_ref idref="fl-d3"/>
      </object_component>
      <object_component id="oc-3b">
         <name>.text</name>
         <load_address>0x2d6a</load_address>
         <run_address>0x2d6a</run_address>
         <size>0x9c</size>
         <input_file_ref idref="fl-c1"/>
      </object_component>
      <object_component id="oc-4dc">
         <name>.text</name>
         <load_address>0x2e06</load_address>
         <run_address>0x2e06</run_address>
         <size>0x96</size>
         <input_file_ref idref="fl-ea"/>
      </object_component>
      <object_component id="oc-476">
         <name>.text:fputc</name>
         <load_address>0x2e9c</load_address>
         <run_address>0x2e9c</run_address>
         <size>0x8c</size>
         <input_file_ref idref="fl-d7"/>
      </object_component>
      <object_component id="oc-430">
         <name>.text:__aeabi_cdcmple</name>
         <load_address>0x2f28</load_address>
         <run_address>0x2f28</run_address>
         <size>0x86</size>
         <input_file_ref idref="fl-e5"/>
      </object_component>
      <object_component id="oc-4ed">
         <name>.text:__aeabi_cdrcmple</name>
         <load_address>0x2fae</load_address>
         <run_address>0x2fae</run_address>
         <size>0x86</size>
         <input_file_ref idref="fl-e5"/>
      </object_component>
      <object_component id="oc-93">
         <name>.text</name>
         <load_address>0x3034</load_address>
         <run_address>0x3034</run_address>
         <size>0x7a</size>
         <input_file_ref idref="fl-cf"/>
      </object_component>
      <object_component id="oc-5f4">
         <name>.text:malloc</name>
         <load_address>0x30b0</load_address>
         <run_address>0x30b0</run_address>
         <size>0x78</size>
         <input_file_ref idref="fl-f7"/>
      </object_component>
      <object_component id="oc-639">
         <name>.text:__TI_closefile</name>
         <load_address>0x3128</load_address>
         <run_address>0x3128</run_address>
         <size>0x74</size>
         <input_file_ref idref="fl-fb"/>
      </object_component>
      <object_component id="oc-50d">
         <name>.text:_mcpy</name>
         <load_address>0x319c</load_address>
         <run_address>0x319c</run_address>
         <size>0x6e</size>
         <input_file_ref idref="fl-d3"/>
      </object_component>
      <object_component id="oc-65d">
         <name>.text:HOSTlseek</name>
         <load_address>0x320c</load_address>
         <run_address>0x320c</run_address>
         <size>0x68</size>
         <input_file_ref idref="fl-f2"/>
      </object_component>
      <object_component id="oc-669">
         <name>.text:HOSTrename</name>
         <load_address>0x3274</load_address>
         <run_address>0x3274</run_address>
         <size>0x68</size>
         <input_file_ref idref="fl-f4"/>
      </object_component>
      <object_component id="oc-2af">
         <name>.text:IntEnable</name>
         <load_address>0x32dc</load_address>
         <run_address>0x32dc</run_address>
         <size>0x68</size>
         <input_file_ref idref="fl-103"/>
      </object_component>
      <object_component id="oc-12">
         <name>.text:decompress:lzss:__TI_decompress_lzss</name>
         <load_address>0x3344</load_address>
         <run_address>0x3344</run_address>
         <size>0x68</size>
         <input_file_ref idref="fl-c4"/>
      </object_component>
      <object_component id="oc-13a">
         <name>.text:printf</name>
         <load_address>0x33ac</load_address>
         <run_address>0x33ac</run_address>
         <size>0x68</size>
         <input_file_ref idref="fl-c9"/>
      </object_component>
      <object_component id="oc-522">
         <name>.text:frexp</name>
         <load_address>0x3414</load_address>
         <run_address>0x3414</run_address>
         <size>0x64</size>
         <input_file_ref idref="fl-e0"/>
      </object_component>
      <object_component id="oc-5bb">
         <name>.text:fseek</name>
         <load_address>0x3478</load_address>
         <run_address>0x3478</run_address>
         <size>0x64</size>
         <input_file_ref idref="fl-ee"/>
      </object_component>
      <object_component id="oc-556">
         <name>.text:__TI_wrt_ok</name>
         <load_address>0x34dc</load_address>
         <run_address>0x34dc</run_address>
         <size>0x62</size>
         <input_file_ref idref="fl-ec"/>
      </object_component>
      <object_component id="oc-645">
         <name>.text:HOSTopen</name>
         <load_address>0x3540</load_address>
         <run_address>0x3540</run_address>
         <size>0x60</size>
         <input_file_ref idref="fl-de"/>
      </object_component>
      <object_component id="oc-678">
         <name>.text:close</name>
         <load_address>0x35a0</load_address>
         <run_address>0x35a0</run_address>
         <size>0x5c</size>
         <input_file_ref idref="fl-101"/>
      </object_component>
      <object_component id="oc-651">
         <name>.text:HOSTread</name>
         <load_address>0x35fc</load_address>
         <run_address>0x35fc</run_address>
         <size>0x58</size>
         <input_file_ref idref="fl-f3"/>
      </object_component>
      <object_component id="oc-657">
         <name>.text:HOSTwrite</name>
         <load_address>0x3654</load_address>
         <run_address>0x3654</run_address>
         <size>0x58</size>
         <input_file_ref idref="fl-f6"/>
      </object_component>
      <object_component id="oc-122">
         <name>.text:GPIOIntTypeSet</name>
         <load_address>0x36ac</load_address>
         <run_address>0x36ac</run_address>
         <size>0x56</size>
         <input_file_ref idref="fl-102"/>
      </object_component>
      <object_component id="oc-43b">
         <name>.text:_pconv_f</name>
         <load_address>0x3702</load_address>
         <run_address>0x3702</run_address>
         <size>0x56</size>
         <input_file_ref idref="fl-d3"/>
      </object_component>
      <object_component id="oc-4f7">
         <name>.text:ltoa</name>
         <load_address>0x3758</load_address>
         <run_address>0x3758</run_address>
         <size>0x54</size>
         <input_file_ref idref="fl-d9"/>
      </object_component>
      <object_component id="oc-507">
         <name>.text:_ecpy</name>
         <load_address>0x37ac</load_address>
         <run_address>0x37ac</run_address>
         <size>0x52</size>
         <input_file_ref idref="fl-d3"/>
      </object_component>
      <object_component id="oc-562">
         <name>.text:__TI_doflush</name>
         <load_address>0x37fe</load_address>
         <run_address>0x37fe</run_address>
         <size>0x4c</size>
         <input_file_ref idref="fl-ed"/>
      </object_component>
      <object_component id="oc-424">
         <name>.text:atoi</name>
         <load_address>0x384c</load_address>
         <run_address>0x384c</run_address>
         <size>0x4c</size>
         <input_file_ref idref="fl-d4"/>
      </object_component>
      <object_component id="oc-20c">
         <name>.text:GPIOPinConfigure</name>
         <load_address>0x3898</load_address>
         <run_address>0x3898</run_address>
         <size>0x48</size>
         <input_file_ref idref="fl-102"/>
      </object_component>
      <object_component id="oc-2b7">
         <name>.text:HOSTtime</name>
         <load_address>0x38e0</load_address>
         <run_address>0x38e0</run_address>
         <size>0x48</size>
         <input_file_ref idref="fl-cc"/>
      </object_component>
      <object_component id="oc-14d">
         <name>.text:exit</name>
         <load_address>0x3928</load_address>
         <run_address>0x3928</run_address>
         <size>0x48</size>
         <input_file_ref idref="fl-c6"/>
      </object_component>
      <object_component id="oc-4f2">
         <name>.text</name>
         <load_address>0x3970</load_address>
         <run_address>0x3970</run_address>
         <size>0x48</size>
         <input_file_ref idref="fl-e8"/>
      </object_component>
      <object_component id="oc-310">
         <name>.text:UARTConfigSetExpClk</name>
         <load_address>0x39b8</load_address>
         <run_address>0x39b8</run_address>
         <size>0x46</size>
         <input_file_ref idref="fl-105"/>
      </object_component>
      <object_component id="oc-64b">
         <name>.text:HOSTclose</name>
         <load_address>0x3a00</load_address>
         <run_address>0x3a00</run_address>
         <size>0x44</size>
         <input_file_ref idref="fl-f1"/>
      </object_component>
      <object_component id="oc-663">
         <name>.text:HOSTunlink</name>
         <load_address>0x3a44</load_address>
         <run_address>0x3a44</run_address>
         <size>0x44</size>
         <input_file_ref idref="fl-f5"/>
      </object_component>
      <object_component id="oc-2a3">
         <name>.text:_GPIOIntNumberGet</name>
         <load_address>0x3a88</load_address>
         <run_address>0x3a88</run_address>
         <size>0x44</size>
         <input_file_ref idref="fl-102"/>
      </object_component>
      <object_component id="oc-153">
         <name>.text:__TI_auto_init_nobinit_nopinit:__TI_auto_init_nobinit_nopinit</name>
         <load_address>0x3acc</load_address>
         <run_address>0x3acc</run_address>
         <size>0x44</size>
         <input_file_ref idref="fl-d0"/>
      </object_component>
      <object_component id="oc-69e">
         <name>.text:getdevice</name>
         <load_address>0x3b10</load_address>
         <run_address>0x3b10</run_address>
         <size>0x44</size>
         <input_file_ref idref="fl-fc"/>
      </object_component>
      <object_component id="oc-331">
         <name>.text</name>
         <load_address>0x3b54</load_address>
         <run_address>0x3b54</run_address>
         <size>0x40</size>
         <input_file_ref idref="fl-c0"/>
      </object_component>
      <object_component id="oc-51a">
         <name>.text:_fcpy</name>
         <load_address>0x3b94</load_address>
         <run_address>0x3b94</run_address>
         <size>0x3e</size>
         <input_file_ref idref="fl-d3"/>
      </object_component>
      <object_component id="oc-62e">
         <name>.text:minsert</name>
         <load_address>0x3bd4</load_address>
         <run_address>0x3bd4</run_address>
         <size>0x3c</size>
         <input_file_ref idref="fl-f7"/>
      </object_component>
      <object_component id="oc-30a">
         <name>.text:SysCtlPeripheralPresent</name>
         <load_address>0x3c10</load_address>
         <run_address>0x3c10</run_address>
         <size>0x38</size>
         <input_file_ref idref="fl-104"/>
      </object_component>
      <object_component id="oc-3f4">
         <name>.text:__TI_writemsg</name>
         <load_address>0x3c48</load_address>
         <run_address>0x3c48</run_address>
         <size>0x38</size>
         <input_file_ref idref="fl-cd"/>
      </object_component>
      <object_component id="oc-59">
         <name>.text:_c_int00_noargs:_c_int00_noargs</name>
         <load_address>0x3c80</load_address>
         <run_address>0x3c80</run_address>
         <size>0x38</size>
         <input_file_ref idref="fl-c5"/>
      </object_component>
      <object_component id="oc-622">
         <name>.text:minit</name>
         <load_address>0x3cb8</load_address>
         <run_address>0x3cb8</run_address>
         <size>0x38</size>
         <input_file_ref idref="fl-f7"/>
      </object_component>
      <object_component id="oc-6b8">
         <name>.text:strncpy</name>
         <load_address>0x3cf0</load_address>
         <run_address>0x3cf0</run_address>
         <size>0x36</size>
         <input_file_ref idref="fl-ff"/>
      </object_component>
      <object_component id="oc-2a9">
         <name>.text:IntRegister</name>
         <load_address>0x3d28</load_address>
         <run_address>0x3d28</run_address>
         <size>0x34</size>
         <input_file_ref idref="fl-103"/>
      </object_component>
      <object_component id="oc-104">
         <name>.text:SysCtlPeripheralEnable</name>
         <load_address>0x3d5c</load_address>
         <run_address>0x3d5c</run_address>
         <size>0x34</size>
         <input_file_ref idref="fl-104"/>
      </object_component>
      <object_component id="oc-5fa">
         <name>.text:__TI_cleanup</name>
         <load_address>0x3d90</load_address>
         <run_address>0x3d90</run_address>
         <size>0x34</size>
         <input_file_ref idref="fl-f8"/>
      </object_component>
      <object_component id="oc-3fa">
         <name>.text:__TI_readmsg</name>
         <load_address>0x3dc4</load_address>
         <run_address>0x3dc4</run_address>
         <size>0x34</size>
         <input_file_ref idref="fl-cd"/>
      </object_component>
      <object_component id="oc-134">
         <name>.text:rand</name>
         <load_address>0x3df8</load_address>
         <run_address>0x3df8</run_address>
         <size>0x34</size>
         <input_file_ref idref="fl-ca"/>
      </object_component>
      <object_component id="oc-6be">
         <name>.text:finddevice</name>
         <load_address>0x3e2c</load_address>
         <run_address>0x3e2c</run_address>
         <size>0x30</size>
         <input_file_ref idref="fl-fc"/>
      </object_component>
      <object_component id="oc-4fd">
         <name>.text</name>
         <load_address>0x3e5c</load_address>
         <run_address>0x3e5c</run_address>
         <size>0x2e</size>
         <input_file_ref idref="fl-e9"/>
      </object_component>
      <object_component id="oc-67e">
         <name>.text:unlink</name>
         <load_address>0x3e8c</load_address>
         <run_address>0x3e8c</run_address>
         <size>0x2c</size>
         <input_file_ref idref="fl-100"/>
      </object_component>
      <object_component id="oc-29a">
         <name>.text:GPIODirModeSet</name>
         <load_address>0x3eb8</load_address>
         <run_address>0x3eb8</run_address>
         <size>0x2a</size>
         <input_file_ref idref="fl-102"/>
      </object_component>
      <object_component id="oc-5e6">
         <name>.text:lseek</name>
         <load_address>0x3ee4</load_address>
         <run_address>0x3ee4</run_address>
         <size>0x28</size>
         <input_file_ref idref="fl-ef"/>
      </object_component>
      <object_component id="oc-628">
         <name>.text:mremove</name>
         <load_address>0x3f0c</load_address>
         <run_address>0x3f0c</run_address>
         <size>0x28</size>
         <input_file_ref idref="fl-f7"/>
      </object_component>
      <object_component id="oc-568">
         <name>.text:write</name>
         <load_address>0x3f34</load_address>
         <run_address>0x3f34</run_address>
         <size>0x28</size>
         <input_file_ref idref="fl-df"/>
      </object_component>
      <object_component id="oc-12e">
         <name>.text:srand</name>
         <load_address>0x3f5c</load_address>
         <run_address>0x3f5c</run_address>
         <size>0x24</size>
         <input_file_ref idref="fl-ca"/>
      </object_component>
      <object_component id="oc-49c">
         <name>.text:UARTDisable</name>
         <load_address>0x3f80</load_address>
         <run_address>0x3f80</run_address>
         <size>0x20</size>
         <input_file_ref idref="fl-105"/>
      </object_component>
      <object_component id="oc-55c">
         <name>.text:memchr</name>
         <load_address>0x3fa0</load_address>
         <run_address>0x3fa0</run_address>
         <size>0x20</size>
         <input_file_ref idref="fl-db"/>
      </object_component>
      <object_component id="oc-44d">
         <name>.text:memccpy</name>
         <load_address>0x3fc0</load_address>
         <run_address>0x3fc0</run_address>
         <size>0x1c</size>
         <input_file_ref idref="fl-da"/>
      </object_component>
      <object_component id="oc-11c">
         <name>.text:GPIOIntRegister</name>
         <load_address>0x3fdc</load_address>
         <run_address>0x3fdc</run_address>
         <size>0x18</size>
         <input_file_ref idref="fl-102"/>
      </object_component>
      <object_component id="oc-10a">
         <name>.text:GPIOPinTypeGPIOOutput</name>
         <load_address>0x3ff4</load_address>
         <run_address>0x3ff4</run_address>
         <size>0x18</size>
         <input_file_ref idref="fl-102"/>
      </object_component>
      <object_component id="oc-6d1">
         <name>.text:strcmp</name>
         <load_address>0x400c</load_address>
         <run_address>0x400c</run_address>
         <size>0x18</size>
         <input_file_ref idref="fl-fe"/>
      </object_component>
      <object_component id="oc-52e">
         <name>.text:strchr</name>
         <load_address>0x4024</load_address>
         <run_address>0x4024</run_address>
         <size>0x16</size>
         <input_file_ref idref="fl-dc"/>
      </object_component>
      <object_component id="oc-316">
         <name>.text:UARTEnable</name>
         <load_address>0x403a</load_address>
         <run_address>0x403a</run_address>
         <size>0x14</size>
         <input_file_ref idref="fl-105"/>
      </object_component>
      <object_component id="oc-59f">
         <name>.text:copysign</name>
         <load_address>0x404e</load_address>
         <run_address>0x404e</run_address>
         <size>0x14</size>
         <input_file_ref idref="fl-e2"/>
      </object_component>
      <object_component id="oc-694">
         <name>.text:strcpy</name>
         <load_address>0x4062</load_address>
         <run_address>0x4062</run_address>
         <size>0x14</size>
         <input_file_ref idref="fl-fa"/>
      </object_component>
      <object_component id="oc-41e">
         <name>.text:strlen</name>
         <load_address>0x4076</load_address>
         <run_address>0x4076</run_address>
         <size>0x14</size>
         <input_file_ref idref="fl-dd"/>
      </object_component>
      <object_component id="oc-110">
         <name>.text:GPIOPinTypeGPIOInput</name>
         <load_address>0x408a</load_address>
         <run_address>0x408a</run_address>
         <size>0x12</size>
         <input_file_ref idref="fl-102"/>
      </object_component>
      <object_component id="oc-212">
         <name>.text:GPIOPinTypeUART</name>
         <load_address>0x409c</load_address>
         <run_address>0x409c</run_address>
         <size>0x12</size>
         <input_file_ref idref="fl-102"/>
      </object_component>
      <object_component id="oc-453">
         <name>.text:wcslen</name>
         <load_address>0x40ae</load_address>
         <run_address>0x40ae</run_address>
         <size>0x12</size>
         <input_file_ref idref="fl-e3"/>
      </object_component>
      <object_component id="oc-e5">
         <name>.text:GPIOIntDisable</name>
         <load_address>0x40c0</load_address>
         <run_address>0x40c0</run_address>
         <size>0xe</size>
         <input_file_ref idref="fl-102"/>
      </object_component>
      <object_component id="oc-df">
         <name>.text:GPIOIntStatus</name>
         <load_address>0x40ce</load_address>
         <run_address>0x40ce</run_address>
         <size>0xe</size>
         <input_file_ref idref="fl-102"/>
      </object_component>
      <object_component id="oc-128">
         <name>.text:__time32</name>
         <load_address>0x40dc</load_address>
         <run_address>0x40dc</run_address>
         <size>0xe</size>
         <input_file_ref idref="fl-cb"/>
      </object_component>
      <object_component id="oc-18">
         <name>.text:decompress:none:__TI_decompress_none</name>
         <load_address>0x40ea</load_address>
         <run_address>0x40ea</run_address>
         <size>0xe</size>
         <input_file_ref idref="fl-c3"/>
      </object_component>
      <object_component id="oc-f1">
         <name>.text:GPIOIntEnable</name>
         <load_address>0x40f8</load_address>
         <run_address>0x40f8</run_address>
         <size>0xc</size>
         <input_file_ref idref="fl-102"/>
      </object_component>
      <object_component id="oc-4d">
         <name>.text:decompress:ZI:__TI_zero_init</name>
         <load_address>0x4104</load_address>
         <run_address>0x4104</run_address>
         <size>0xc</size>
         <input_file_ref idref="fl-c2"/>
      </object_component>
      <object_component id="oc-27">
         <name>.text</name>
         <load_address>0x4110</load_address>
         <run_address>0x4110</run_address>
         <size>0xc</size>
         <input_file_ref idref="fl-4"/>
      </object_component>
      <object_component id="oc-322">
         <name>.text:UARTCharGet</name>
         <load_address>0x411c</load_address>
         <run_address>0x411c</run_address>
         <size>0xa</size>
         <input_file_ref idref="fl-105"/>
      </object_component>
      <object_component id="oc-31c">
         <name>.text:UARTCharPut</name>
         <load_address>0x4126</load_address>
         <run_address>0x4126</run_address>
         <size>0xa</size>
         <input_file_ref idref="fl-105"/>
      </object_component>
      <object_component id="oc-459">
         <name>.text:__aeabi_errno_addr</name>
         <load_address>0x4130</load_address>
         <run_address>0x4130</run_address>
         <size>0x8</size>
         <input_file_ref idref="fl-eb"/>
      </object_component>
      <object_component id="oc-f8">
         <name>.text:GPIOIntClear</name>
         <load_address>0x4138</load_address>
         <run_address>0x4138</run_address>
         <size>0x6</size>
         <input_file_ref idref="fl-102"/>
      </object_component>
      <object_component id="oc-eb">
         <name>.text:GPIOPinWrite</name>
         <load_address>0x413e</load_address>
         <run_address>0x413e</run_address>
         <size>0x6</size>
         <input_file_ref idref="fl-102"/>
      </object_component>
      <object_component id="oc-f7">
         <name>.text:SysCtlDelay</name>
         <load_address>0x4144</load_address>
         <run_address>0x4144</run_address>
         <size>0x6</size>
         <input_file_ref idref="fl-104"/>
      </object_component>
      <object_component id="oc-218">
         <name>.text:UARTClockSourceSet</name>
         <load_address>0x414a</load_address>
         <run_address>0x414a</run_address>
         <size>0x6</size>
         <input_file_ref idref="fl-105"/>
      </object_component>
      <object_component id="oc-2dc">
         <name>.text:_outc</name>
         <load_address>0x4150</load_address>
         <run_address>0x4150</run_address>
         <size>0x4</size>
         <input_file_ref idref="fl-c9"/>
      </object_component>
      <object_component id="oc-2d6">
         <name>.text:_outs</name>
         <load_address>0x4154</load_address>
         <run_address>0x4154</run_address>
         <size>0x4</size>
         <input_file_ref idref="fl-c9"/>
      </object_component>
      <object_component id="oc-99">
         <name>.text:_system_pre_init</name>
         <load_address>0x4158</load_address>
         <run_address>0x4158</run_address>
         <size>0x4</size>
         <input_file_ref idref="fl-d1"/>
      </object_component>
      <object_component id="oc-147">
         <name>.text:abort:abort</name>
         <load_address>0x415c</load_address>
         <run_address>0x415c</run_address>
         <size>0x4</size>
         <input_file_ref idref="fl-c6"/>
      </object_component>
      <object_component id="oc-4d7">
         <name>.const:.string:_ctypes_</name>
         <load_address>0x4160</load_address>
         <run_address>0x4160</run_address>
         <size>0x101</size>
         <input_file_ref idref="fl-d5"/>
      </object_component>
      <object_component id="oc-3e7">
         <name>.const:g_ppui32GPIOIntMapSnowflake</name>
         <load_address>0x4264</load_address>
         <run_address>0x4264</run_address>
         <size>0xd8</size>
         <input_file_ref idref="fl-102"/>
      </object_component>
      <object_component id="oc-3e4">
         <name>.const:g_ppui32GPIOIntMapBlizzard</name>
         <load_address>0x433c</load_address>
         <run_address>0x433c</run_address>
         <size>0xc0</size>
         <input_file_ref idref="fl-102"/>
      </object_component>
      <object_component id="oc-389">
         <name>.const:g_pui32GPIOBaseAddrs</name>
         <load_address>0x43fc</load_address>
         <run_address>0x43fc</run_address>
         <size>0x90</size>
         <input_file_ref idref="fl-102"/>
      </object_component>
      <object_component id="oc-3f0">
         <name>.const</name>
         <load_address>0x448c</load_address>
         <run_address>0x448c</run_address>
         <size>0x70</size>
         <input_file_ref idref="fl-103"/>
      </object_component>
      <object_component id="oc-4b2">
         <name>.const:.string</name>
         <load_address>0x44fc</load_address>
         <run_address>0x44fc</run_address>
         <size>0x12</size>
         <input_file_ref idref="fl-5"/>
      </object_component>
      <object_component id="oc-284">
         <name>.const:.string:$P$T0$1</name>
         <load_address>0x450e</load_address>
         <run_address>0x450e</run_address>
         <size>0xe</size>
         <input_file_ref idref="fl-3"/>
      </object_component>
      <object_component id="oc-32e">
         <name>.const:g_ui32UARTBase</name>
         <load_address>0x451c</load_address>
         <run_address>0x451c</run_address>
         <size>0xc</size>
         <input_file_ref idref="fl-5"/>
      </object_component>
      <object_component id="oc-328">
         <name>.const:g_ui32UARTPeriph</name>
         <load_address>0x4528</load_address>
         <run_address>0x4528</run_address>
         <size>0xc</size>
         <input_file_ref idref="fl-5"/>
      </object_component>
      <object_component id="oc-287">
         <name>.const:.string:$P$T1$2</name>
         <load_address>0x4534</load_address>
         <run_address>0x4534</run_address>
         <size>0xb</size>
         <input_file_ref idref="fl-3"/>
      </object_component>
      <object_component id="oc-336">
         <name>.const</name>
         <load_address>0x4540</load_address>
         <run_address>0x4540</run_address>
         <size>0x4</size>
         <input_file_ref idref="fl-5"/>
      </object_component>
      <object_component id="oc-70a">
         <name>.cinit..data.load</name>
         <load_address>0x4548</load_address>
         <run_address>0x4548</run_address>
         <size>0x14a</size>
      </object_component>
      <object_component id="oc-707">
         <name>__TI_handler_table</name>
         <load_address>0x4694</load_address>
         <run_address>0x4694</run_address>
         <size>0xc</size>
      </object_component>
      <object_component id="oc-70b">
         <name>.cinit..bss.load</name>
         <load_address>0x46a0</load_address>
         <run_address>0x46a0</run_address>
         <size>0x8</size>
      </object_component>
      <object_component id="oc-709">
         <name>.cinit..vtable.load</name>
         <load_address>0x46a8</load_address>
         <run_address>0x46a8</run_address>
         <size>0x8</size>
      </object_component>
      <object_component id="oc-708">
         <name>__TI_cinit_table</name>
         <load_address>0x46b0</load_address>
         <run_address>0x46b0</run_address>
         <size>0x18</size>
      </object_component>
      <object_component id="oc-3eb">
         <name>.vtable</name>
         <uninitialized>true</uninitialized>
         <run_address>0x20000000</run_address>
         <size>0x26c</size>
         <input_file_ref idref="fl-103"/>
      </object_component>
      <object_component id="oc-140">
         <name>.data</name>
         <load_address>0x20000464</load_address>
         <run_address>0x20000464</run_address>
         <size>0x10</size>
         <input_file_ref idref="fl-2"/>
      </object_component>
      <object_component id="oc-143">
         <name>.data:gameBoard</name>
         <load_address>0x20000424</load_address>
         <run_address>0x20000424</run_address>
         <size>0x24</size>
         <input_file_ref idref="fl-2"/>
      </object_component>
      <object_component id="oc-281">
         <name>.data:init</name>
         <load_address>0x20000448</load_address>
         <run_address>0x20000448</run_address>
         <size>0x1a</size>
         <input_file_ref idref="fl-3"/>
      </object_component>
      <object_component id="oc-27e">
         <name>.data:raise_s6</name>
         <load_address>0x20000725</load_address>
         <run_address>0x20000725</run_address>
         <size>0xb</size>
         <input_file_ref idref="fl-3"/>
      </object_component>
      <object_component id="oc-272">
         <name>.data:raise_s5</name>
         <load_address>0x2000071a</load_address>
         <run_address>0x2000071a</run_address>
         <size>0xb</size>
         <input_file_ref idref="fl-3"/>
      </object_component>
      <object_component id="oc-275">
         <name>.data:raise_s4</name>
         <load_address>0x2000070f</load_address>
         <run_address>0x2000070f</run_address>
         <size>0xb</size>
         <input_file_ref idref="fl-3"/>
      </object_component>
      <object_component id="oc-26f">
         <name>.data:raise_s3</name>
         <load_address>0x20000704</load_address>
         <run_address>0x20000704</run_address>
         <size>0xb</size>
         <input_file_ref idref="fl-3"/>
      </object_component>
      <object_component id="oc-278">
         <name>.data:raise_s2</name>
         <load_address>0x200006f9</load_address>
         <run_address>0x200006f9</run_address>
         <size>0xb</size>
         <input_file_ref idref="fl-3"/>
      </object_component>
      <object_component id="oc-27b">
         <name>.data:raise_s1</name>
         <load_address>0x200006ee</load_address>
         <run_address>0x200006ee</run_address>
         <size>0xb</size>
         <input_file_ref idref="fl-3"/>
      </object_component>
      <object_component id="oc-25d">
         <name>.data:slideO_s6</name>
         <load_address>0x20000767</load_address>
         <run_address>0x20000767</run_address>
         <size>0xb</size>
         <input_file_ref idref="fl-3"/>
      </object_component>
      <object_component id="oc-260">
         <name>.data:slideO_s5</name>
         <load_address>0x2000075c</load_address>
         <run_address>0x2000075c</run_address>
         <size>0xb</size>
         <input_file_ref idref="fl-3"/>
      </object_component>
      <object_component id="oc-263">
         <name>.data:slideO_s4</name>
         <load_address>0x20000751</load_address>
         <run_address>0x20000751</run_address>
         <size>0xb</size>
         <input_file_ref idref="fl-3"/>
      </object_component>
      <object_component id="oc-266">
         <name>.data:slideO_s3</name>
         <load_address>0x20000746</load_address>
         <run_address>0x20000746</run_address>
         <size>0xb</size>
         <input_file_ref idref="fl-3"/>
      </object_component>
      <object_component id="oc-269">
         <name>.data:slideO_s2</name>
         <load_address>0x2000073b</load_address>
         <run_address>0x2000073b</run_address>
         <size>0xb</size>
         <input_file_ref idref="fl-3"/>
      </object_component>
      <object_component id="oc-26c">
         <name>.data:slideO_s1</name>
         <load_address>0x20000730</load_address>
         <run_address>0x20000730</run_address>
         <size>0xb</size>
         <input_file_ref idref="fl-3"/>
      </object_component>
      <object_component id="oc-24b">
         <name>.data:slideX_s6</name>
         <load_address>0x200007a9</load_address>
         <run_address>0x200007a9</run_address>
         <size>0xb</size>
         <input_file_ref idref="fl-3"/>
      </object_component>
      <object_component id="oc-24e">
         <name>.data:slideX_s5</name>
         <load_address>0x2000079e</load_address>
         <run_address>0x2000079e</run_address>
         <size>0xb</size>
         <input_file_ref idref="fl-3"/>
      </object_component>
      <object_component id="oc-251">
         <name>.data:slideX_s4</name>
         <load_address>0x20000793</load_address>
         <run_address>0x20000793</run_address>
         <size>0xb</size>
         <input_file_ref idref="fl-3"/>
      </object_component>
      <object_component id="oc-254">
         <name>.data:slideX_s3</name>
         <load_address>0x20000788</load_address>
         <run_address>0x20000788</run_address>
         <size>0xb</size>
         <input_file_ref idref="fl-3"/>
      </object_component>
      <object_component id="oc-257">
         <name>.data:slideX_s2</name>
         <load_address>0x2000077d</load_address>
         <run_address>0x2000077d</run_address>
         <size>0xb</size>
         <input_file_ref idref="fl-3"/>
      </object_component>
      <object_component id="oc-25a">
         <name>.data:slideX_s1</name>
         <load_address>0x20000772</load_address>
         <run_address>0x20000772</run_address>
         <size>0xb</size>
         <input_file_ref idref="fl-3"/>
      </object_component>
      <object_component id="oc-197">
         <name>.data:pos0_s6</name>
         <load_address>0x200004d3</load_address>
         <run_address>0x200004d3</run_address>
         <size>0xb</size>
         <input_file_ref idref="fl-3"/>
      </object_component>
      <object_component id="oc-19a">
         <name>.data:pos0_s5</name>
         <load_address>0x200004c8</load_address>
         <run_address>0x200004c8</run_address>
         <size>0xb</size>
         <input_file_ref idref="fl-3"/>
      </object_component>
      <object_component id="oc-19d">
         <name>.data:pos0_s4</name>
         <load_address>0x200004bd</load_address>
         <run_address>0x200004bd</run_address>
         <size>0xb</size>
         <input_file_ref idref="fl-3"/>
      </object_component>
      <object_component id="oc-1a0">
         <name>.data:pos0_s3</name>
         <load_address>0x200004b2</load_address>
         <run_address>0x200004b2</run_address>
         <size>0xb</size>
         <input_file_ref idref="fl-3"/>
      </object_component>
      <object_component id="oc-1a3">
         <name>.data:pos0_s2</name>
         <load_address>0x200004a7</load_address>
         <run_address>0x200004a7</run_address>
         <size>0xb</size>
         <input_file_ref idref="fl-3"/>
      </object_component>
      <object_component id="oc-1a6">
         <name>.data:pos0_s1</name>
         <load_address>0x2000049c</load_address>
         <run_address>0x2000049c</run_address>
         <size>0xb</size>
         <input_file_ref idref="fl-3"/>
      </object_component>
      <object_component id="oc-1a9">
         <name>.data:pos1_s6</name>
         <load_address>0x20000515</load_address>
         <run_address>0x20000515</run_address>
         <size>0xb</size>
         <input_file_ref idref="fl-3"/>
      </object_component>
      <object_component id="oc-1ac">
         <name>.data:pos1_s5</name>
         <load_address>0x2000050a</load_address>
         <run_address>0x2000050a</run_address>
         <size>0xb</size>
         <input_file_ref idref="fl-3"/>
      </object_component>
      <object_component id="oc-1af">
         <name>.data:pos1_s4</name>
         <load_address>0x200004ff</load_address>
         <run_address>0x200004ff</run_address>
         <size>0xb</size>
         <input_file_ref idref="fl-3"/>
      </object_component>
      <object_component id="oc-1b2">
         <name>.data:pos1_s3</name>
         <load_address>0x200004f4</load_address>
         <run_address>0x200004f4</run_address>
         <size>0xb</size>
         <input_file_ref idref="fl-3"/>
      </object_component>
      <object_component id="oc-1b5">
         <name>.data:pos1_s2</name>
         <load_address>0x200004e9</load_address>
         <run_address>0x200004e9</run_address>
         <size>0xb</size>
         <input_file_ref idref="fl-3"/>
      </object_component>
      <object_component id="oc-1b8">
         <name>.data:pos1_s1</name>
         <load_address>0x200004de</load_address>
         <run_address>0x200004de</run_address>
         <size>0xb</size>
         <input_file_ref idref="fl-3"/>
      </object_component>
      <object_component id="oc-1bb">
         <name>.data:pos2_s6</name>
         <load_address>0x20000557</load_address>
         <run_address>0x20000557</run_address>
         <size>0xb</size>
         <input_file_ref idref="fl-3"/>
      </object_component>
      <object_component id="oc-1be">
         <name>.data:pos2_s5</name>
         <load_address>0x2000054c</load_address>
         <run_address>0x2000054c</run_address>
         <size>0xb</size>
         <input_file_ref idref="fl-3"/>
      </object_component>
      <object_component id="oc-1c4">
         <name>.data:pos2_s4</name>
         <load_address>0x20000541</load_address>
         <run_address>0x20000541</run_address>
         <size>0xb</size>
         <input_file_ref idref="fl-3"/>
      </object_component>
      <object_component id="oc-1c1">
         <name>.data:pos2_s3</name>
         <load_address>0x20000536</load_address>
         <run_address>0x20000536</run_address>
         <size>0xb</size>
         <input_file_ref idref="fl-3"/>
      </object_component>
      <object_component id="oc-1c7">
         <name>.data:pos2_s2</name>
         <load_address>0x2000052b</load_address>
         <run_address>0x2000052b</run_address>
         <size>0xb</size>
         <input_file_ref idref="fl-3"/>
      </object_component>
      <object_component id="oc-1ca">
         <name>.data:pos2_s1</name>
         <load_address>0x20000520</load_address>
         <run_address>0x20000520</run_address>
         <size>0xb</size>
         <input_file_ref idref="fl-3"/>
      </object_component>
      <object_component id="oc-1cd">
         <name>.data:pos3_s6</name>
         <load_address>0x20000599</load_address>
         <run_address>0x20000599</run_address>
         <size>0xb</size>
         <input_file_ref idref="fl-3"/>
      </object_component>
      <object_component id="oc-1d0">
         <name>.data:pos3_s5</name>
         <load_address>0x2000058e</load_address>
         <run_address>0x2000058e</run_address>
         <size>0xb</size>
         <input_file_ref idref="fl-3"/>
      </object_component>
      <object_component id="oc-1d3">
         <name>.data:pos3_s4</name>
         <load_address>0x20000583</load_address>
         <run_address>0x20000583</run_address>
         <size>0xb</size>
         <input_file_ref idref="fl-3"/>
      </object_component>
      <object_component id="oc-1d6">
         <name>.data:pos3_s3</name>
         <load_address>0x20000578</load_address>
         <run_address>0x20000578</run_address>
         <size>0xb</size>
         <input_file_ref idref="fl-3"/>
      </object_component>
      <object_component id="oc-1d9">
         <name>.data:pos3_s2</name>
         <load_address>0x2000056d</load_address>
         <run_address>0x2000056d</run_address>
         <size>0xb</size>
         <input_file_ref idref="fl-3"/>
      </object_component>
      <object_component id="oc-1dc">
         <name>.data:pos3_s1</name>
         <load_address>0x20000562</load_address>
         <run_address>0x20000562</run_address>
         <size>0xb</size>
         <input_file_ref idref="fl-3"/>
      </object_component>
      <object_component id="oc-1df">
         <name>.data:pos4_s6</name>
         <load_address>0x200005db</load_address>
         <run_address>0x200005db</run_address>
         <size>0xb</size>
         <input_file_ref idref="fl-3"/>
      </object_component>
      <object_component id="oc-1e2">
         <name>.data:pos4_s5</name>
         <load_address>0x200005d0</load_address>
         <run_address>0x200005d0</run_address>
         <size>0xb</size>
         <input_file_ref idref="fl-3"/>
      </object_component>
      <object_component id="oc-1e8">
         <name>.data:pos4_s4</name>
         <load_address>0x200005c5</load_address>
         <run_address>0x200005c5</run_address>
         <size>0xb</size>
         <input_file_ref idref="fl-3"/>
      </object_component>
      <object_component id="oc-1e5">
         <name>.data:pos4_s3</name>
         <load_address>0x200005ba</load_address>
         <run_address>0x200005ba</run_address>
         <size>0xb</size>
         <input_file_ref idref="fl-3"/>
      </object_component>
      <object_component id="oc-1eb">
         <name>.data:pos4_s2</name>
         <load_address>0x200005af</load_address>
         <run_address>0x200005af</run_address>
         <size>0xb</size>
         <input_file_ref idref="fl-3"/>
      </object_component>
      <object_component id="oc-1ee">
         <name>.data:pos4_s1</name>
         <load_address>0x200005a4</load_address>
         <run_address>0x200005a4</run_address>
         <size>0xb</size>
         <input_file_ref idref="fl-3"/>
      </object_component>
      <object_component id="oc-1f1">
         <name>.data:pos5_s6</name>
         <load_address>0x2000061d</load_address>
         <run_address>0x2000061d</run_address>
         <size>0xb</size>
         <input_file_ref idref="fl-3"/>
      </object_component>
      <object_component id="oc-1f4">
         <name>.data:pos5_s5</name>
         <load_address>0x20000612</load_address>
         <run_address>0x20000612</run_address>
         <size>0xb</size>
         <input_file_ref idref="fl-3"/>
      </object_component>
      <object_component id="oc-1fa">
         <name>.data:pos5_s4</name>
         <load_address>0x20000607</load_address>
         <run_address>0x20000607</run_address>
         <size>0xb</size>
         <input_file_ref idref="fl-3"/>
      </object_component>
      <object_component id="oc-1f7">
         <name>.data:pos5_s3</name>
         <load_address>0x200005fc</load_address>
         <run_address>0x200005fc</run_address>
         <size>0xb</size>
         <input_file_ref idref="fl-3"/>
      </object_component>
      <object_component id="oc-1fd">
         <name>.data:pos5_s2</name>
         <load_address>0x200005f1</load_address>
         <run_address>0x200005f1</run_address>
         <size>0xb</size>
         <input_file_ref idref="fl-3"/>
      </object_component>
      <object_component id="oc-200">
         <name>.data:pos5_s1</name>
         <load_address>0x200005e6</load_address>
         <run_address>0x200005e6</run_address>
         <size>0xb</size>
         <input_file_ref idref="fl-3"/>
      </object_component>
      <object_component id="oc-203">
         <name>.data:pos6_s6</name>
         <load_address>0x2000065f</load_address>
         <run_address>0x2000065f</run_address>
         <size>0xb</size>
         <input_file_ref idref="fl-3"/>
      </object_component>
      <object_component id="oc-206">
         <name>.data:pos6_s5</name>
         <load_address>0x20000654</load_address>
         <run_address>0x20000654</run_address>
         <size>0xb</size>
         <input_file_ref idref="fl-3"/>
      </object_component>
      <object_component id="oc-209">
         <name>.data:pos6_s4</name>
         <load_address>0x20000649</load_address>
         <run_address>0x20000649</run_address>
         <size>0xb</size>
         <input_file_ref idref="fl-3"/>
      </object_component>
      <object_component id="oc-21e">
         <name>.data:pos6_s3</name>
         <load_address>0x2000063e</load_address>
         <run_address>0x2000063e</run_address>
         <size>0xb</size>
         <input_file_ref idref="fl-3"/>
      </object_component>
      <object_component id="oc-221">
         <name>.data:pos6_s2</name>
         <load_address>0x20000633</load_address>
         <run_address>0x20000633</run_address>
         <size>0xb</size>
         <input_file_ref idref="fl-3"/>
      </object_component>
      <object_component id="oc-224">
         <name>.data:pos6_s1</name>
         <load_address>0x20000628</load_address>
         <run_address>0x20000628</run_address>
         <size>0xb</size>
         <input_file_ref idref="fl-3"/>
      </object_component>
      <object_component id="oc-227">
         <name>.data:pos7_s6</name>
         <load_address>0x200006a1</load_address>
         <run_address>0x200006a1</run_address>
         <size>0xb</size>
         <input_file_ref idref="fl-3"/>
      </object_component>
      <object_component id="oc-22a">
         <name>.data:pos7_s5</name>
         <load_address>0x20000696</load_address>
         <run_address>0x20000696</run_address>
         <size>0xb</size>
         <input_file_ref idref="fl-3"/>
      </object_component>
      <object_component id="oc-22d">
         <name>.data:pos7_s4</name>
         <load_address>0x2000068b</load_address>
         <run_address>0x2000068b</run_address>
         <size>0xb</size>
         <input_file_ref idref="fl-3"/>
      </object_component>
      <object_component id="oc-230">
         <name>.data:pos7_s3</name>
         <load_address>0x20000680</load_address>
         <run_address>0x20000680</run_address>
         <size>0xb</size>
         <input_file_ref idref="fl-3"/>
      </object_component>
      <object_component id="oc-233">
         <name>.data:pos7_s2</name>
         <load_address>0x20000675</load_address>
         <run_address>0x20000675</run_address>
         <size>0xb</size>
         <input_file_ref idref="fl-3"/>
      </object_component>
      <object_component id="oc-236">
         <name>.data:pos7_s1</name>
         <load_address>0x2000066a</load_address>
         <run_address>0x2000066a</run_address>
         <size>0xb</size>
         <input_file_ref idref="fl-3"/>
      </object_component>
      <object_component id="oc-239">
         <name>.data:pos8_s6</name>
         <load_address>0x200006e3</load_address>
         <run_address>0x200006e3</run_address>
         <size>0xb</size>
         <input_file_ref idref="fl-3"/>
      </object_component>
      <object_component id="oc-23c">
         <name>.data:pos8_s5</name>
         <load_address>0x200006d8</load_address>
         <run_address>0x200006d8</run_address>
         <size>0xb</size>
         <input_file_ref idref="fl-3"/>
      </object_component>
      <object_component id="oc-242">
         <name>.data:pos8_s4</name>
         <load_address>0x200006cd</load_address>
         <run_address>0x200006cd</run_address>
         <size>0xb</size>
         <input_file_ref idref="fl-3"/>
      </object_component>
      <object_component id="oc-23f">
         <name>.data:pos8_s3</name>
         <load_address>0x200006c2</load_address>
         <run_address>0x200006c2</run_address>
         <size>0xb</size>
         <input_file_ref idref="fl-3"/>
      </object_component>
      <object_component id="oc-245">
         <name>.data:pos8_s2</name>
         <load_address>0x200006b7</load_address>
         <run_address>0x200006b7</run_address>
         <size>0xb</size>
         <input_file_ref idref="fl-3"/>
      </object_component>
      <object_component id="oc-248">
         <name>.data:pos8_s1</name>
         <load_address>0x200006ac</load_address>
         <run_address>0x200006ac</run_address>
         <size>0xb</size>
         <input_file_ref idref="fl-3"/>
      </object_component>
      <object_component id="oc-32b">
         <name>.data</name>
         <load_address>0x200007bc</load_address>
         <run_address>0x200007bc</run_address>
         <size>0x5</size>
         <input_file_ref idref="fl-5"/>
      </object_component>
      <object_component id="oc-2ee">
         <name>.data:$O1$$</name>
         <load_address>0x20000484</load_address>
         <run_address>0x20000484</run_address>
         <size>0xc</size>
         <input_file_ref idref="fl-c6"/>
      </object_component>
      <object_component id="oc-2c4">
         <name>.data:$O1$$</name>
         <load_address>0x200007b4</load_address>
         <run_address>0x200007b4</run_address>
         <size>0x8</size>
         <input_file_ref idref="fl-c7"/>
      </object_component>
      <object_component id="oc-2c7">
         <name>.data</name>
         <load_address>0x200007c8</load_address>
         <run_address>0x200007c8</run_address>
         <size>0x4</size>
         <input_file_ref idref="fl-ca"/>
      </object_component>
      <object_component id="oc-2d3">
         <name>.data:_ftable</name>
         <load_address>0x2000026c</load_address>
         <run_address>0x2000026c</run_address>
         <size>0xf0</size>
         <input_file_ref idref="fl-d6"/>
      </object_component>
      <object_component id="oc-63f">
         <name>.data</name>
         <load_address>0x20000474</load_address>
         <run_address>0x20000474</run_address>
         <size>0x10</size>
         <input_file_ref idref="fl-d6"/>
      </object_component>
      <object_component id="oc-60d">
         <name>.data:_device</name>
         <load_address>0x2000035c</load_address>
         <run_address>0x2000035c</run_address>
         <size>0x78</size>
         <input_file_ref idref="fl-df"/>
      </object_component>
      <object_component id="oc-5cd">
         <name>.data:_stream</name>
         <load_address>0x200003d4</load_address>
         <run_address>0x200003d4</run_address>
         <size>0x50</size>
         <input_file_ref idref="fl-df"/>
      </object_component>
      <object_component id="oc-53e">
         <name>.data</name>
         <load_address>0x200007c4</load_address>
         <run_address>0x200007c4</run_address>
         <size>0x4</size>
         <input_file_ref idref="fl-eb"/>
      </object_component>
      <object_component id="oc-634">
         <name>.data:$O1$$</name>
         <load_address>0x20000490</load_address>
         <run_address>0x20000490</run_address>
         <size>0xc</size>
         <input_file_ref idref="fl-f7"/>
      </object_component>
      <object_component id="oc-4c5">
         <name>.bss:_CIOBUF_</name>
         <uninitialized>true</uninitialized>
         <run_address>0x200009d0</run_address>
         <size>0x120</size>
         <input_file_ref idref="fl-cd"/>
      </object_component>
      <object_component id="oc-684">
         <name>.common:__TI_tmpnams</name>
         <uninitialized>true</uninitialized>
         <run_address>0x20000af0</run_address>
         <size>0xa0</size>
      </object_component>
      <object_component id="oc-400">
         <name>.common:parmbuf</name>
         <uninitialized>true</uninitialized>
         <run_address>0x20000b90</run_address>
         <size>0x8</size>
      </object_component>
      <object_component id="oc-24">
         <name>.sysmem</name>
         <uninitialized>true</uninitialized>
         <run_address>0x20000b98</run_address>
         <size>0x8</size>
         <input_file_ref idref="fl-f7"/>
      </object_component>
      <object_component id="oc-70d">
         <name>.sysmem</name>
         <uninitialized>true</uninitialized>
         <run_address>0x20000b98</run_address>
         <size>0x0</size>
      </object_component>
      <object_component id="oc-21">
         <name>.stack</name>
         <uninitialized>true</uninitialized>
         <run_address>0x200007d0</run_address>
         <size>0x4</size>
         <input_file_ref idref="fl-c5"/>
      </object_component>
      <object_component id="oc-70c">
         <name>.stack</name>
         <uninitialized>true</uninitialized>
         <run_address>0x200007d0</run_address>
         <size>0x0</size>
      </object_component>
      <object_component id="oc-c7">
         <name>.debug_info</name>
         <load_address>0x0</load_address>
         <run_address>0x0</run_address>
         <size>0x6bb</size>
         <input_file_ref idref="fl-2"/>
      </object_component>
      <object_component id="oc-141">
         <name>.debug_info</name>
         <load_address>0x6bb</load_address>
         <run_address>0x6bb</run_address>
         <size>0x13a</size>
         <input_file_ref idref="fl-2"/>
      </object_component>
      <object_component id="oc-144">
         <name>.debug_info</name>
         <load_address>0x7f5</load_address>
         <run_address>0x7f5</run_address>
         <size>0xcd</size>
         <input_file_ref idref="fl-2"/>
      </object_component>
      <object_component id="oc-a1">
         <name>.debug_info</name>
         <load_address>0x8c2</load_address>
         <run_address>0x8c2</run_address>
         <size>0x6d5</size>
         <input_file_ref idref="fl-2"/>
      </object_component>
      <object_component id="oc-74">
         <name>.debug_info</name>
         <load_address>0xf97</load_address>
         <run_address>0xf97</run_address>
         <size>0x26b</size>
         <input_file_ref idref="fl-2"/>
      </object_component>
      <object_component id="oc-187">
         <name>.debug_info</name>
         <load_address>0x1202</load_address>
         <run_address>0x1202</run_address>
         <size>0x189</size>
         <input_file_ref idref="fl-2"/>
      </object_component>
      <object_component id="oc-c2">
         <name>.debug_info</name>
         <load_address>0x138b</load_address>
         <run_address>0x138b</run_address>
         <size>0x8b</size>
         <input_file_ref idref="fl-2"/>
      </object_component>
      <object_component id="oc-bd">
         <name>.debug_info</name>
         <load_address>0x1416</load_address>
         <run_address>0x1416</run_address>
         <size>0x297</size>
         <input_file_ref idref="fl-2"/>
      </object_component>
      <object_component id="oc-79">
         <name>.debug_info</name>
         <load_address>0x16ad</load_address>
         <run_address>0x16ad</run_address>
         <size>0xbb</size>
         <input_file_ref idref="fl-2"/>
      </object_component>
      <object_component id="oc-2e4">
         <name>.debug_info</name>
         <load_address>0x1768</load_address>
         <run_address>0x1768</run_address>
         <size>0x2c</size>
         <input_file_ref idref="fl-2"/>
      </object_component>
      <object_component id="oc-18c">
         <name>.debug_info</name>
         <load_address>0x1794</load_address>
         <run_address>0x1794</run_address>
         <size>0x35</size>
         <input_file_ref idref="fl-2"/>
      </object_component>
      <object_component id="oc-28b">
         <name>.debug_info</name>
         <load_address>0x17c9</load_address>
         <run_address>0x17c9</run_address>
         <size>0x451</size>
         <input_file_ref idref="fl-3"/>
      </object_component>
      <object_component id="oc-282">
         <name>.debug_info</name>
         <load_address>0x1c1a</load_address>
         <run_address>0x1c1a</run_address>
         <size>0xc7</size>
         <input_file_ref idref="fl-3"/>
      </object_component>
      <object_component id="oc-27f">
         <name>.debug_info</name>
         <load_address>0x1ce1</load_address>
[...]
         <value>0x3345</value>
         <object_component_ref idref="oc-12"/>
      </symbol>
      <symbol id="sm-475">
         <name>__stack</name>
         <value>0x200007d0</value>
         <object_component_ref idref="oc-21"/>
      </symbol>
      <symbol id="sm-476">
         <name>_c_int00_noargs</name>
         <value>0x3c81</value>
         <object_component_ref idref="oc-59"/>
      </symbol>
      <symbol id="sm-49c">
         <name>C$$EXIT</name>
         <value>0x415d</value>
         <object_component_ref idref="oc-147"/>
      </symbol>
      <symbol id="sm-49d">
         <name>abort</name>
         <value>0x415d</value>
         <object_component_ref idref="oc-147"/>
      </symbol>
      <symbol id="sm-49e">
         <name>__TI_dtors_ptr</name>
         <value>0x20000488</value>
         <object_component_ref idref="oc-2ee"/>
      </symbol>
      <symbol id="sm-49f">
         <name>__TI_cleanup_ptr</name>
         <value>0x20000484</value>
         <object_component_ref idref="oc-2ee"/>
      </symbol>
      <symbol id="sm-4a0">
         <name>__TI_enable_exit_profile_output</name>
         <value>0x2000048c</value>
         <object_component_ref idref="oc-2ee"/>
      </symbol>
      <symbol id="sm-4a1">
         <name>exit</name>
         <value>0x3929</value>
         <object_component_ref idref="oc-14d"/>
      </symbol>
      <symbol id="sm-4b6">
         <name>_nop</name>
         <value>0xccb</value>
         <object_component_ref idref="oc-410"/>
      </symbol>
      <symbol id="sm-4b7">
         <name>_lock</name>
         <value>0x200007b4</value>
         <object_component_ref idref="oc-2c4"/>
      </symbol>
      <symbol id="sm-4b8">
         <name>_unlock</name>
         <value>0x200007b8</value>
         <object_component_ref idref="oc-2c4"/>
      </symbol>
      <symbol id="sm-4e5">
         <name>printf</name>
         <value>0x33ad</value>
         <object_component_ref idref="oc-13a"/>
      </symbol>
      <symbol id="sm-50a">
         <name>rand</name>
         <value>0x3df9</value>
         <object_component_ref idref="oc-134"/>
      </symbol>
      <symbol id="sm-50b">
         <name>srand</name>
         <value>0x3f5d</value>
         <object_component_ref idref="oc-12e"/>
      </symbol>
      <symbol id="sm-523">
         <name>__time32</name>
         <value>0x40dd</value>
         <object_component_ref idref="oc-128"/>
      </symbol>
      <symbol id="sm-524">
         <name>time</name>
         <value>0x40dd</value>
         <object_component_ref idref="oc-128"/>
      </symbol>
      <symbol id="sm-53c">
         <name>HOSTtime</name>
         <value>0x38e1</value>
         <object_component_ref idref="oc-2b7"/>
      </symbol>
      <symbol id="sm-560">
         <name>__TI_readmsg</name>
         <value>0x3dc5</value>
         <object_component_ref idref="oc-3fa"/>
      </symbol>
      <symbol id="sm-561">
         <name>C$$IO$$</name>
         <value>0x3c77</value>
         <object_component_ref idref="oc-3f4"/>
      </symbol>
      <symbol id="sm-562">
         <name>__CIOBUF_</name>
         <value>0x200009d0</value>
         <object_component_ref idref="oc-4c5"/>
      </symbol>
      <symbol id="sm-563">
         <name>__TI_writemsg</name>
         <value>0x3c49</value>
         <object_component_ref idref="oc-3f4"/>
      </symbol>
      <symbol id="sm-56d">
         <name>__aeabi_idiv0</name>
         <value>0x222b</value>
         <object_component_ref idref="oc-4ac"/>
      </symbol>
      <symbol id="sm-56e">
         <name>__aeabi_ldiv0</name>
         <value>0x222b</value>
         <object_component_ref idref="oc-4ac"/>
      </symbol>
      <symbol id="sm-57d">
         <name>__aeabi_memset</name>
         <value>0x3037</value>
         <object_component_ref idref="oc-93"/>
      </symbol>
      <symbol id="sm-57e">
         <name>memset</name>
         <value>0x303d</value>
         <object_component_ref idref="oc-93"/>
      </symbol>
      <symbol id="sm-57f">
         <name>__aeabi_memset8</name>
         <value>0x3037</value>
         <object_component_ref idref="oc-93"/>
      </symbol>
      <symbol id="sm-580">
         <name>__aeabi_memset4</name>
         <value>0x3037</value>
         <object_component_ref idref="oc-93"/>
      </symbol>
      <symbol id="sm-581">
         <name>__aeabi_memclr8</name>
         <value>0x3035</value>
         <object_component_ref idref="oc-93"/>
      </symbol>
      <symbol id="sm-582">
         <name>__aeabi_memclr4</name>
         <value>0x3035</value>
         <object_component_ref idref="oc-93"/>
      </symbol>
      <symbol id="sm-583">
         <name>__aeabi_memclr</name>
         <value>0x3035</value>
         <object_component_ref idref="oc-93"/>
      </symbol>
      <symbol id="sm-5ab">
         <name>__TI_auto_init_nobinit_nopinit</name>
         <value>0x3acd</value>
         <object_component_ref idref="oc-153"/>
      </symbol>
      <symbol id="sm-5b5">
         <name>_system_pre_init</name>
         <value>0x4159</value>
         <object_component_ref idref="oc-99"/>
      </symbol>
      <symbol id="sm-720">
         <name>__TI_printfi</name>
         <value>0x26d</value>
         <object_component_ref idref="oc-2cd"/>
      </symbol>
      <symbol id="sm-736">
         <name>atoi</name>
         <value>0x384d</value>
         <object_component_ref idref="oc-424"/>
      </symbol>
      <symbol id="sm-741">
         <name>_ctypes_</name>
         <value>0x4160</value>
         <object_component_ref idref="oc-4d7"/>
      </symbol>
      <symbol id="sm-756">
         <name>__TI_tmpnams</name>
         <value>0x20000af0</value>
      </symbol>
      <symbol id="sm-757">
         <name>__aeabi_stdout</name>
         <value>0x2000047c</value>
         <object_component_ref idref="oc-63f"/>
      </symbol>
      <symbol id="sm-758">
         <name>__aeabi_stderr</name>
         <value>0x20000480</value>
         <object_component_ref idref="oc-63f"/>
      </symbol>
      <symbol id="sm-759">
         <name>__aeabi_stdin</name>
         <value>0x20000478</value>
         <object_component_ref idref="oc-63f"/>
      </symbol>
      <symbol id="sm-75a">
         <name>_ftable</name>
         <value>0x2000026c</value>
         <object_component_ref idref="oc-2d3"/>
      </symbol>
      <symbol id="sm-75b">
         <name>__TI_ft_end</name>
         <value>0x20000474</value>
         <object_component_ref idref="oc-63f"/>
      </symbol>
      <symbol id="sm-770">
         <name>putc</name>
         <value>0x2e9d</value>
         <object_component_ref idref="oc-476"/>
      </symbol>
      <symbol id="sm-771">
         <name>fputc</name>
         <value>0x2e9d</value>
         <object_component_ref idref="oc-476"/>
      </symbol>
      <symbol id="sm-78f">
         <name>fputs</name>
         <value>0x26f1</value>
         <object_component_ref idref="oc-46f"/>
      </symbol>
      <symbol id="sm-79e">
         <name>ltoa</name>
         <value>0x3759</value>
         <object_component_ref idref="oc-4f7"/>
      </symbol>
      <symbol id="sm-7ae">
         <name>memccpy</name>
         <value>0x3fc1</value>
         <object_component_ref idref="oc-44d"/>
      </symbol>
      <symbol id="sm-7be">
         <name>memchr</name>
         <value>0x3fa1</value>
         <object_component_ref idref="oc-55c"/>
      </symbol>
      <symbol id="sm-7ce">
         <name>strchr</name>
         <value>0x4025</value>
         <object_component_ref idref="oc-52e"/>
      </symbol>
      <symbol id="sm-7dc">
         <name>strlen</name>
         <value>0x4077</value>
         <object_component_ref idref="oc-41e"/>
      </symbol>
      <symbol id="sm-7ee">
         <name>parmbuf</name>
         <value>0x20000b90</value>
      </symbol>
      <symbol id="sm-7ef">
         <name>HOSTopen</name>
         <value>0x3541</value>
         <object_component_ref idref="oc-645"/>
      </symbol>
      <symbol id="sm-815">
         <name>_stream</name>
         <value>0x200003d4</value>
         <object_component_ref idref="oc-5cd"/>
      </symbol>
      <symbol id="sm-816">
         <name>_device</name>
         <value>0x2000035c</value>
         <object_component_ref idref="oc-60d"/>
      </symbol>
      <symbol id="sm-817">
         <name>write</name>
         <value>0x3f35</value>
         <object_component_ref idref="oc-568"/>
      </symbol>
      <symbol id="sm-837">
         <name>frexpl</name>
         <value>0x3415</value>
         <object_component_ref idref="oc-522"/>
      </symbol>
      <symbol id="sm-838">
         <name>frexp</name>
         <value>0x3415</value>
         <object_component_ref idref="oc-522"/>
      </symbol>
      <symbol id="sm-855">
         <name>scalbn</name>
         <value>0x2805</value>
         <object_component_ref idref="oc-528"/>
      </symbol>
      <symbol id="sm-856">
         <name>scalbnl</name>
         <value>0x2805</value>
         <object_component_ref idref="oc-528"/>
      </symbol>
      <symbol id="sm-857">
         <name>ldexpl</name>
         <value>0x2805</value>
         <object_component_ref idref="oc-528"/>
      </symbol>
      <symbol id="sm-858">
         <name>ldexp</name>
         <value>0x2805</value>
         <object_component_ref idref="oc-528"/>
      </symbol>
      <symbol id="sm-862">
         <name>copysign</name>
         <value>0x404f</value>
         <object_component_ref idref="oc-59f"/>
      </symbol>
      <symbol id="sm-863">
         <name>copysignl</name>
         <value>0x404f</value>
         <object_component_ref idref="oc-59f"/>
      </symbol>
      <symbol id="sm-87c">
         <name>wcslen</name>
         <value>0x40af</value>
         <object_component_ref idref="oc-453"/>
      </symbol>
      <symbol id="sm-893">
         <name>__aeabi_dsub</name>
         <value>0x2075</value>
         <object_component_ref idref="oc-502"/>
      </symbol>
      <symbol id="sm-894">
         <name>__aeabi_dadd</name>
         <value>0x207f</value>
         <object_component_ref idref="oc-502"/>
      </symbol>
      <symbol id="sm-8b6">
         <name>__aeabi_cdcmpeq</name>
         <value>0x2f29</value>
         <object_component_ref idref="oc-430"/>
      </symbol>
      <symbol id="sm-8b7">
         <name>__aeabi_cdcmple</name>
         <value>0x2f29</value>
         <object_component_ref idref="oc-430"/>
      </symbol>
      <symbol id="sm-8b8">
         <name>__aeabi_cdrcmple</name>
         <value>0x2faf</value>
         <object_component_ref idref="oc-4ed"/>
      </symbol>
      <symbol id="sm-8cc">
         <name>__aeabi_ddiv</name>
         <value>0x2369</value>
         <object_component_ref idref="oc-4e8"/>
      </symbol>
      <symbol id="sm-8d7">
         <name>__aeabi_dmul</name>
         <value>0x2915</value>
         <object_component_ref idref="oc-4e3"/>
      </symbol>
      <symbol id="sm-8e1">
         <name>__aeabi_d2iz</name>
         <value>0x3971</value>
         <object_component_ref idref="oc-4f2"/>
      </symbol>
      <symbol id="sm-8eb">
         <name>__aeabi_i2d</name>
         <value>0x3e5d</value>
         <object_component_ref idref="oc-4fd"/>
      </symbol>
      <symbol id="sm-8f8">
         <name>__aeabi_uldivmod</name>
         <value>0x2e07</value>
         <object_component_ref idref="oc-4dc"/>
      </symbol>
      <symbol id="sm-90e">
         <name>__aeabi_errno_addr</name>
         <value>0x4131</value>
         <object_component_ref idref="oc-459"/>
      </symbol>
      <symbol id="sm-90f">
         <name>errno</name>
         <value>0x200007c4</value>
         <object_component_ref idref="oc-53e"/>
      </symbol>
      <symbol id="sm-927">
         <name>__TI_wrt_ok</name>
         <value>0x34dd</value>
         <object_component_ref idref="oc-556"/>
      </symbol>
      <symbol id="sm-937">
         <name>__TI_doflush</name>
         <value>0x37ff</value>
         <object_component_ref idref="oc-562"/>
      </symbol>
      <symbol id="sm-949">
         <name>fseek</name>
         <value>0x3479</value>
         <object_component_ref idref="oc-5bb"/>
      </symbol>
      <symbol id="sm-959">
         <name>lseek</name>
         <value>0x3ee5</value>
         <object_component_ref idref="oc-5e6"/>
      </symbol>
      <symbol id="sm-975">
         <name>setvbuf</name>
         <value>0x2b05</value>
         <object_component_ref idref="oc-5c1"/>
      </symbol>
      <symbol id="sm-986">
         <name>HOSTclose</name>
         <value>0x3a01</value>
         <object_component_ref idref="oc-64b"/>
      </symbol>
      <symbol id="sm-997">
         <name>HOSTlseek</name>
         <value>0x320d</value>
         <object_component_ref idref="oc-65d"/>
      </symbol>
      <symbol id="sm-9a8">
         <name>HOSTread</name>
         <value>0x35fd</value>
         <object_component_ref idref="oc-651"/>
      </symbol>
      <symbol id="sm-9b9">
         <name>HOSTrename</name>
         <value>0x3275</value>
         <object_component_ref idref="oc-669"/>
      </symbol>
      <symbol id="sm-9ca">
         <name>HOSTunlink</name>
         <value>0x3a45</value>
         <object_component_ref idref="oc-663"/>
      </symbol>
      <symbol id="sm-9db">
         <name>HOSTwrite</name>
         <value>0x3655</value>
         <object_component_ref idref="oc-657"/>
      </symbol>
      <symbol id="sm-a56">
         <name>_sys_memory</name>
         <value>0x20000b98</value>
         <object_component_ref idref="oc-24"/>
      </symbol>
      <symbol id="sm-a57">
         <name>free</name>
         <value>0x2be1</value>
         <object_component_ref idref="oc-5ee"/>
      </symbol>
      <symbol id="sm-a58">
         <name>malloc</name>
         <value>0x30b1</value>
         <object_component_ref idref="oc-5f4"/>
      </symbol>
      <symbol id="sm-a59">
         <name>minit</name>
         <value>0x3cb9</value>
         <object_component_ref idref="oc-622"/>
      </symbol>
      <symbol id="sm-a69">
         <name>__TI_cleanup</name>
         <value>0x3d91</value>
         <object_component_ref idref="oc-5fa"/>
      </symbol>
      <symbol id="sm-a78">
         <name>strcpy</name>
         <value>0x4063</value>
         <object_component_ref idref="oc-694"/>
      </symbol>
      <symbol id="sm-a8d">
         <name>__TI_closefile</name>
         <value>0x3129</value>
         <object_component_ref idref="oc-639"/>
      </symbol>
      <symbol id="sm-ab0">
         <name>finddevice</name>
         <value>0x3e2d</value>
         <object_component_ref idref="oc-6be"/>
      </symbol>
      <symbol id="sm-ab1">
         <name>getdevice</name>
         <value>0x3b11</value>
         <object_component_ref idref="oc-69e"/>
      </symbol>
      <symbol id="sm-ac1">
         <name>strcmp</name>
         <value>0x400d</value>
         <object_component_ref idref="oc-6d1"/>
      </symbol>
      <symbol id="sm-ad1">
         <name>strncpy</name>
         <value>0x3cf1</value>
         <object_component_ref idref="oc-6b8"/>
      </symbol>
      <symbol id="sm-ae1">
         <name>unlink</name>
         <value>0x3e8d</value>
         <object_component_ref idref="oc-67e"/>
      </symbol>
      <symbol id="sm-af5">
         <name>close</name>
         <value>0x35a1</value>
         <object_component_ref idref="oc-678"/>
      </symbol>
      <symbol id="sm-b93">
         <name>GPIOIntRegister</name>
         <value>0x3fdd</value>
         <object_component_ref idref="oc-11c"/>
      </symbol>
      <symbol id="sm-b94">
         <name>GPIOPinConfigure</name>
         <value>0x3899</value>
         <object_component_ref idref="oc-20c"/>
      </symbol>
      <symbol id="sm-b95">
         <name>GPIOIntDisable</name>
         <value>0x40c1</value>
         <object_component_ref idref="oc-e5"/>
      </symbol>
      <symbol id="sm-b96">
         <name>GPIOIntEnable</name>
         <value>0x40f9</value>
         <object_component_ref idref="oc-f1"/>
      </symbol>
      <symbol id="sm-b97">
         <name>GPIOIntTypeSet</name>
         <value>0x36ad</value>
         <object_component_ref idref="oc-122"/>
      </symbol>
      <symbol id="sm-b98">
         <name>GPIOPinTypeGPIOInput</name>
         <value>0x408b</value>
         <object_component_ref idref="oc-110"/>
      </symbol>
      <symbol id="sm-b99">
         <name>GPIOIntClear</name>
         <value>0x4139</value>
         <object_component_ref idref="oc-f8"/>
      </symbol>
      <symbol id="sm-b9a">
         <name>GPIOPinTypeUART</name>
         <value>0x409d</value>
         <object_component_ref idref="oc-212"/>
      </symbol>
      <symbol id="sm-b9b">
         <name>GPIOIntStatus</name>
         <value>0x40cf</value>
         <object_component_ref idref="oc-df"/>
      </symbol>
      <symbol id="sm-b9c">
         <name>GPIOPinTypeGPIOOutput</name>
         <value>0x3ff5</value>
         <object_component_ref idref="oc-10a"/>
      </symbol>
      <symbol id="sm-b9d">
         <name>GPIODirModeSet</name>
         <value>0x3eb9</value>
         <object_component_ref idref="oc-29a"/>
      </symbol>
      <symbol id="sm-b9e">
         <name>GPIOPinWrite</name>
         <value>0x413f</value>
         <object_component_ref idref="oc-eb"/>
      </symbol>
      <symbol id="sm-b9f">
         <name>GPIOPadConfigSet</name>
         <value>0x249f</value>
         <object_component_ref idref="oc-116"/>
      </symbol>
      <symbol id="sm-bd8">
         <name>IntEnable</name>
         <value>0x32dd</value>
         <object_component_ref idref="oc-2af"/>
      </symbol>
      <symbol id="sm-bd9">
         <name>IntRegister</name>
         <value>0x3d29</value>
         <object_component_ref idref="oc-2a9"/>
      </symbol>
      <symbol id="sm-bda">
         <name>g_pfnRAMVectors</name>
         <value>0x20000000</value>
         <object_component_ref idref="oc-3eb"/>
      </symbol>
      <symbol id="sm-c11">
         <name>SysCtlPeripheralPresent</name>
         <value>0x3c11</value>
         <object_component_ref idref="oc-30a"/>
      </symbol>
      <symbol id="sm-c12">
         <name>SysCtlClockSet</name>
         <value>0x2a11</value>
         <object_component_ref idref="oc-fe"/>
      </symbol>
      <symbol id="sm-c13">
         <name>SysCtlDelay</name>
         <value>0x4145</value>
         <object_component_ref idref="oc-f7"/>
      </symbol>
      <symbol id="sm-c14">
         <name>SysCtlPeripheralEnable</name>
         <value>0x3d5d</value>
         <object_component_ref idref="oc-104"/>
      </symbol>
      <symbol id="sm-c4f">
         <name>UARTConfigSetExpClk</name>
         <value>0x39b9</value>
         <object_component_ref idref="oc-310"/>
      </symbol>
      <symbol id="sm-c50">
         <name>UARTDisable</name>
         <value>0x3f81</value>
         <object_component_ref idref="oc-49c"/>
      </symbol>
      <symbol id="sm-c51">
         <name>UARTClockSourceSet</name>
         <value>0x414b</value>
         <object_component_ref idref="oc-218"/>
      </symbol>
      <symbol id="sm-c52">
         <name>UARTCharPut</name>
         <value>0x4127</value>
         <object_component_ref idref="oc-31c"/>
      </symbol>
      <symbol id="sm-c53">
         <name>UARTEnable</name>
         <value>0x403b</value>
         <object_component_ref idref="oc-316"/>
      </symbol>
      <symbol id="sm-c54">
         <name>UARTCharGet</name>
         <value>0x411d</value>
         <object_component_ref idref="oc-322"/>
      </symbol>
      <symbol id="sm-c56">
         <name>__TI_static_base__</name>
         <value>0x0</value>
      </symbol>
      <symbol id="sm-c59">
         <name>__mpu_init</name>
         <value>0x0</value>
      </symbol>
      <symbol id="sm-c5a">
         <name>_system_post_cinit</name>
         <value>0x0</value>
      </symbol>
      <symbol id="sm-c5b">
         <name>remove</name>
         <value>0x3e8d</value>
      </symbol>
   </symbol_table>
   <title>Link successful</title>
</link_info>
