******************************************************************************
                  TI ARM Linker PC v18.1.2                     
******************************************************************************
>> Linked Mon Jul  9 22:24:14 2018

OUTPUT FILE NAME:   <Robot_Driver.out>
ENTRY POINT SYMBOL: "_c_int00_noargs"  address: 0000163d


MEMORY CONFIGURATION

         name            origin    length      used     unused   attr    fill
----------------------  --------  ---------  --------  --------  ----  --------
  FLASH                 00000000   00040000  00001cb2  0003e34e  R  X
  SRAM                  20000000   00008000  00000910  000076f0  RW X


SEGMENT ALLOCATION MAP

run origin  load origin   length   init length attrs members
----------  ----------- ---------- ----------- ----- -------
00000000    00000000    00001cb8   00001cb8    r-x
  00000000    00000000    0000026c   0000026c    r-- .intvecs
  0000026c    0000026c    00001646   00001646    r-x .text
  000018b4    000018b4    000002e0   000002e0    r-- .const
  00001b98    00001b98    00000120   00000120    r-- .cinit
20000000    20000000    00000910   00000000    rw-
  20000000    20000000    0000026c   00000000    rw- .vtable
  2000026c    2000026c    0000037c   00000000    rw- .data
  200005e8    200005e8    00000200   00000000    rw- .stack
  200007e8    200007e8    00000128   00000000    rw- .bss


SECTION ALLOCATION MAP

 output                                  attributes/
section   page    origin      length       input sections
--------  ----  ----------  ----------   ----------------
.intvecs   0    00000000    0000026c     
                  00000000    0000026c     tm4c123gh6pm_startup_ccs.obj (.intvecs)

.text      0    0000026c    00001646     
                  0000026c    00000614     movement.obj (.text)
                  00000880    0000049c     uartstdio.obj (.text)
                  00000d1c    00000324     main.obj (.text)
                  00001040    00000132     driverlib.lib : gpio.obj (.text:GPIOPadConfigSet)
                  00001172    00000002     rtsv7M4_T_le_v4SPD16_eabi.lib : _lock.c.obj (.text:_nop)
                  00001174    000000f4     driverlib.lib : sysctl.obj (.text:SysCtlClockSet)
                  00001268    0000009c     rtsv7M4_T_le_v4SPD16_eabi.lib : memcpy_t2.asm.obj (.text)
                  00001304    00000068     driverlib.lib : interrupt.obj (.text:IntEnable)
                  0000136c    00000068     rtsv7M4_T_le_v4SPD16_eabi.lib : copy_decompress_lzss.c.obj (.text:decompress:lzss:__TI_decompress_lzss)
                  000013d4    00000056     driverlib.lib : gpio.obj (.text:GPIOIntTypeSet)
                  0000142a    00000002     rtsv7M4_T_le_v4SPD16_eabi.lib : div0.asm.obj (.text)
                  0000142c    00000048     driverlib.lib : gpio.obj (.text:GPIOPinConfigure)
                  00001474    00000048     rtsv7M4_T_le_v4SPD16_eabi.lib : hosttime.c.obj (.text:HOSTtime)
                  000014bc    00000046     driverlib.lib : uart.obj (.text:UARTConfigSetExpClk)
                  00001502    00000002     --HOLE-- [fill = 0]
                  00001504    00000044                   : gpio.obj (.text:_GPIOIntNumberGet)
                  00001548    00000044     rtsv7M4_T_le_v4SPD16_eabi.lib : autoinit.c.obj (.text:__TI_auto_init_nobinit_nopinit:__TI_auto_init_nobinit_nopinit)
                  0000158c    00000040                                   : u_divt2.asm.obj (.text)
                  000015cc    00000038     driverlib.lib : sysctl.obj (.text:SysCtlPeripheralPresent)
                  00001604    00000038     rtsv7M4_T_le_v4SPD16_eabi.lib : trgmsg.c.obj (.text:__TI_writemsg)
                  0000163c    00000038                                   : boot_cortex_m.c.obj (.text:_c_int00_noargs:_c_int00_noargs)
                  00001674    00000034     driverlib.lib : interrupt.obj (.text:IntRegister)
                  000016a8    00000034                   : sysctl.obj (.text:SysCtlPeripheralEnable)
                  000016dc    00000034     rtsv7M4_T_le_v4SPD16_eabi.lib : trgmsg.c.obj (.text:__TI_readmsg)
                  00001710    00000034                                   : rand.c.obj (.text:rand)
                  00001744    0000002a     driverlib.lib : gpio.obj (.text:GPIODirModeSet)
                  0000176e    00000002     --HOLE-- [fill = 0]
                  00001770    00000024     rtsv7M4_T_le_v4SPD16_eabi.lib : rand.c.obj (.text:srand)
                  00001794    00000020     driverlib.lib : uart.obj (.text:UARTDisable)
                  000017b4    00000018                   : gpio.obj (.text:GPIOIntRegister)
                  000017cc    00000018                   : gpio.obj (.text:GPIOPinTypeGPIOOutput)
                  000017e4    00000014                   : uart.obj (.text:UARTEnable)
                  000017f8    00000012                   : gpio.obj (.text:GPIOPinTypeGPIOInput)
                  0000180a    00000012                   : gpio.obj (.text:GPIOPinTypeUART)
                  0000181c    00000012     rtsv7M4_T_le_v4SPD16_eabi.lib : copy_zero_init.c.obj (.text:decompress:ZI:__TI_zero_init_nomemset:__TI_zero_init_nomemset)
                  0000182e    0000000e     driverlib.lib : gpio.obj (.text:GPIOIntDisable)
                  0000183c    0000000e                   : gpio.obj (.text:GPIOIntStatus)
                  0000184a    0000000e     rtsv7M4_T_le_v4SPD16_eabi.lib : time.c.obj (.text:__time32)
                  00001858    0000000e                                   : copy_decompress_none.c.obj (.text:decompress:none:__TI_decompress_none)
                  00001866    0000000c     driverlib.lib : gpio.obj (.text:GPIOIntEnable)
                  00001872    0000000c     tm4c123gh6pm_startup_ccs.obj (.text)
                  0000187e    0000000a     driverlib.lib : uart.obj (.text:UARTCharGet)
                  00001888    0000000a                   : uart.obj (.text:UARTCharPut)
                  00001892    00000006                   : gpio.obj (.text:GPIOIntClear)
                  00001898    00000006                   : gpio.obj (.text:GPIOPinWrite)
                  0000189e    00000006                   : sysctl.obj (.text:SysCtlDelay)
                  000018a4    00000006                   : uart.obj (.text:UARTClockSourceSet)
                  000018aa    00000004     rtsv7M4_T_le_v4SPD16_eabi.lib : pre_init.c.obj (.text:_system_pre_init)
                  000018ae    00000004                                   : exit.c.obj (.text:abort:abort)

.const     0    000018b4    000002e0     
                  000018b4    000000d8     driverlib.lib : gpio.obj (.const:g_ppui32GPIOIntMapSnowflake)
                  0000198c    000000c0                   : gpio.obj (.const:g_ppui32GPIOIntMapBlizzard)
                  00001a4c    00000090                   : gpio.obj (.const:g_pui32GPIOBaseAddrs)
                  00001adc    00000070                   : interrupt.obj (.const)
                  00001b4c    00000012     uartstdio.obj (.const:.string)
                  00001b5e    0000000e     movement.obj (.const:.string:$P$T0$1)
                  00001b6c    0000000c     uartstdio.obj (.const:g_ui32UARTBase)
                  00001b78    0000000c     uartstdio.obj (.const:g_ui32UARTPeriph)
                  00001b84    0000000b     movement.obj (.const:.string:$P$T1$2)
                  00001b8f    00000001     --HOLE-- [fill = 0]
                  00001b90    00000004     uartstdio.obj (.const)

.cinit     0    00001b98    00000120     
                  00001b98    000000e9     (.cinit..data.load) [load image, compression = lzss]
                  00001c81    00000003     --HOLE-- [fill = 0]
                  00001c84    0000000c     (__TI_handler_table)
                  00001c90    00000008     (.cinit..bss.load) [load image, compression = zero_init]
                  00001c98    00000008     (.cinit..vtable.load) [load image, compression = zero_init]
                  00001ca0    00000018     (__TI_cinit_table)

.init_array 
*          0    00000000    00000000     UNINITIALIZED

.vtable    0    20000000    0000026c     UNINITIALIZED
                  20000000    0000026c     driverlib.lib : interrupt.obj (.vtable)

.data      0    2000026c    0000037c     UNINITIALIZED
                  2000026c    00000024     main.obj (.data:gameBoard)
                  20000290    0000001a     movement.obj (.data:init)
                  200002aa    00000002     --HOLE--
                  200002ac    00000010     main.obj (.data)
                  200002bc    0000000b     movement.obj (.data:pos0_s1)
                  200002c7    0000000b     movement.obj (.data:pos0_s2)
                  200002d2    0000000b     movement.obj (.data:pos0_s3)
                  200002dd    0000000b     movement.obj (.data:pos0_s4)
                  200002e8    0000000b     movement.obj (.data:pos0_s5)
                  200002f3    0000000b     movement.obj (.data:pos0_s6)
                  200002fe    0000000b     movement.obj (.data:pos1_s1)
                  20000309    0000000b     movement.obj (.data:pos1_s2)
                  20000314    0000000b     movement.obj (.data:pos1_s3)
                  2000031f    0000000b     movement.obj (.data:pos1_s4)
                  2000032a    0000000b     movement.obj (.data:pos1_s5)
                  20000335    0000000b     movement.obj (.data:pos1_s6)
                  20000340    0000000b     movement.obj (.data:pos2_s1)
                  2000034b    0000000b     movement.obj (.data:pos2_s2)
                  20000356    0000000b     movement.obj (.data:pos2_s3)
                  20000361    0000000b     movement.obj (.data:pos2_s4)
                  2000036c    0000000b     movement.obj (.data:pos2_s5)
                  20000377    0000000b     movement.obj (.data:pos2_s6)
                  20000382    0000000b     movement.obj (.data:pos3_s1)
                  2000038d    0000000b     movement.obj (.data:pos3_s2)
                  20000398    0000000b     movement.obj (.data:pos3_s3)
                  200003a3    0000000b     movement.obj (.data:pos3_s4)
                  200003ae    0000000b     movement.obj (.data:pos3_s5)
                  200003b9    0000000b     movement.obj (.data:pos3_s6)
                  200003c4    0000000b     movement.obj (.data:pos4_s1)
                  200003cf    0000000b     movement.obj (.data:pos4_s2)
                  200003da    0000000b     movement.obj (.data:pos4_s3)
                  200003e5    0000000b     movement.obj (.data:pos4_s4)
                  200003f0    0000000b     movement.obj (.data:pos4_s5)
                  200003fb    0000000b     movement.obj (.data:pos4_s6)
                  20000406    0000000b     movement.obj (.data:pos5_s1)
                  20000411    0000000b     movement.obj (.data:pos5_s2)
                  2000041c    0000000b     movement.obj (.data:pos5_s3)
                  20000427    0000000b     movement.obj (.data:pos5_s4)
                  20000432    0000000b     movement.obj (.data:pos5_s5)
                  2000043d    0000000b     movement.obj (.data:pos5_s6)
                  20000448    0000000b     movement.obj (.data:pos6_s1)
                  20000453    0000000b     movement.obj (.data:pos6_s2)
                  2000045e    0000000b     movement.obj (.data:pos6_s3)
                  20000469    0000000b     movement.obj (.data:pos6_s4)
                  20000474    0000000b     movement.obj (.data:pos6_s5)
                  2000047f    0000000b     movement.obj (.data:pos6_s6)
                  2000048a    0000000b     movement.obj (.data:pos7_s1)
                  20000495    0000000b     movement.obj (.data:pos7_s2)
                  200004a0    0000000b     movement.obj (.data:pos7_s3)
                  200004ab    0000000b     movement.obj (.data:pos7_s4)
                  200004b6    0000000b     movement.obj (.data:pos7_s5)
                  200004c1    0000000b     movement.obj (.data:pos7_s6)
                  200004cc    0000000b     movement.obj (.data:pos8_s1)
                  200004d7    0000000b     movement.obj (.data:pos8_s2)
                  200004e2    0000000b     movement.obj (.data:pos8_s3)
                  200004ed    0000000b     movement.obj (.data:pos8_s4)
                  200004f8    0000000b     movement.obj (.data:pos8_s5)
                  20000503    0000000b     movement.obj (.data:pos8_s6)
                  2000050e    0000000b     movement.obj (.data:raise_s1)
                  20000519    0000000b     movement.obj (.data:raise_s2)
                  20000524    0000000b     movement.obj (.data:raise_s3)
                  2000052f    0000000b     movement.obj (.data:raise_s4)
                  2000053a    0000000b     movement.obj (.data:raise_s5)
                  20000545    0000000b     movement.obj (.data:raise_s6)
                  20000550    0000000b     movement.obj (.data:slideO_s1)
                  2000055b    0000000b     movement.obj (.data:slideO_s2)
                  20000566    0000000b     movement.obj (.data:slideO_s3)
                  20000571    0000000b     movement.obj (.data:slideO_s4)
                  2000057c    0000000b     movement.obj (.data:slideO_s5)
                  20000587    0000000b     movement.obj (.data:slideO_s6)
                  20000592    0000000b     movement.obj (.data:slideX_s1)
                  2000059d    0000000b     movement.obj (.data:slideX_s2)
                  200005a8    0000000b     movement.obj (.data:slideX_s3)
                  200005b3    0000000b     movement.obj (.data:slideX_s4)
                  200005be    0000000b     movement.obj (.data:slideX_s5)
                  200005c9    0000000b     movement.obj (.data:slideX_s6)
                  200005d4    00000008     rtsv7M4_T_le_v4SPD16_eabi.lib : _lock.c.obj (.data:$O1$$)
                  200005dc    00000005     uartstdio.obj (.data)
                  200005e1    00000003     --HOLE--
                  200005e4    00000004     rtsv7M4_T_le_v4SPD16_eabi.lib : rand.c.obj (.data)

.bss       0    200007e8    00000128     UNINITIALIZED
                  200007e8    00000120     rtsv7M4_T_le_v4SPD16_eabi.lib : trgmsg.c.obj (.bss:_CIOBUF_)
                  20000908    00000008     (.common:parmbuf)

.stack     0    200005e8    00000200     UNINITIALIZED
                  200005e8    00000004     rtsv7M4_T_le_v4SPD16_eabi.lib : boot_cortex_m.c.obj (.stack)
                  200005ec    000001fc     --HOLE--

MODULE SUMMARY

       Module                         code   ro data   rw data
       ------                         ----   -------   -------
    .\
       movement.obj                   1556   25        818    
       uartstdio.obj                  1180   46        5      
       main.obj                       804    0         52     
       tm4c123gh6pm_startup_ccs.obj   12     620       0      
    +--+------------------------------+------+---------+---------+
       Total:                         3552   691       875    
                                                              
    D:/Installed_Programs/ti/TivaWare_C_Series-2.1.4.178/driverlib/ccs/Debug/driverlib.lib
       gpio.obj                       710    552       0      
       interrupt.obj                  156    112       620    
       sysctl.obj                     358    0         0      
       uart.obj                       148    0         0      
    +--+------------------------------+------+---------+---------+
       Total:                         1372   664       620    
                                                              
    D:\Installed_Programs\ti\ccsv8\tools\compiler\ti-cgt-arm_18.1.2.LTS\lib\rtsv7M4_T_le_v4SPD16_eabi.lib
       trgmsg.c.obj                   108    0         288    
       memcpy_t2.asm.obj              156    0         0      
       copy_decompress_lzss.c.obj     104    0         0      
       rand.c.obj                     88     0         4      
       hosttime.c.obj                 72     0         0      
       autoinit.c.obj                 68     0         0      
       u_divt2.asm.obj                64     0         0      
       boot_cortex_m.c.obj            56     0         0      
       copy_zero_init.c.obj           18     0         0      
       copy_decompress_none.c.obj     14     0         0      
       time.c.obj                     14     0         0      
       _lock.c.obj                    2      0         8      
       hostopen.c.obj                 0      0         8      
       exit.c.obj                     4      0         0      
       pre_init.c.obj                 4      0         0      
       div0.asm.obj                   2      0         0      
    +--+------------------------------+------+---------+---------+
       Total:                         774    0         308    
                                                              
       Stack:                         0      0         512    
       Linker Generated:              0      285       0      
    +--+------------------------------+------+---------+---------+
       Grand Total:                   5698   1640      2315   


LINKER GENERATED COPY TABLES

__TI_cinit_table @ 00001ca0 records: 3, size/record: 8, table size: 24
	.data: load addr=00001b98, load size=000000e9 bytes, run addr=2000026c, run size=0000037c bytes, compression=lzss
	.bss: load addr=00001c90, load size=00000008 bytes, run addr=200007e8, run size=00000128 bytes, compression=zero_init
	.vtable: load addr=00001c98, load size=00000008 bytes, run addr=20000000, run size=0000026c bytes, compression=zero_init


LINKER GENERATED HANDLER TABLE

__TI_handler_table @ 00001c84 records: 3, size/record: 4, table size: 12
	index: 0, handler: __TI_zero_init
	index: 1, handler: __TI_decompress_lzss
	index: 2, handler: __TI_decompress_none


GLOBAL SYMBOLS: SORTED ALPHABETICALLY BY Name 

address   name                          
-------   ----                          
000018af  C$$EXIT                       
00001633  C$$IO$$                       
00001745  GPIODirModeSet                
00001893  GPIOIntClear                  
0000182f  GPIOIntDisable                
00001867  GPIOIntEnable                 
000017b5  GPIOIntRegister               
0000183d  GPIOIntStatus                 
000013d5  GPIOIntTypeSet                
00001041  GPIOPadConfigSet              
0000142d  GPIOPinConfigure              
000017f9  GPIOPinTypeGPIOInput          
000017cd  GPIOPinTypeGPIOOutput         
0000180b  GPIOPinTypeUART               
00001899  GPIOPinWrite                  
00001475  HOSTtime                      
00001305  IntEnable                     
00001675  IntRegister                   
200002ac  Mask7seg                      
00001873  ResetISR                      
00001175  SysCtlClockSet                
0000189f  SysCtlDelay                   
000016a9  SysCtlPeripheralEnable        
000015cd  SysCtlPeripheralPresent       
0000187f  UARTCharGet                   
00001889  UARTCharPut                   
000018a5  UARTClockSourceSet            
000014bd  UARTConfigSetExpClk           
00001795  UARTDisable                   
000017e5  UARTEnable                    
00000881  UARTStdioConfig               
000009c7  UARTgetc                      
0000090d  UARTgets                      
00000ce7  UARTprintf                    
000009ed  UARTvprintf                   
000008c7  UARTwrite                     
200007e8  __CIOBUF_                     
200007e8  __STACK_END                   
00000200  __STACK_SIZE                  
200007e8  __STACK_TOP                   
00001ca0  __TI_CINIT_Base               
00001cb8  __TI_CINIT_Limit              
00001c84  __TI_Handler_Table_Base       
00001c90  __TI_Handler_Table_Limit      
00001549  __TI_auto_init_nobinit_nopinit
0000136d  __TI_decompress_lzss          
00001859  __TI_decompress_none          
ffffffff  __TI_pprof_out_hndl           
ffffffff  __TI_prof_data_size           
ffffffff  __TI_prof_data_start          
000016dd  __TI_readmsg                  
00000000  __TI_static_base__            
00001605  __TI_writemsg                 
0000181d  __TI_zero_init_nomemset       
0000142b  __aeabi_idiv0                 
0000142b  __aeabi_ldiv0                 
00001269  __aeabi_memcpy                
00001269  __aeabi_memcpy4               
00001269  __aeabi_memcpy8               
0000158d  __aeabi_uidiv                 
0000158d  __aeabi_uidivmod              
ffffffff  __binit__                     
ffffffff  __c_args__                    
UNDEFED   __mpu_init                    
200005e8  __stack                       
0000184b  __time32                      
0000163d  _c_int00_noargs               
200005d4  _lock                         
00001173  _nop                          
UNDEFED   _system_post_cinit            
000018ab  _system_pre_init              
200005d8  _unlock                       
000018af  abort                         
ffffffff  binit                         
00000f45  button_setup                  
00000fb1  coinFlip                      
200002b0  count                         
200002b4  currentSlide                  
20000000  g_pfnRAMVectors               
00000000  g_pfnVectors                  
2000026c  gameBoard                     
0000069d  get_block_from_slide          
200002b8  humanTurnDone                 
20000290  init                          
000007cd  initialize                    
00000d1d  main                          
00001269  memcpy                        
0000026d  move                          
00000281  moveBlock                     
00000781  movement_setup                
00000d29  onButtonDown                  
20000908  parmbuf                       
00000fcd  placePiece                    
200002bc  pos0_s1                       
200002c7  pos0_s2                       
200002d2  pos0_s3                       
200002dd  pos0_s4                       
200002e8  pos0_s5                       
200002f3  pos0_s6                       
200002fe  pos1_s1                       
20000309  pos1_s2                       
20000314  pos1_s3                       
2000031f  pos1_s4                       
2000032a  pos1_s5                       
20000335  pos1_s6                       
20000340  pos2_s1                       
2000034b  pos2_s2                       
20000356  pos2_s3                       
20000361  pos2_s4                       
2000036c  pos2_s5                       
20000377  pos2_s6                       
20000382  pos3_s1                       
2000038d  pos3_s2                       
20000398  pos3_s3                       
200003a3  pos3_s4                       
200003ae  pos3_s5                       
200003b9  pos3_s6                       
200003c4  pos4_s1                       
200003cf  pos4_s2                       
200003da  pos4_s3                       
200003e5  pos4_s4                       
200003f0  pos4_s5                       
200003fb  pos4_s6                       
20000406  pos5_s1                       
20000411  pos5_s2                       
2000041c  pos5_s3                       
20000427  pos5_s4                       
20000432  pos5_s5                       
2000043d  pos5_s6                       
20000448  pos6_s1                       
20000453  pos6_s2                       
2000045e  pos6_s3                       
20000469  pos6_s4                       
20000474  pos6_s5                       
2000047f  pos6_s6                       
2000048a  pos7_s1                       
20000495  pos7_s2                       
200004a0  pos7_s3                       
200004ab  pos7_s4                       
200004b6  pos7_s5                       
200004c1  pos7_s6                       
200004cc  pos8_s1                       
200004d7  pos8_s2                       
200004e2  pos8_s3                       
200004ed  pos8_s4                       
200004f8  pos8_s5                       
20000503  pos8_s6                       
00000629  raise_after_slide             
2000050e  raise_s1                      
20000519  raise_s2                      
20000524  raise_s3                      
2000052f  raise_s4                      
2000053a  raise_s5                      
20000545  raise_s6                      
00001711  rand                          
20000550  slideO_s1                     
2000055b  slideO_s2                     
20000566  slideO_s3                     
20000571  slideO_s4                     
2000057c  slideO_s5                     
20000587  slideO_s6                     
20000592  slideX_s1                     
2000059d  slideX_s2                     
200005a8  slideX_s3                     
200005b3  slideX_s4                     
200005be  slideX_s5                     
200005c9  slideX_s6                     
00001771  srand                         
00000721  test_slides_exhaustively      
0000184b  time                          


GLOBAL SYMBOLS: SORTED BY Symbol Address 

address   name                          
-------   ----                          
00000000  __TI_static_base__            
00000000  g_pfnVectors                  
00000200  __STACK_SIZE                  
0000026d  move                          
00000281  moveBlock                     
00000629  raise_after_slide             
0000069d  get_block_from_slide          
00000721  test_slides_exhaustively      
00000781  movement_setup                
000007cd  initialize                    
00000881  UARTStdioConfig               
000008c7  UARTwrite                     
0000090d  UARTgets                      
000009c7  UARTgetc                      
000009ed  UARTvprintf                   
00000ce7  UARTprintf                    
00000d1d  main                          
00000d29  onButtonDown                  
00000f45  button_setup                  
00000fb1  coinFlip                      
00000fcd  placePiece                    
00001041  GPIOPadConfigSet              
00001173  _nop                          
00001175  SysCtlClockSet                
00001269  __aeabi_memcpy                
00001269  __aeabi_memcpy4               
00001269  __aeabi_memcpy8               
00001269  memcpy                        
00001305  IntEnable                     
0000136d  __TI_decompress_lzss          
000013d5  GPIOIntTypeSet                
0000142b  __aeabi_idiv0                 
0000142b  __aeabi_ldiv0                 
0000142d  GPIOPinConfigure              
00001475  HOSTtime                      
000014bd  UARTConfigSetExpClk           
00001549  __TI_auto_init_nobinit_nopinit
0000158d  __aeabi_uidiv                 
0000158d  __aeabi_uidivmod              
000015cd  SysCtlPeripheralPresent       
00001605  __TI_writemsg                 
00001633  C$$IO$$                       
0000163d  _c_int00_noargs               
00001675  IntRegister                   
000016a9  SysCtlPeripheralEnable        
000016dd  __TI_readmsg                  
00001711  rand                          
00001745  GPIODirModeSet                
00001771  srand                         
00001795  UARTDisable                   
000017b5  GPIOIntRegister               
000017cd  GPIOPinTypeGPIOOutput         
000017e5  UARTEnable                    
000017f9  GPIOPinTypeGPIOInput          
0000180b  GPIOPinTypeUART               
0000181d  __TI_zero_init_nomemset       
0000182f  GPIOIntDisable                
0000183d  GPIOIntStatus                 
0000184b  __time32                      
0000184b  time                          
00001859  __TI_decompress_none          
00001867  GPIOIntEnable                 
00001873  ResetISR                      
0000187f  UARTCharGet                   
00001889  UARTCharPut                   
00001893  GPIOIntClear                  
00001899  GPIOPinWrite                  
0000189f  SysCtlDelay                   
000018a5  UARTClockSourceSet            
000018ab  _system_pre_init              
000018af  C$$EXIT                       
000018af  abort                         
00001c84  __TI_Handler_Table_Base       
00001c90  __TI_Handler_Table_Limit      
00001ca0  __TI_CINIT_Base               
00001cb8  __TI_CINIT_Limit              
20000000  g_pfnRAMVectors               
2000026c  gameBoard                     
20000290  init                          
200002ac  Mask7seg                      
200002b0  count                         
200002b4  currentSlide                  
200002b8  humanTurnDone                 
200002bc  pos0_s1                       
200002c7  pos0_s2                       
200002d2  pos0_s3                       
200002dd  pos0_s4                       
200002e8  pos0_s5                       
200002f3  pos0_s6                       
200002fe  pos1_s1                       
20000309  pos1_s2                       
20000314  pos1_s3                       
2000031f  pos1_s4                       
2000032a  pos1_s5                       
20000335  pos1_s6                       
20000340  pos2_s1                       
2000034b  pos2_s2                       
20000356  pos2_s3                       
20000361  pos2_s4                       
2000036c  pos2_s5                       
20000377  pos2_s6                       
20000382  pos3_s1                       
2000038d  pos3_s2                       
20000398  pos3_s3                       
200003a3  pos3_s4                       
200003ae  pos3_s5                       
200003b9  pos3_s6                       
200003c4  pos4_s1                       
200003cf  pos4_s2                       
200003da  pos4_s3                       
200003e5  pos4_s4                       
200003f0  pos4_s5                       
200003fb  pos4_s6                       
20000406  pos5_s1                       
20000411  pos5_s2                       
2000041c  pos5_s3                       
20000427  pos5_s4                       
20000432  pos5_s5                       
2000043d  pos5_s6                       
20000448  pos6_s1                       
20000453  pos6_s2                       
2000045e  pos6_s3                       
20000469  pos6_s4                       
20000474  pos6_s5                       
2000047f  pos6_s6                       
2000048a  pos7_s1                       
20000495  pos7_s2                       
200004a0  pos7_s3                       
200004ab  pos7_s4                       
200004b6  pos7_s5                       
200004c1  pos7_s6                       
200004cc  pos8_s1                       
200004d7  pos8_s2                       
200004e2  pos8_s3                       
200004ed  pos8_s4                       
200004f8  pos8_s5                       
20000503  pos8_s6                       
2000050e  raise_s1                      
20000519  raise_s2                      
20000524  raise_s3                      
2000052f  raise_s4                      
2000053a  raise_s5                      
20000545  raise_s6                      
20000550  slideO_s1                     
2000055b  slideO_s2                     
20000566  slideO_s3                     
20000571  slideO_s4                     
2000057c  slideO_s5                     
20000587  slideO_s6                     
20000592  slideX_s1                     
2000059d  slideX_s2                     
200005a8  slideX_s3                     
200005b3  slideX_s4                     
200005be  slideX_s5                     
200005c9  slideX_s6                     
200005d4  _lock                         
200005d8  _unlock                       
200005e8  __stack                       
200007e8  __CIOBUF_                     
200007e8  __STACK_END                   
200007e8  __STACK_TOP                   
20000908  parmbuf                       
ffffffff  __TI_pprof_out_hndl           
ffffffff  __TI_prof_data_size           
ffffffff  __TI_prof_data_start          
ffffffff  __binit__                     
ffffffff  __c_args__                    
ffffffff  binit                         
UNDEFED   __mpu_init                    
UNDEFED   _system_post_cinit            

[170 symbols]
