<?xml version="1.0" encoding="ISO-8859-1" ?>
<link_info>
   <banner>TI ARM Linker PC v18.1.2.LTS</banner>
   <copyright>Copyright (c) 1996-2017 Texas Instruments Incorporated</copyright>
   <link_time>0x5b4418ce</link_time>
   <link_errors>0x0</link_errors>
   <output_file>Robot_Driver.out</output_file>
   <entry_point>
      <name>_c_int00_noargs</name>
      <address>0x163d</address>
   </entry_point>
   <input_file_list>
      <input_file id="fl-2">
         <path>.\</path>
         <kind>object</kind>
         <file>main.obj</file>
         <name>main.obj</name>
      </input_file>
      <input_file id="fl-3">
         <path>.\</path>
         <kind>object</kind>
         <file>movement.obj</file>
         <name>movement.obj</name>
      </input_file>
      <input_file id="fl-4">
         <path>.\</path>
         <kind>object</kind>
         <file>tm4c123gh6pm_startup_ccs.obj</file>
         <name>tm4c123gh6pm_startup_ccs.obj</name>
      </input_file>
      <input_file id="fl-5">
         <path>.\</path>
         <kind>object</kind>
         <file>uartstdio.obj</file>
         <name>uartstdio.obj</name>
      </input_file>
      <input_file id="fl-a">
         <kind>object</kind>
         <file>&lt;internal&gt;</file>
         <name>&lt;internal&gt;</name>
      </input_file>
      <input_file id="fl-c0">
         <path>D:\Installed_Programs\ti\ccsv8\tools\compiler\ti-cgt-arm_18.1.2.LTS\lib\</path>
         <kind>archive</kind>
         <file>rtsv7M4_T_le_v4SPD16_eabi.lib</file>
         <name>u_divt2.asm.obj</name>
      </input_file>
      <input_file id="fl-c1">
         <path>D:\Installed_Programs\ti\ccsv8\tools\compiler\ti-cgt-arm_18.1.2.LTS\lib\</path>
         <kind>archive</kind>
         <file>rtsv7M4_T_le_v4SPD16_eabi.lib</file>
         <name>memcpy_t2.asm.obj</name>
      </input_file>
      <input_file id="fl-c2">
         <path>D:\Installed_Programs\ti\ccsv8\tools\compiler\ti-cgt-arm_18.1.2.LTS\lib\</path>
         <kind>archive</kind>
         <file>rtsv7M4_T_le_v4SPD16_eabi.lib</file>
         <name>copy_zero_init.c.obj</name>
      </input_file>
      <input_file id="fl-c3">
         <path>D:\Installed_Programs\ti\ccsv8\tools\compiler\ti-cgt-arm_18.1.2.LTS\lib\</path>
         <kind>archive</kind>
         <file>rtsv7M4_T_le_v4SPD16_eabi.lib</file>
         <name>copy_decompress_none.c.obj</name>
      </input_file>
      <input_file id="fl-c4">
         <path>D:\Installed_Programs\ti\ccsv8\tools\compiler\ti-cgt-arm_18.1.2.LTS\lib\</path>
         <kind>archive</kind>
         <file>rtsv7M4_T_le_v4SPD16_eabi.lib</file>
         <name>copy_decompress_lzss.c.obj</name>
      </input_file>
      <input_file id="fl-c5">
         <path>D:\Installed_Programs\ti\ccsv8\tools\compiler\ti-cgt-arm_18.1.2.LTS\lib\</path>
         <kind>archive</kind>
         <file>rtsv7M4_T_le_v4SPD16_eabi.lib</file>
         <name>boot_cortex_m.c.obj</name>
      </input_file>
      <input_file id="fl-c6">
         <path>D:\Installed_Programs\ti\ccsv8\tools\compiler\ti-cgt-arm_18.1.2.LTS\lib\</path>
         <kind>archive</kind>
         <file>rtsv7M4_T_le_v4SPD16_eabi.lib</file>
         <name>exit.c.obj</name>
      </input_file>
      <input_file id="fl-c7">
         <path>D:\Installed_Programs\ti\ccsv8\tools\compiler\ti-cgt-arm_18.1.2.LTS\lib\</path>
         <kind>archive</kind>
         <file>rtsv7M4_T_le_v4SPD16_eabi.lib</file>
         <name>_lock.c.obj</name>
      </input_file>
      <input_file id="fl-c8">
         <path>D:\Installed_Programs\ti\ccsv8\tools\compiler\ti-cgt-arm_18.1.2.LTS\lib\</path>
         <kind>archive</kind>
         <file>rtsv7M4_T_le_v4SPD16_eabi.lib</file>
         <name>args_main.c.obj</name>
      </input_file>
      <input_file id="fl-c9">
         <path>D:\Installed_Programs\ti\ccsv8\tools\compiler\ti-cgt-arm_18.1.2.LTS\lib\</path>
         <kind>archive</kind>
         <file>rtsv7M4_T_le_v4SPD16_eabi.lib</file>
         <name>rand.c.obj</name>
      </input_file>
      <input_file id="fl-ca">
         <path>D:\Installed_Programs\ti\ccsv8\tools\compiler\ti-cgt-arm_18.1.2.LTS\lib\</path>
         <kind>archive</kind>
         <file>rtsv7M4_T_le_v4SPD16_eabi.lib</file>
         <name>time.c.obj</name>
      </input_file>
      <input_file id="fl-cb">
         <path>D:\Installed_Programs\ti\ccsv8\tools\compiler\ti-cgt-arm_18.1.2.LTS\lib\</path>
         <kind>archive</kind>
         <file>rtsv7M4_T_le_v4SPD16_eabi.lib</file>
         <name>hosttime.c.obj</name>
      </input_file>
      <input_file id="fl-cc">
         <path>D:\Installed_Programs\ti\ccsv8\tools\compiler\ti-cgt-arm_18.1.2.LTS\lib\</path>
         <kind>archive</kind>
         <file>rtsv7M4_T_le_v4SPD16_eabi.lib</file>
         <name>trgmsg.c.obj</name>
      </input_file>
      <input_file id="fl-cd">
         <path>D:\Installed_Programs\ti\ccsv8\tools\compiler\ti-cgt-arm_18.1.2.LTS\lib\</path>
         <kind>archive</kind>
         <file>rtsv7M4_T_le_v4SPD16_eabi.lib</file>
         <name>div0.asm.obj</name>
      </input_file>
      <input_file id="fl-ce">
         <path>D:\Installed_Programs\ti\ccsv8\tools\compiler\ti-cgt-arm_18.1.2.LTS\lib\</path>
         <kind>archive</kind>
         <file>rtsv7M4_T_le_v4SPD16_eabi.lib</file>
         <name>memset_t2.asm.obj</name>
      </input_file>
      <input_file id="fl-cf">
         <path>D:\Installed_Programs\ti\ccsv8\tools\compiler\ti-cgt-arm_18.1.2.LTS\lib\</path>
         <kind>archive</kind>
         <file>rtsv7M4_T_le_v4SPD16_eabi.lib</file>
         <name>autoinit.c.obj</name>
      </input_file>
      <input_file id="fl-d0">
         <path>D:\Installed_Programs\ti\ccsv8\tools\compiler\ti-cgt-arm_18.1.2.LTS\lib\</path>
         <kind>archive</kind>
         <file>rtsv7M4_T_le_v4SPD16_eabi.lib</file>
         <name>pre_init.c.obj</name>
      </input_file>
      <input_file id="fl-d1">
         <path>D:\Installed_Programs\ti\ccsv8\tools\compiler\ti-cgt-arm_18.1.2.LTS\lib\</path>
         <kind>archive</kind>
         <file>rtsv7M4_T_le_v4SPD16_eabi.lib</file>
         <name>cpy_tbl.c.obj</name>
      </input_file>
      <input_file id="fl-d2">
         <path>D:\Installed_Programs\ti\ccsv8\tools\compiler\ti-cgt-arm_18.1.2.LTS\lib\</path>
         <kind>archive</kind>
         <file>rtsv7M4_T_le_v4SPD16_eabi.lib</file>
         <name>hostopen.c.obj</name>
      </input_file>
      <input_file id="fl-d3">
         <path>D:\Installed_Programs\ti\ccsv8\tools\compiler\ti-cgt-arm_18.1.2.LTS\lib\</path>
         <kind>archive</kind>
         <file>rtsv7M4_T_le_v4SPD16_eabi.lib</file>
         <name>strlen.c.obj</name>
      </input_file>
      <input_file id="fl-d4">
         <path>D:\Installed_Programs\ti\TivaWare_C_Series-2.1.4.178\driverlib\ccs\Debug\</path>
         <kind>archive</kind>
         <file>driverlib.lib</file>
         <name>gpio.obj</name>
      </input_file>
      <input_file id="fl-d5">
         <path>D:\Installed_Programs\ti\TivaWare_C_Series-2.1.4.178\driverlib\ccs\Debug\</path>
         <kind>archive</kind>
         <file>driverlib.lib</file>
         <name>interrupt.obj</name>
      </input_file>
      <input_file id="fl-d6">
         <path>D:\Installed_Programs\ti\TivaWare_C_Series-2.1.4.178\driverlib\ccs\Debug\</path>
         <kind>archive</kind>
         <file>driverlib.lib</file>
         <name>sysctl.obj</name>
      </input_file>
      <input_file id="fl-d7">
         <path>D:\Installed_Programs\ti\TivaWare_C_Series-2.1.4.178\driverlib\ccs\Debug\</path>
         <kind>archive</kind>
         <file>driverlib.lib</file>
         <name>uart.obj</name>
      </input_file>
      <input_file id="fl-d8">
         <path>D:\Installed_Programs\ti\TivaWare_C_Series-2.1.4.178\driverlib\ccs\Debug\</path>
         <kind>archive</kind>
         <file>driverlib.lib</file>
         <name>cpu.obj</name>
      </input_file>
   </input_file_list>
   <object_component_list>
      <object_component id="oc-f">
         <name>.intvecs</name>
         <load_address>0x0</load_address>
         <run_address>0x0</run_address>
         <size>0x26c</size>
         <input_file_ref idref="fl-4"/>
      </object_component>
      <object_component id="oc-c6">
         <name>.text</name>
         <load_address>0x26c</load_address>
         <run_address>0x26c</run_address>
         <size>0x614</size>
         <input_file_ref idref="fl-3"/>
      </object_component>
      <object_component id="oc-178">
         <name>.text</name>
         <load_address>0x880</load_address>
         <run_address>0x880</run_address>
         <size>0x49c</size>
         <input_file_ref idref="fl-5"/>
      </object_component>
      <object_component id="oc-98">
         <name>.text</name>
         <load_address>0xd1c</load_address>
         <run_address>0xd1c</run_address>
         <size>0x324</size>
         <input_file_ref idref="fl-2"/>
      </object_component>
      <object_component id="oc-103">
         <name>.text:GPIOPadConfigSet</name>
         <load_address>0x1040</load_address>
         <run_address>0x1040</run_address>
         <size>0x132</size>
         <input_file_ref idref="fl-d4"/>
      </object_component>
      <object_component id="oc-3e0">
         <name>.text:_nop</name>
         <load_address>0x1172</load_address>
         <run_address>0x1172</run_address>
         <size>0x2</size>
         <input_file_ref idref="fl-c7"/>
      </object_component>
      <object_component id="oc-eb">
         <name>.text:SysCtlClockSet</name>
         <load_address>0x1174</load_address>
         <run_address>0x1174</run_address>
         <size>0xf4</size>
         <input_file_ref idref="fl-d6"/>
      </object_component>
      <object_component id="oc-38">
         <name>.text</name>
         <load_address>0x1268</load_address>
         <run_address>0x1268</run_address>
         <size>0x9c</size>
         <input_file_ref idref="fl-c1"/>
      </object_component>
      <object_component id="oc-296">
         <name>.text:IntEnable</name>
         <load_address>0x1304</load_address>
         <run_address>0x1304</run_address>
         <size>0x68</size>
         <input_file_ref idref="fl-d5"/>
      </object_component>
      <object_component id="oc-12">
         <name>.text:decompress:lzss:__TI_decompress_lzss</name>
         <load_address>0x136c</load_address>
         <run_address>0x136c</run_address>
         <size>0x68</size>
         <input_file_ref idref="fl-c4"/>
      </object_component>
      <object_component id="oc-10f">
         <name>.text:GPIOIntTypeSet</name>
         <load_address>0x13d4</load_address>
         <run_address>0x13d4</run_address>
         <size>0x56</size>
         <input_file_ref idref="fl-d4"/>
      </object_component>
      <object_component id="oc-416">
         <name>.text</name>
         <load_address>0x142a</load_address>
         <run_address>0x142a</run_address>
         <size>0x2</size>
         <input_file_ref idref="fl-cd"/>
      </object_component>
      <object_component id="oc-1f3">
         <name>.text:GPIOPinConfigure</name>
         <load_address>0x142c</load_address>
         <run_address>0x142c</run_address>
         <size>0x48</size>
         <input_file_ref idref="fl-d4"/>
      </object_component>
      <object_component id="oc-29e">
         <name>.text:HOSTtime</name>
         <load_address>0x1474</load_address>
         <run_address>0x1474</run_address>
         <size>0x48</size>
         <input_file_ref idref="fl-cb"/>
      </object_component>
      <object_component id="oc-2db">
         <name>.text:UARTConfigSetExpClk</name>
         <load_address>0x14bc</load_address>
         <run_address>0x14bc</run_address>
         <size>0x46</size>
         <input_file_ref idref="fl-d7"/>
      </object_component>
      <object_component id="oc-28a">
         <name>.text:_GPIOIntNumberGet</name>
         <load_address>0x1504</load_address>
         <run_address>0x1504</run_address>
         <size>0x44</size>
         <input_file_ref idref="fl-d4"/>
      </object_component>
      <object_component id="oc-13a">
         <name>.text:__TI_auto_init_nobinit_nopinit:__TI_auto_init_nobinit_nopinit</name>
         <load_address>0x1548</load_address>
         <run_address>0x1548</run_address>
         <size>0x44</size>
         <input_file_ref idref="fl-cf"/>
      </object_component>
      <object_component id="oc-2fc">
         <name>.text</name>
         <load_address>0x158c</load_address>
         <run_address>0x158c</run_address>
         <size>0x40</size>
         <input_file_ref idref="fl-c0"/>
      </object_component>
      <object_component id="oc-2d5">
         <name>.text:SysCtlPeripheralPresent</name>
         <load_address>0x15cc</load_address>
         <run_address>0x15cc</run_address>
         <size>0x38</size>
         <input_file_ref idref="fl-d6"/>
      </object_component>
      <object_component id="oc-3c4">
         <name>.text:__TI_writemsg</name>
         <load_address>0x1604</load_address>
         <run_address>0x1604</run_address>
         <size>0x38</size>
         <input_file_ref idref="fl-cc"/>
      </object_component>
      <object_component id="oc-56">
         <name>.text:_c_int00_noargs:_c_int00_noargs</name>
         <load_address>0x163c</load_address>
         <run_address>0x163c</run_address>
         <size>0x38</size>
         <input_file_ref idref="fl-c5"/>
      </object_component>
      <object_component id="oc-290">
         <name>.text:IntRegister</name>
         <load_address>0x1674</load_address>
         <run_address>0x1674</run_address>
         <size>0x34</size>
         <input_file_ref idref="fl-d5"/>
      </object_component>
      <object_component id="oc-f1">
         <name>.text:SysCtlPeripheralEnable</name>
         <load_address>0x16a8</load_address>
         <run_address>0x16a8</run_address>
         <size>0x34</size>
         <input_file_ref idref="fl-d6"/>
      </object_component>
      <object_component id="oc-3ca">
         <name>.text:__TI_readmsg</name>
         <load_address>0x16dc</load_address>
         <run_address>0x16dc</run_address>
         <size>0x34</size>
         <input_file_ref idref="fl-cc"/>
      </object_component>
      <object_component id="oc-121">
         <name>.text:rand</name>
         <load_address>0x1710</load_address>
         <run_address>0x1710</run_address>
         <size>0x34</size>
         <input_file_ref idref="fl-c9"/>
      </object_component>
      <object_component id="oc-281">
         <name>.text:GPIODirModeSet</name>
         <load_address>0x1744</load_address>
         <run_address>0x1744</run_address>
         <size>0x2a</size>
         <input_file_ref idref="fl-d4"/>
      </object_component>
      <object_component id="oc-11b">
         <name>.text:srand</name>
         <load_address>0x1770</load_address>
         <run_address>0x1770</run_address>
         <size>0x24</size>
         <input_file_ref idref="fl-c9"/>
      </object_component>
      <object_component id="oc-406">
         <name>.text:UARTDisable</name>
         <load_address>0x1794</load_address>
         <run_address>0x1794</run_address>
         <size>0x20</size>
         <input_file_ref idref="fl-d7"/>
      </object_component>
      <object_component id="oc-109">
         <name>.text:GPIOIntRegister</name>
         <load_address>0x17b4</load_address>
         <run_address>0x17b4</run_address>
         <size>0x18</size>
         <input_file_ref idref="fl-d4"/>
      </object_component>
      <object_component id="oc-f7">
         <name>.text:GPIOPinTypeGPIOOutput</name>
         <load_address>0x17cc</load_address>
         <run_address>0x17cc</run_address>
         <size>0x18</size>
         <input_file_ref idref="fl-d4"/>
      </object_component>
      <object_component id="oc-2e1">
         <name>.text:UARTEnable</name>
         <load_address>0x17e4</load_address>
         <run_address>0x17e4</run_address>
         <size>0x14</size>
         <input_file_ref idref="fl-d7"/>
      </object_component>
      <object_component id="oc-fd">
         <name>.text:GPIOPinTypeGPIOInput</name>
         <load_address>0x17f8</load_address>
         <run_address>0x17f8</run_address>
         <size>0x12</size>
         <input_file_ref idref="fl-d4"/>
      </object_component>
      <object_component id="oc-1f9">
         <name>.text:GPIOPinTypeUART</name>
         <load_address>0x180a</load_address>
         <run_address>0x180a</run_address>
         <size>0x12</size>
         <input_file_ref idref="fl-d4"/>
      </object_component>
      <object_component id="oc-44">
         <name>.text:decompress:ZI:__TI_zero_init_nomemset:__TI_zero_init_nomemset</name>
         <load_address>0x181c</load_address>
         <run_address>0x181c</run_address>
         <size>0x12</size>
         <input_file_ref idref="fl-c2"/>
      </object_component>
      <object_component id="oc-d2">
         <name>.text:GPIOIntDisable</name>
         <load_address>0x182e</load_address>
         <run_address>0x182e</run_address>
         <size>0xe</size>
         <input_file_ref idref="fl-d4"/>
      </object_component>
      <object_component id="oc-cc">
         <name>.text:GPIOIntStatus</name>
         <load_address>0x183c</load_address>
         <run_address>0x183c</run_address>
         <size>0xe</size>
         <input_file_ref idref="fl-d4"/>
      </object_component>
      <object_component id="oc-115">
         <name>.text:__time32</name>
         <load_address>0x184a</load_address>
         <run_address>0x184a</run_address>
         <size>0xe</size>
         <input_file_ref idref="fl-ca"/>
      </object_component>
      <object_component id="oc-18">
         <name>.text:decompress:none:__TI_decompress_none</name>
         <load_address>0x1858</load_address>
         <run_address>0x1858</run_address>
         <size>0xe</size>
         <input_file_ref idref="fl-c3"/>
      </object_component>
      <object_component id="oc-de">
         <name>.text:GPIOIntEnable</name>
         <load_address>0x1866</load_address>
         <run_address>0x1866</run_address>
         <size>0xc</size>
         <input_file_ref idref="fl-d4"/>
      </object_component>
      <object_component id="oc-24">
         <name>.text</name>
         <load_address>0x1872</load_address>
         <run_address>0x1872</run_address>
         <size>0xc</size>
         <input_file_ref idref="fl-4"/>
      </object_component>
      <object_component id="oc-2ed">
         <name>.text:UARTCharGet</name>
         <load_address>0x187e</load_address>
         <run_address>0x187e</run_address>
         <size>0xa</size>
         <input_file_ref idref="fl-d7"/>
      </object_component>
      <object_component id="oc-2e7">
         <name>.text:UARTCharPut</name>
         <load_address>0x1888</load_address>
         <run_address>0x1888</run_address>
         <size>0xa</size>
         <input_file_ref idref="fl-d7"/>
      </object_component>
      <object_component id="oc-e5">
         <name>.text:GPIOIntClear</name>
         <load_address>0x1892</load_address>
         <run_address>0x1892</run_address>
         <size>0x6</size>
         <input_file_ref idref="fl-d4"/>
      </object_component>
      <object_component id="oc-d8">
         <name>.text:GPIOPinWrite</name>
         <load_address>0x1898</load_address>
         <run_address>0x1898</run_address>
         <size>0x6</size>
         <input_file_ref idref="fl-d4"/>
      </object_component>
      <object_component id="oc-e4">
         <name>.text:SysCtlDelay</name>
         <load_address>0x189e</load_address>
         <run_address>0x189e</run_address>
         <size>0x6</size>
         <input_file_ref idref="fl-d6"/>
      </object_component>
      <object_component id="oc-1ff">
         <name>.text:UARTClockSourceSet</name>
         <load_address>0x18a4</load_address>
         <run_address>0x18a4</run_address>
         <size>0x6</size>
         <input_file_ref idref="fl-d7"/>
      </object_component>
      <object_component id="oc-92">
         <name>.text:_system_pre_init</name>
         <load_address>0x18aa</load_address>
         <run_address>0x18aa</run_address>
         <size>0x4</size>
         <input_file_ref idref="fl-d0"/>
      </object_component>
      <object_component id="oc-12e">
         <name>.text:abort:abort</name>
         <load_address>0x18ae</load_address>
         <run_address>0x18ae</run_address>
         <size>0x4</size>
         <input_file_ref idref="fl-c6"/>
      </object_component>
      <object_component id="oc-3b7">
         <name>.const:g_ppui32GPIOIntMapSnowflake</name>
         <load_address>0x18b4</load_address>
         <run_address>0x18b4</run_address>
         <size>0xd8</size>
         <input_file_ref idref="fl-d4"/>
      </object_component>
      <object_component id="oc-3b4">
         <name>.const:g_ppui32GPIOIntMapBlizzard</name>
         <load_address>0x198c</load_address>
         <run_address>0x198c</run_address>
         <size>0xc0</size>
         <input_file_ref idref="fl-d4"/>
      </object_component>
      <object_component id="oc-359">
         <name>.const:g_pui32GPIOBaseAddrs</name>
         <load_address>0x1a4c</load_address>
         <run_address>0x1a4c</run_address>
         <size>0x90</size>
         <input_file_ref idref="fl-d4"/>
      </object_component>
      <object_component id="oc-3c0">
         <name>.const</name>
         <load_address>0x1adc</load_address>
         <run_address>0x1adc</run_address>
         <size>0x70</size>
         <input_file_ref idref="fl-d5"/>
      </object_component>
      <object_component id="oc-41c">
         <name>.const:.string</name>
         <load_address>0x1b4c</load_address>
         <run_address>0x1b4c</run_address>
         <size>0x12</size>
         <input_file_ref idref="fl-5"/>
      </object_component>
      <object_component id="oc-26b">
         <name>.const:.string:$P$T0$1</name>
         <load_address>0x1b5e</load_address>
         <run_address>0x1b5e</run_address>
         <size>0xe</size>
         <input_file_ref idref="fl-3"/>
      </object_component>
      <object_component id="oc-2f9">
         <name>.const:g_ui32UARTBase</name>
         <load_address>0x1b6c</load_address>
         <run_address>0x1b6c</run_address>
         <size>0xc</size>
         <input_file_ref idref="fl-5"/>
      </object_component>
      <object_component id="oc-2f3">
         <name>.const:g_ui32UARTPeriph</name>
         <load_address>0x1b78</load_address>
         <run_address>0x1b78</run_address>
         <size>0xc</size>
         <input_file_ref idref="fl-5"/>
      </object_component>
      <object_component id="oc-26e">
         <name>.const:.string:$P$T1$2</name>
         <load_address>0x1b84</load_address>
         <run_address>0x1b84</run_address>
         <size>0xb</size>
         <input_file_ref idref="fl-3"/>
      </object_component>
      <object_component id="oc-301">
         <name>.const</name>
         <load_address>0x1b90</load_address>
         <run_address>0x1b90</run_address>
         <size>0x4</size>
         <input_file_ref idref="fl-5"/>
      </object_component>
      <object_component id="oc-47b">
         <name>.cinit..data.load</name>
         <load_address>0x1b98</load_address>
         <run_address>0x1b98</run_address>
         <size>0xe9</size>
      </object_component>
      <object_component id="oc-478">
         <name>__TI_handler_table</name>
         <load_address>0x1c84</load_address>
         <run_address>0x1c84</run_address>
         <size>0xc</size>
      </object_component>
      <object_component id="oc-47c">
         <name>.cinit..bss.load</name>
         <load_address>0x1c90</load_address>
         <run_address>0x1c90</run_address>
         <size>0x8</size>
      </object_component>
      <object_component id="oc-47a">
         <name>.cinit..vtable.load</name>
         <load_address>0x1c98</load_address>
         <run_address>0x1c98</run_address>
         <size>0x8</size>
      </object_component>
      <object_component id="oc-479">
         <name>__TI_cinit_table</name>
         <load_address>0x1ca0</load_address>
         <run_address>0x1ca0</run_address>
         <size>0x18</size>
      </object_component>
      <object_component id="oc-3bb">
         <name>.vtable</name>
         <uninitialized>true</uninitialized>
         <run_address>0x20000000</run_address>
         <size>0x26c</size>
         <input_file_ref idref="fl-d5"/>
      </object_component>
      <object_component id="oc-127">
         <name>.data</name>
         <load_address>0x200002ac</load_address>
         <run_address>0x200002ac</run_address>
         <size>0x10</size>
         <input_file_ref idref="fl-2"/>
      </object_component>
      <object_component id="oc-12a">
         <name>.data:gameBoard</name>
         <load_address>0x2000026c</load_address>
         <run_address>0x2000026c</run_address>
         <size>0x24</size>
         <input_file_ref idref="fl-2"/>
      </object_component>
      <object_component id="oc-268">
         <name>.data:init</name>
         <load_address>0x20000290</load_address>
         <run_address>0x20000290</run_address>
         <size>0x1a</size>
         <input_file_ref idref="fl-3"/>
      </object_component>
      <object_component id="oc-265">
         <name>.data:raise_s6</name>
         <load_address>0x20000545</load_address>
         <run_address>0x20000545</run_address>
         <size>0xb</size>
         <input_file_ref idref="fl-3"/>
      </object_component>
      <object_component id="oc-259">
         <name>.data:raise_s5</name>
         <load_address>0x2000053a</load_address>
         <run_address>0x2000053a</run_address>
         <size>0xb</size>
         <input_file_ref idref="fl-3"/>
      </object_component>
      <object_component id="oc-25c">
         <name>.data:raise_s4</name>
         <load_address>0x2000052f</load_address>
         <run_address>0x2000052f</run_address>
         <size>0xb</size>
         <input_file_ref idref="fl-3"/>
      </object_component>
      <object_component id="oc-256">
         <name>.data:raise_s3</name>
         <load_address>0x20000524</load_address>
         <run_address>0x20000524</run_address>
         <size>0xb</size>
         <input_file_ref idref="fl-3"/>
      </object_component>
      <object_component id="oc-25f">
         <name>.data:raise_s2</name>
         <load_address>0x20000519</load_address>
         <run_address>0x20000519</run_address>
         <size>0xb</size>
         <input_file_ref idref="fl-3"/>
      </object_component>
      <object_component id="oc-262">
         <name>.data:raise_s1</name>
         <load_address>0x2000050e</load_address>
         <run_address>0x2000050e</run_address>
         <size>0xb</size>
         <input_file_ref idref="fl-3"/>
      </object_component>
      <object_component id="oc-244">
         <name>.data:slideO_s6</name>
         <load_address>0x20000587</load_address>
         <run_address>0x20000587</run_address>
         <size>0xb</size>
         <input_file_ref idref="fl-3"/>
      </object_component>
      <object_component id="oc-247">
         <name>.data:slideO_s5</name>
         <load_address>0x2000057c</load_address>
         <run_address>0x2000057c</run_address>
         <size>0xb</size>
         <input_file_ref idref="fl-3"/>
      </object_component>
      <object_component id="oc-24a">
         <name>.data:slideO_s4</name>
         <load_address>0x20000571</load_address>
         <run_address>0x20000571</run_address>
         <size>0xb</size>
         <input_file_ref idref="fl-3"/>
      </object_component>
      <object_component id="oc-24d">
         <name>.data:slideO_s3</name>
         <load_address>0x20000566</load_address>
         <run_address>0x20000566</run_address>
         <size>0xb</size>
         <input_file_ref idref="fl-3"/>
      </object_component>
      <object_component id="oc-250">
         <name>.data:slideO_s2</name>
         <load_address>0x2000055b</load_address>
         <run_address>0x2000055b</run_address>
         <size>0xb</size>
         <input_file_ref idref="fl-3"/>
      </object_component>
      <object_component id="oc-253">
         <name>.data:slideO_s1</name>
         <load_address>0x20000550</load_address>
         <run_address>0x20000550</run_address>
         <size>0xb</size>
         <input_file_ref idref="fl-3"/>
      </object_component>
      <object_component id="oc-232">
         <name>.data:slideX_s6</name>
         <load_address>0x200005c9</load_address>
         <run_address>0x200005c9</run_address>
         <size>0xb</size>
         <input_file_ref idref="fl-3"/>
      </object_component>
      <object_component id="oc-235">
         <name>.data:slideX_s5</name>
         <load_address>0x200005be</load_address>
         <run_address>0x200005be</run_address>
         <size>0xb</size>
         <input_file_ref idref="fl-3"/>
      </object_component>
      <object_component id="oc-238">
         <name>.data:slideX_s4</name>
         <load_address>0x200005b3</load_address>
         <run_address>0x200005b3</run_address>
         <size>0xb</size>
         <input_file_ref idref="fl-3"/>
      </object_component>
      <object_component id="oc-23b">
         <name>.data:slideX_s3</name>
         <load_address>0x200005a8</load_address>
         <run_address>0x200005a8</run_address>
         <size>0xb</size>
         <input_file_ref idref="fl-3"/>
      </object_component>
      <object_component id="oc-23e">
         <name>.data:slideX_s2</name>
         <load_address>0x2000059d</load_address>
         <run_address>0x2000059d</run_address>
         <size>0xb</size>
         <input_file_ref idref="fl-3"/>
      </object_component>
      <object_component id="oc-241">
         <name>.data:slideX_s1</name>
         <load_address>0x20000592</load_address>
         <run_address>0x20000592</run_address>
         <size>0xb</size>
         <input_file_ref idref="fl-3"/>
      </object_component>
      <object_component id="oc-17e">
         <name>.data:pos0_s6</name>
         <load_address>0x200002f3</load_address>
         <run_address>0x200002f3</run_address>
         <size>0xb</size>
         <input_file_ref idref="fl-3"/>
      </object_component>
      <object_component id="oc-181">
         <name>.data:pos0_s5</name>
         <load_address>0x200002e8</load_address>
         <run_address>0x200002e8</run_address>
         <size>0xb</size>
         <input_file_ref idref="fl-3"/>
      </object_component>
      <object_component id="oc-184">
         <name>.data:pos0_s4</name>
         <load_address>0x200002dd</load_address>
         <run_address>0x200002dd</run_address>
         <size>0xb</size>
         <input_file_ref idref="fl-3"/>
      </object_component>
      <object_component id="oc-187">
         <name>.data:pos0_s3</name>
         <load_address>0x200002d2</load_address>
         <run_address>0x200002d2</run_address>
         <size>0xb</size>
         <input_file_ref idref="fl-3"/>
      </object_component>
      <object_component id="oc-18a">
         <name>.data:pos0_s2</name>
         <load_address>0x200002c7</load_address>
         <run_address>0x200002c7</run_address>
         <size>0xb</size>
         <input_file_ref idref="fl-3"/>
      </object_component>
      <object_component id="oc-18d">
         <name>.data:pos0_s1</name>
         <load_address>0x200002bc</load_address>
         <run_address>0x200002bc</run_address>
         <size>0xb</size>
         <input_file_ref idref="fl-3"/>
      </object_component>
      <object_component id="oc-190">
         <name>.data:pos1_s6</name>
         <load_address>0x20000335</load_address>
         <run_address>0x20000335</run_address>
         <size>0xb</size>
         <input_file_ref idref="fl-3"/>
      </object_component>
      <object_component id="oc-193">
         <name>.data:pos1_s5</name>
         <load_address>0x2000032a</load_address>
         <run_address>0x2000032a</run_address>
         <size>0xb</size>
         <input_file_ref idref="fl-3"/>
      </object_component>
      <object_component id="oc-196">
         <name>.data:pos1_s4</name>
         <load_address>0x2000031f</load_address>
         <run_address>0x2000031f</run_address>
         <size>0xb</size>
         <input_file_ref idref="fl-3"/>
      </object_component>
      <object_component id="oc-199">
         <name>.data:pos1_s3</name>
         <load_address>0x20000314</load_address>
         <run_address>0x20000314</run_address>
         <size>0xb</size>
         <input_file_ref idref="fl-3"/>
      </object_component>
      <object_component id="oc-19c">
         <name>.data:pos1_s2</name>
         <load_address>0x20000309</load_address>
         <run_address>0x20000309</run_address>
         <size>0xb</size>
         <input_file_ref idref="fl-3"/>
      </object_component>
      <object_component id="oc-19f">
         <name>.data:pos1_s1</name>
         <load_address>0x200002fe</load_address>
         <run_address>0x200002fe</run_address>
         <size>0xb</size>
         <input_file_ref idref="fl-3"/>
      </object_component>
      <object_component id="oc-1a2">
         <name>.data:pos2_s6</name>
         <load_address>0x20000377</load_address>
         <run_address>0x20000377</run_address>
         <size>0xb</size>
         <input_file_ref idref="fl-3"/>
      </object_component>
      <object_component id="oc-1a5">
         <name>.data:pos2_s5</name>
         <load_address>0x2000036c</load_address>
         <run_address>0x2000036c</run_address>
         <size>0xb</size>
         <input_file_ref idref="fl-3"/>
      </object_component>
      <object_component id="oc-1ab">
         <name>.data:pos2_s4</name>
         <load_address>0x20000361</load_address>
         <run_address>0x20000361</run_address>
         <size>0xb</size>
         <input_file_ref idref="fl-3"/>
      </object_component>
      <object_component id="oc-1a8">
         <name>.data:pos2_s3</name>
         <load_address>0x20000356</load_address>
         <run_address>0x20000356</run_address>
         <size>0xb</size>
         <input_file_ref idref="fl-3"/>
      </object_component>
      <object_component id="oc-1ae">
         <name>.data:pos2_s2</name>
         <load_address>0x2000034b</load_address>
         <run_address>0x2000034b</run_address>
         <size>0xb</size>
         <input_file_ref idref="fl-3"/>
      </object_component>
      <object_component id="oc-1b1">
         <name>.data:pos2_s1</name>
         <load_address>0x20000340</load_address>
         <run_address>0x20000340</run_address>
         <size>0xb</size>
         <input_file_ref idref="fl-3"/>
      </object_component>
      <object_component id="oc-1b4">
         <name>.data:pos3_s6</name>
         <load_address>0x200003b9</load_address>
         <run_address>0x200003b9</run_address>
         <size>0xb</size>
         <input_file_ref idref="fl-3"/>
      </object_component>
      <object_component id="oc-1b7">
         <name>.data:pos3_s5</name>
         <load_address>0x200003ae</load_address>
         <run_address>0x200003ae</run_address>
         <size>0xb</size>
         <input_file_ref idref="fl-3"/>
      </object_component>
      <object_component id="oc-1ba">
         <name>.data:pos3_s4</name>
         <load_address>0x200003a3</load_address>
         <run_address>0x200003a3</run_address>
         <size>0xb</size>
         <input_file_ref idref="fl-3"/>
      </object_component>
      <object_component id="oc-1bd">
         <name>.data:pos3_s3</name>
         <load_address>0x20000398</load_address>
         <run_address>0x20000398</run_address>
         <size>0xb</size>
         <input_file_ref idref="fl-3"/>
      </object_component>
      <object_component id="oc-1c0">
         <name>.data:pos3_s2</name>
         <load_address>0x2000038d</load_address>
         <run_address>0x2000038d</run_address>
         <size>0xb</size>
         <input_file_ref idref="fl-3"/>
      </object_component>
      <object_component id="oc-1c3">
         <name>.data:pos3_s1</name>
         <load_address>0x20000382</load_address>
         <run_address>0x20000382</run_address>
         <size>0xb</size>
         <input_file_ref idref="fl-3"/>
      </object_component>
      <object_component id="oc-1c6">
         <name>.data:pos4_s6</name>
         <load_address>0x200003fb</load_address>
         <run_address>0x200003fb</run_address>
         <size>0xb</size>
         <input_file_ref idref="fl-3"/>
      </object_component>
      <object_component id="oc-1c9">
         <name>.data:pos4_s5</name>
         <load_address>0x200003f0</load_address>
         <run_address>0x200003f0</run_address>
         <size>0xb</size>
         <input_file_ref idref="fl-3"/>
      </object_component>
      <object_component id="oc-1cf">
         <name>.data:pos4_s4</name>
         <load_address>0x200003e5</load_address>
         <run_address>0x200003e5</run_address>
         <size>0xb</size>
         <input_file_ref idref="fl-3"/>
      </object_component>
      <object_component id="oc-1cc">
         <name>.data:pos4_s3</name>
         <load_address>0x200003da</load_address>
         <run_address>0x200003da</run_address>
         <size>0xb</size>
         <input_file_ref idref="fl-3"/>
      </object_component>
      <object_component id="oc-1d2">
         <name>.data:pos4_s2</name>
         <load_address>0x200003cf</load_address>
         <run_address>0x200003cf</run_address>
         <size>0xb</size>
         <input_file_ref idref="fl-3"/>
      </object_component>
      <object_component id="oc-1d5">
         <name>.data:pos4_s1</name>
         <load_address>0x200003c4</load_address>
         <run_address>0x200003c4</run_address>
         <size>0xb</size>
         <input_file_ref idref="fl-3"/>
      </object_component>
      <object_component id="oc-1d8">
         <name>.data:pos5_s6</name>
         <load_address>0x2000043d</load_address>
         <run_address>0x2000043d</run_address>
         <size>0xb</size>
         <input_file_ref idref="fl-3"/>
      </object_component>
      <object_component id="oc-1db">
         <name>.data:pos5_s5</name>
         <load_address>0x20000432</load_address>
         <run_address>0x20000432</run_address>
         <size>0xb</size>
         <input_file_ref idref="fl-3"/>
      </object_component>
      <object_component id="oc-1e1">
         <name>.data:pos5_s4</name>
         <load_address>0x20000427</load_address>
         <run_address>0x20000427</run_address>
         <size>0xb</size>
         <input_file_ref idref="fl-3"/>
      </object_component>
      <object_component id="oc-1de">
         <name>.data:pos5_s3</name>
         <load_address>0x2000041c</load_address>
         <run_address>0x2000041c</run_address>
         <size>0xb</size>
         <input_file_ref idref="fl-3"/>
      </object_component>
      <object_component id="oc-1e4">
         <name>.data:pos5_s2</name>
         <load_address>0x20000411</load_address>
         <run_address>0x20000411</run_address>
         <size>0xb</size>
         <input_file_ref idref="fl-3"/>
      </object_component>
      <object_component id="oc-1e7">
         <name>.data:pos5_s1</name>
         <load_address>0x20000406</load_address>
         <run_address>0x20000406</run_address>
         <size>0xb</size>
         <input_file_ref idref="fl-3"/>
      </object_component>
      <object_component id="oc-1ea">
         <name>.data:pos6_s6</name>
         <load_address>0x2000047f</load_address>
         <run_address>0x2000047f</run_address>
         <size>0xb</size>
         <input_file_ref idref="fl-3"/>
      </object_component>
      <object_component id="oc-1ed">
         <name>.data:pos6_s5</name>
         <load_address>0x20000474</load_address>
         <run_address>0x20000474</run_address>
         <size>0xb</size>
         <input_file_ref idref="fl-3"/>
      </object_component>
      <object_component id="oc-1f0">
         <name>.data:pos6_s4</name>
         <load_address>0x20000469</load_address>
         <run_address>0x20000469</run_address>
         <size>0xb</size>
         <input_file_ref idref="fl-3"/>
      </object_component>
      <object_component id="oc-205">
         <name>.data:pos6_s3</name>
         <load_address>0x2000045e</load_address>
         <run_address>0x2000045e</run_address>
         <size>0xb</size>
         <input_file_ref idref="fl-3"/>
      </object_component>
      <object_component id="oc-208">
         <name>.data:pos6_s2</name>
         <load_address>0x20000453</load_address>
         <run_address>0x20000453</run_address>
         <size>0xb</size>
         <input_file_ref idref="fl-3"/>
      </object_component>
      <object_component id="oc-20b">
         <name>.data:pos6_s1</name>
         <load_address>0x20000448</load_address>
         <run_address>0x20000448</run_address>
         <size>0xb</size>
         <input_file_ref idref="fl-3"/>
      </object_component>
      <object_component id="oc-20e">
         <name>.data:pos7_s6</name>
         <load_address>0x200004c1</load_address>
         <run_address>0x200004c1</run_address>
         <size>0xb</size>
         <input_file_ref idref="fl-3"/>
      </object_component>
      <object_component id="oc-211">
         <name>.data:pos7_s5</name>
         <load_address>0x200004b6</load_address>
         <run_address>0x200004b6</run_address>
         <size>0xb</size>
         <input_file_ref idref="fl-3"/>
      </object_component>
      <object_component id="oc-214">
         <name>.data:pos7_s4</name>
         <load_address>0x200004ab</load_address>
         <run_address>0x200004ab</run_address>
         <size>0xb</size>
         <input_file_ref idref="fl-3"/>
      </object_component>
      <object_component id="oc-217">
         <name>.data:pos7_s3</name>
         <load_address>0x200004a0</load_address>
         <run_address>0x200004a0</run_address>
         <size>0xb</size>
         <input_file_ref idref="fl-3"/>
      </object_component>
      <object_component id="oc-21a">
         <name>.data:pos7_s2</name>
         <load_address>0x20000495</load_address>
         <run_address>0x20000495</run_address>
         <size>0xb</size>
         <input_file_ref idref="fl-3"/>
      </object_component>
      <object_component id="oc-21d">
         <name>.data:pos7_s1</name>
         <load_address>0x2000048a</load_address>
         <run_address>0x2000048a</run_address>
         <size>0xb</size>
         <input_file_ref idref="fl-3"/>
      </object_component>
      <object_component id="oc-220">
         <name>.data:pos8_s6</name>
         <load_address>0x20000503</load_address>
         <run_address>0x20000503</run_address>
         <size>0xb</size>
         <input_file_ref idref="fl-3"/>
      </object_component>
      <object_component id="oc-223">
         <name>.data:pos8_s5</name>
         <load_address>0x200004f8</load_address>
         <run_address>0x200004f8</run_address>
         <size>0xb</size>
         <input_file_ref idref="fl-3"/>
      </object_component>
      <object_component id="oc-229">
         <name>.data:pos8_s4</name>
         <load_address>0x200004ed</load_address>
         <run_address>0x200004ed</run_address>
         <size>0xb</size>
         <input_file_ref idref="fl-3"/>
      </object_component>
      <object_component id="oc-226">
         <name>.data:pos8_s3</name>
         <load_address>0x200004e2</load_address>
         <run_address>0x200004e2</run_address>
         <size>0xb</size>
         <input_file_ref idref="fl-3"/>
      </object_component>
      <object_component id="oc-22c">
         <name>.data:pos8_s2</name>
         <load_address>0x200004d7</load_address>
         <run_address>0x200004d7</run_address>
         <size>0xb</size>
         <input_file_ref idref="fl-3"/>
      </object_component>
      <object_component id="oc-22f">
         <name>.data:pos8_s1</name>
         <load_address>0x200004cc</load_address>
         <run_address>0x200004cc</run_address>
         <size>0xb</size>
         <input_file_ref idref="fl-3"/>
      </object_component>
      <object_component id="oc-2f6">
         <name>.data</name>
         <load_address>0x200005dc</load_address>
         <run_address>0x200005dc</run_address>
         <size>0x5</size>
         <input_file_ref idref="fl-5"/>
      </object_component>
      <object_component id="oc-2ab">
         <name>.data:$O1$$</name>
         <load_address>0x200005d4</load_address>
         <run_address>0x200005d4</run_address>
         <size>0x8</size>
         <input_file_ref idref="fl-c7"/>
      </object_component>
      <object_component id="oc-2ae">
         <name>.data</name>
         <load_address>0x200005e4</load_address>
         <run_address>0x200005e4</run_address>
         <size>0x4</size>
         <input_file_ref idref="fl-c9"/>
      </object_component>
      <object_component id="oc-42f">
         <name>.bss:_CIOBUF_</name>
         <uninitialized>true</uninitialized>
         <run_address>0x200007e8</run_address>
         <size>0x120</size>
         <input_file_ref idref="fl-cc"/>
      </object_component>
      <object_component id="oc-3d0">
         <name>.common:parmbuf</name>
         <uninitialized>true</uninitialized>
         <run_address>0x20000908</run_address>
         <size>0x8</size>
      </object_component>
      <object_component id="oc-21">
         <name>.stack</name>
         <uninitialized>true</uninitialized>
         <run_address>0x200005e8</run_address>
         <size>0x4</size>
         <input_file_ref idref="fl-c5"/>
      </object_component>
      <object_component id="oc-47d">
         <name>.stack</name>
         <uninitialized>true</uninitialized>
         <run_address>0x200005e8</run_address>
         <size>0x0</size>
      </object_component>
      <object_component id="oc-b4">
         <name>.debug_info</name>
         <load_address>0x0</load_address>
         <run_address>0x0</run_address>
         <size>0x688</size>
         <input_file_ref idref="fl-2"/>
      </object_component>
      <object_component id="oc-128">
         <name>.debug_info</name>
         <load_address>0x688</load_address>
         <run_address>0x688</run_address>
         <size>0x13a</size>
         <input_file_ref idref="fl-2"/>
      </object_component>
      <object_component id="oc-12b">
         <name>.debug_info</name>
         <load_address>0x7c2</load_address>
         <run_address>0x7c2</run_address>
         <size>0xcd</size>
         <input_file_ref idref="fl-2"/>
      </object_component>
      <object_component id="oc-99">
         <name>.debug_info</name>
         <load_address>0x88f</load_address>
         <run_address>0x88f</run_address>
         <size>0x599</size>
         <input_file_ref idref="fl-2"/>
      </object_component>
      <object_component id="oc-6d">
         <name>.debug_info</name>
         <load_address>0xe28</load_address>
         <run_address>0xe28</run_address>
         <size>0x26b</size>
         <input_file_ref idref="fl-2"/>
      </object_component>
      <object_component id="oc-16e">
         <name>.debug_info</name>
         <load_address>0x1093</load_address>
         <run_address>0x1093</run_address>
         <size>0x189</size>
         <input_file_ref idref="fl-2"/>
      </object_component>
      <object_component id="oc-af">
         <name>.debug_info</name>
         <load_address>0x121c</load_address>
         <run_address>0x121c</run_address>
         <size>0x8b</size>
         <input_file_ref idref="fl-2"/>
      </object_component>
      <object_component id="oc-aa">
         <name>.debug_info</name>
         <load_address>0x12a7</load_address>
         <run_address>0x12a7</run_address>
         <size>0x297</size>
         <input_file_ref idref="fl-2"/>
      </object_component>
      <object_component id="oc-72">
         <name>.debug_info</name>
         <load_address>0x153e</load_address>
         <run_address>0x153e</run_address>
         <size>0xbb</size>
         <input_file_ref idref="fl-2"/>
      </object_component>
      <object_component id="oc-306">
         <name>.debug_info</name>
         <load_address>0x15f9</load_address>
         <run_address>0x15f9</run_address>
         <size>0x2c</size>
         <input_file_ref idref="fl-2"/>
      </object_component>
      <object_component id="oc-173">
         <name>.debug_info</name>
         <load_address>0x1625</load_address>
         <run_address>0x1625</run_address>
         <size>0x35</size>
         <input_file_ref idref="fl-2"/>
      </object_component>
      <object_component id="oc-272">
         <name>.debug_info</name>
         <load_address>0x165a</load_address>
         <run_address>0x165a</run_address>
         <size>0x451</size>
         <input_file_ref idref="fl-3"/>
      </object_component>
      <object_component id="oc-269">
         <name>.debug_info</name>
         <load_address>0x1aab</load_address>
         <run_address>0x1aab</run_address>
         <size>0xc7</size>
         <input_file_ref idref="fl-3"/>
      </object_component>
      <object_component id="oc-266">
         <name>.debug_info</name>
         <load_address>0x1b72</load_address>
         <run_address>0x1b72</run_address>
         <size>0xcf</size>
         <input_file_ref idref="fl-3"/>
      </object_component>
      <object_component id="oc-25a">
         <name>.debug_info</name>
         <load_address>0x1c41</load_address>
         <run_address>0x1c41</run_address>
         <size>0xcf</size>
         <input_file_ref idref="fl-3"/>
      </object_component>
      <object_component id="oc-25d">
         <name>.debug_info</name>
         <load_address>0x1d10</load_address>
         <run_address>0x1d10</run_address>
         <size>0xcf</size>
         <input_file_ref idref="fl-3"/>
      </object_component>
      <object_component id="oc-257">
         <name>.debug_info</name>
         <load_address>0x1ddf</load_address>
         <run_address>0x1ddf</run_address>
         <size>0xcf</size>
         <input_file_ref idref="fl-3"/>
      </object_component>
      <object_component id="oc-260">
         <name>.debug_info</name>
         <load_address>0x1eae</load_address>
         <run_address>0x1eae</run_address>
         <size>0xcf</size>
         <input_file_ref idref="fl-3"/>
      </object_component>
      <object_component id="oc-263">
         <name>.debug_info</name>
         <load_address>0x1f7d</load_address>
         <run_address>0x1f7d</run_address>
         <size>0xcf</size>
         <input_file_ref idref="fl-3"/>
      </object_component>
      <object_component id="oc-245">
         <name>.debug_info</name>
         <load_address>0x204c</load_address>
         <run_address>0x204c</run_address>
         <size>0xd1</size>
         <input_file_ref idref="fl-3"/>
      </object_component>
      <object_component id="oc-248">
         <name>.debug_info</name>
         <load_address>0x211d</load_address>
         <run_address>0x211d</run_address>
         <size>0xd1</size>
         <input_file_ref idref="fl-3"/>
      </object_component>
      <object_component id="oc-24b">
         <name>.debug_info</name>
         <load_address>0x21ee</load_address>
         <run_address>0x21ee</run_address>
         <size>0xd1</size>
         <input_file_ref idref="fl-3"/>
      </object_component>
      <object_component id="oc-24e">
         <name>.debug_info</name>
         <load_address>0x22bf</load_address>
         <run_address>0x22bf</run_address>
         <size>0xd1</size>
         <input_file_ref idref="fl-3"/>
      </object_component>
      <object_component id="oc-251">
         <name>.debug_info</name>
         <load_address>0x2390</load_address>
         <run_address>0x2390</run_address>
         <size>0xd1</size>
         <input_file_ref idref="fl-3"/>
      </object_component>
      <object_component id="oc-254">
         <name>.debug_info</name>
         <load_address>0x2461</load_address>
         <run_address>0x2461</run_address>
         <size>0xd1</size>
         <input_file_ref idref="fl-3"/>
      </object_component>
      <object_component id="oc-233">
         <name>.debug_info</name>
         <load_address>0x2532</load_address>
         <run_address>0x2532</run_address>
         <size>0xd1</size>
         <input_file_ref idref="fl-3"/>
      </object_component>
      <object_component id="oc-236">
         <name>.debug_info</name>
         <load_address>0x2603</load_address>
         <run_address>0x2603</run_address>
         <size>0xd1</size>
         <input_file_ref idref="fl-3"/>
      </object_component>
      <object_component id="oc-239">
         <name>.debug_info</name>
         <load_address>0x26d4</load_address>
         <run_address>0x26d4</run_address>
         <size>0xd1</size>
         <input_file_ref idref="fl-3"/>
      </object_component>
      <object_component id="oc-23c">
         <name>.debug_info</name>
         <load_address>0x27a5</load_address>
         <run_address>0x27a5</run_address>
         <size>0xd1</size>
         <input_file_ref idref="fl-3"/>
      </object_component>
      <object_component id="oc-23f">
         <name>.debug_info</name>
         <load_address>0x2876</load_address>
         <run_address>0x2876</run_address>
         <size>0xd1</size>
         <input_file_ref idref="fl-3"/>
      </object_component>
      <object_component id="oc-242">
         <name>.debug_info</name>
         <load_address>0x2947</load_address>
         <run_address>0x2947</run_address>
         <size>0xd1</size>
         <input_file_ref idref="fl-3"/>
      </object_component>
      <object_component id="oc-17f">
         <name>.debug_info</name>
         <load_address>0x2a18</load_address>
         <run_address>0x2a18</run_address>
         <size>0xcd</size>
         <input_file_ref idref="fl-3"/>
      </object_component>
      <object_component id="oc-182">
         <name>.debug_info</name>
         <load_address>0x2ae5</load_address>
         <run_address>0x2ae5</run_address>
         <size>0xcd</size>
         <input_file_ref idref="fl-3"/>
      </object_component>
      <object_component id="oc-185">
         <name>.debug_info</name>
         <load_address>0x2bb2</load_address>
         <run_address>0x2bb2</run_address>
         <size>0xcd</size>
         <input_file_ref idref="fl-3"/>
      </object_component>
      <object_component id="oc-188">
         <name>.debug_info</name>
         <load_address>0x2c7f</load_address>
         <run_address>0x2c7f</run_address>
         <size>0xcd</size>
         <input_file_ref idref="fl-3"/>
      </object_component>
      <object_component id="oc-18b">
         <name>.debug_info</name>
         <load_address>0x2d4c</load_address>
         <run_address>0x2d4c</run_address>
         <size>0xcd</size>
         <input_file_ref idref="fl-3"/>
      </object_component>
      <object_component id="oc-18e">
         <name>.debug_info</name>
         <load_address>0x2e19</load_address>
         <run_address>0x2e19</run_address>
         <size>0xcd</size>
         <input_file_ref idref="fl-3"/>
      </object_component>
      <object_component id="oc-191">
         <name>.debug_info</name>
         <load_address>0x2ee6</load_address>
         <run_address>0x2ee6</run_address>
         <size>0xcd</size>
         <input_file_ref idref="fl-3"/>
      </object_component>
      <object_component id="oc-194">
         <name>.debug_info</name>
         <load_address>0x2fb3</load_address>
         <run_address>0x2fb3</run_address>
         <size>0xcd</size>
         <input_file_ref idref="fl-3"/>
      </object_component>
      <object_component id="oc-197">
         <name>.debug_info</name>
         <load_address>0x3080</load_address>
         <run_address>0x3080</run_address>
         <size>0xcd</size>
         <input_file_ref idref="fl-3"/>
      </object_component>
      <object_component id="oc-19a">
         <name>.debug_info</name>
         <load_address>0x314d</load_address>
         <run_address>0x314d</run_address>
         <size>0xcd</size>
         <input_file_ref idref="fl-3"/>
      </object_component>
      <object_component id="oc-19d">
         <name>.debug_info</name>
         <load_address>0x321a</load_address>
         <run_address>0x321a</run_address>
         <size>0xcd</size>
         <input_file_ref idref="fl-3"/>
      </object_component>
      <object_component id="oc-1a0">
         <name>.debug_info</name>
         <load_address>0x32e7</load_address>
         <run_address>0x32e7</run_address>
         <size>0xcd</size>
         <input_file_ref idref="fl-3"/>
      </object_component>
      <object_component id="oc-1a3">
         <name>.debug_info</name>
         <load_address>0x33b4</load_address>
         <run_address>0x33b4</run_address>
         <size>0xcd</size>
         <input_file_ref idref="fl-3"/>
      </object_component>
      <object_component id="oc-1a6">
         <name>.debug_info</name>
         <load_address>0x3481</load_address>
         <run_address>0x3481</run_address>
         <size>0xcd</size>
         <input_file_ref idref="fl-3"/>
      </object_component>
      <object_component id="oc-1ac">
         <name>.debug_info</name>
         <load_address>0x354e</load_address>
         <run_address>0x354e</run_address>
         <size>0xcd</size>
         <input_file_ref idref="fl-3"/>
      </object_component>
      <object_component id="oc-1a9">
         <name>.debug_info</name>
         <load_address>0x361b</load_address>
         <run_address>0x361b</run_address>
         <size>0xcd</size>
         <input_file_ref idref="fl-3"/>
      </object_component>
      <object_component id="oc-1af">
         <name>.debug_info</name>
         <load_address>0x36e8</load_address>
         <run_address>0x36e8</run_address>
         <size>0xcd</size>
         <input_file_ref idref="fl-3"/>
      </object_component>
      <object_component id="oc-1b2">
         <name>.debug_info</name>
         <load_address>0x37b5</load_address>
         <run_address>0x37b5</run_address>
         <size>0xcd</size>
         <input_file_ref idref="fl-3"/>
      </object_component>
      <object_component id="oc-1b5">
         <name>.debug_info</name>
         <load_address>0x3882</load_address>
         <run_address>0x3882</run_address>
         <size>0xcd</size>
         <input_file_ref idref="fl-3"/>
      </object_component>
      <object_component id="oc-1b8">
         <name>.debug_info</name>
         <load_address>0x394f</load_address>
         <run_address>0x394f</run_address>
         <size>0xcd</size>
         <input_file_ref idref="fl-3"/>
      </object_component>
      <object_component id="oc-1bb">
         <name>.debug_info</name>
         <load_address>0x3a1c</load_address>
         <run_address>0x3a1c</run_address>
         <size>0xcd</size>
         <input_file_ref idref="fl-3"/>
      </object_component>
      <object_component id="oc-1be">
         <name>.debug_info</name>
         <load_address>0x3ae9</load_address>
         <run_address>0x3ae9</run_address>
         <size>0xcd</size>
         <input_file_ref idref="fl-3"/>
      </object_component>
      <object_component id="oc-1c1">
         <name>.debug_info</name>
         <load_address>0x3bb6</load_address>
         <run_address>0x3bb6</run_address>
         <size>0xcd</size>
         <input_file_ref idref="fl-3"/>
      </object_component>
      <object_component id="oc-1c4">
         <name>.debug_info</name>
         <load_address>0x3c83</load_address>
         <run_address>0x3c83</run_address>
         <size>0xcd</size>
         <input_file_ref idref="fl-3"/>
      </object_component>
      <object_component id="oc-1c7">
         <name>.debug_info</name>
         <load_address>0x3d50</load_address>
         <run_address>0x3d50</run_address>
         <size>0xcd</size>
         <input_file_ref idref="fl-3"/>
      </object_component>
      <object_component id="oc-1ca">
         <name>.debug_info</name>
         <load_address>0x3e1d</load_address>
         <run_address>0x3e1d</run_address>
         <size>0xcd</size>
         <input_file_ref idref="fl-3"/>
      </object_component>
      <object_component id="oc-1d0">
         <name>.debug_info</name>
         <load_address>0x3eea</load_address>
         <run_address>0x3eea</run_address>
         <size>0xcd</size>
         <input_file_ref idref="fl-3"/>
      </object_component>
      <object_component id="oc-1cd">
         <name>.debug_info</name>
         <load_address>0x3fb7</load_address>
         <run_address>0x3fb7</run_address>
         <size>0xcd</size>
         <input_file_ref idref="fl-3"/>
      </object_component>
      <object_component id="oc-1d3">
         <name>.debug_info</name>
         <load_address>0x4084</load_address>
         <run_address>0x4084</run_address>
         <size>0xcd</size>
         <input_file_ref idref="fl-3"/>
      </object_component>
      <object_component id="oc-1d6">
         <name>.debug_info</name>
         <load_address>0x4151</load_address>
         <run_address>0x4151</run_address>
         <size>0xcd</size>
         <input_file_ref idref="fl-3"/>
      </object_component>
      <object_component id="oc-1d9">
         <name>.debug_info</name>
         <load_address>0x421e</load_address>
         <run_address>0x421e</run_address>
         <size>0xcd</size>
         <input_file_ref idref="fl-3"/>
      </object_component>
      <object_component id="oc-1dc">
         <name>.debug_info</name>
         <load_address>0x42eb</load_address>
         <run_address>0x42eb</run_address>
         <size>0xcd</size>
         <input_file_ref idref="fl-3"/>
      </object_component>
      <object_component id="oc-1e2">
         <name>.debug_info</name>
         <load_address>0x43b8</load_address>
         <run_address>0x43b8</run_address>
         <size>0xcd</size>
         <input_file_ref idref="fl-3"/>
      </object_component>
      <object_component id="oc-1df">
         <name>.debug_info</name>
         <load_address>0x4485</load_address>
         <run_address>0x4485</run_address>
         <size>0xcd</size>
         <input_file_ref idref="fl-3"/>
      </object_component>
      <object_component id="oc-1e5">
         <name>.debug_info</name>
         <load_address>0x4552</load_address>
         <run_address>0x4552</run_address>
         <size>0xcd</size>
         <input_file_ref idref="fl-3"/>
      </object_component>
      <object_component id="oc-1e8">
         <name>.debug_info</name>
         <load_address>0x461f</load_address>
         <run_address>0x461f</run_address>
         <size>0xcd</size>
         <input_file_ref idref="fl-3"/>
      </object_component>
      <object_component id="oc-1eb">
         <name>.debug_info</name>
         <load_address>0x46ec</load_address>
         <run_address>0x46ec</run_address>
         <size>0xcd</size>
         <input_file_ref idref="fl-3"/>
      </object_component>
      <object_component id="oc-1ee">
         <name>.debug_info</name>
         <load_address>0x47b9</load_address>
         <run_address>0x47b9</run_address>
         <size>0xcd</size>
         <input_file_ref idref="fl-3"/>
      </object_component>
      <object_component id="oc-1f1">
         <name>.debug_info</name>
         <load_address>0x4886</load_address>
         <run_address>0x4886</run_address>
         <size>0xcd</size>
         <input_file_ref idref="fl-3"/>
      </object_component>
      <object_component id="oc-206">
         <name>.debug_info</name>
         <load_address>0x4953</load_address>
         <run_address>0x4953</run_address>
         <size>0xcd</size>
         <input_file_ref idref="fl-3"/>
      </object_component>
      <object_component id="oc-209">
         <name>.debug_info</name>
         <load_address>0x4a20</load_address>
         <run_address>0x4a20</run_address>
         <size>0xcd</size>
         <input_file_ref idref="fl-3"/>
      </object_component>
      <object_component id="oc-20c">
         <name>.debug_info</name>
         <load_address>0x4aed</load_address>
         <run_address>0x4aed</run_address>
         <size>0xcd</size>
         <input_file_ref idref="fl-3"/>
      </object_component>
      <object_component id="oc-20f">
         <name>.debug_info</name>
         <load_address>0x4bba</load_address>
         <run_address>0x4bba</run_address>
         <size>0xcd</size>
         <input_file_ref idref="fl-3"/>
      </object_component>
      <object_component id="oc-212">
         <name>.debug_info</name>
         <load_address>0x4c87</load_address>
         <run_address>0x4c87</run_address>
         <size>0xcd</size>
         <input_file_ref idref="fl-3"/>
      </object_component>
      <object_component id="oc-215">
         <name>.debug_info</name>
         <load_address>0x4d54</load_address>
         <run_address>0x4d54</run_address>
         <size>0xcd</size>
         <input_file_ref idref="fl-3"/>
      </object_component>
      <object_component id="oc-218">
         <name>.debug_info</name>
         <load_address>0x4e21</load_address>
         <run_address>0x4e21</run_address>
         <size>0xcd</size>
         <input_file_ref idref="fl-3"/>
      </object_component>
      <object_component id="oc-21b">
         <name>.debug_info</name>
         <load_address>0x4eee</load_address>
         <run_address>0x4eee</run_address>
         <size>0xcd</size>
         <input_file_ref idref="fl-3"/>
      </object_component>
      <object_component id="oc-21e">
         <name>.debug_info</name>
         <load_address>0x4fbb</load_address>
         <run_address>0x4fbb</run_address>
         <size>0xcd</size>
         <input_file_ref idref="fl-3"/>
      </object_component>
      <object_component id="oc-221">
         <name>.debug_info</name>
         <load_address>0x5088</load_address>
         <run_address>0x5088</run_address>
         <size>0xcd</size>
         <input_file_ref idref="fl-3"/>
      </object_component>
      <object_component id="oc-224">
         <name>.debug_info</name>
         <load_address>0x5155</load_address>
         <run_address>0x5155</run_address>
         <size>0xcd</size>
         <input_file_ref idref="fl-3"/>
      </object_component>
      <object_component id="oc-22a">
         <name>.debug_info</name>
         <load_address>0x5222</load_address>
         <run_address>0x5222</run_address>
         <size>0xcd</size>
         <input_file_ref idref="fl-3"/>
      </object_component>
      <object_component id="oc-227">
         <name>.debug_info</name>
         <load_address>0x52ef</load_address>
         <run_address>0x52ef</run_address>
         <size>0xcd</size>
         <input_file_ref idref="fl-3"/>
      </object_component>
      <object_component id="oc-22d">
         <name>.debug_info</name>
         <load_address>0x53bc</load_address>
         <run_address>0x53bc</run_address>
         <size>0xcd</size>
         <input_file_ref idref="fl-3"/>
      </object_component>
      <object_component id="oc-230">
         <name>.debug_info</name>
         <load_address>0x5489</load_address>
         <run_address>0x5489</run_address>
         <size>0xcd</size>
         <input_file_ref idref="fl-3"/>
      </object_component>
      <object_component id="oc-26c">
         <name>.debug_info</name>
         <load_address>0x5556</load_address>
         <run_address>0x5556</run_address>
         <size>0xcc</size>
         <input_file_ref idref="fl-3"/>
      </object_component>
      <object_component id="oc-26f">
         <name>.debug_info</name>
         <load_address>0x5622</load_address>
         <run_address>0x5622</run_address>
         <size>0xcc</size>
         <input_file_ref idref="fl-3"/>
      </object_component>
      <object_component id="oc-c7">
         <name>.debug_info</name>
         <load_address>0x56ee</load_address>
         <run_address>0x56ee</run_address>
         <size>0xdd0</size>
         <input_file_ref idref="fl-3"/>
      </object_component>
      <object_component id="oc-33">
         <name>.debug_info</name>
         <load_address>0x64be</load_address>
         <run_address>0x64be</run_address>
         <size>0x84</size>
         <input_file_ref idref="fl-3"/>
      </object_component>
      <object_component id="oc-2c">
         <name>.debug_info</name>
         <load_address>0x6542</load_address>
         <run_address>0x6542</run_address>
         <size>0x2a8</size>
         <input_file_ref idref="fl-4"/>
      </object_component>
      <object_component id="oc-10">
         <name>.debug_info</name>
         <load_address>0x67ea</load_address>
         <run_address>0x67ea</run_address>
         <size>0xe7</size>
         <input_file_ref idref="fl-4"/>
      </object_component>
      <object_component id="oc-26">
         <name>.debug_info</name>
         <load_address>0x68d1</load_address>
         <run_address>0x68d1</run_address>
         <size>0x263</size>
         <input_file_ref idref="fl-4"/>
      </object_component>
      <object_component id="oc-305">
         <name>.debug_info</name>
         <load_address>0x6b34</load_address>
         <run_address>0x6b34</run_address>
         <size>0x414</size>
         <input_file_ref idref="fl-5"/>
      </object_component>
      <object_component id="oc-2f7">
         <name>.debug_info</name>
         <load_address>0x6f48</load_address>
         <run_address>0x6f48</run_address>
         <size>0x10b</size>
         <input_file_ref idref="fl-5"/>
      </object_component>
      <object_component id="oc-302">
         <name>.debug_info</name>
         <load_address>0x7053</load_address>
         <run_address>0x7053</run_address>
         <size>0x105</size>
         <input_file_ref idref="fl-5"/>
      </object_component>
      <object_component id="oc-2fa">
         <name>.debug_info</name>
         <load_address>0x7158</load_address>
         <run_address>0x7158</run_address>
         <size>0x113</size>
         <input_file_ref idref="fl-5"/>
      </object_component>
      <object_component id="oc-2f4">
         <name>.debug_info</name>
         <load_address>0x726b</load_address>
         <run_address>0x726b</run_address>
         <size>0x117</size>
         <input_file_ref idref="fl-5"/>
      </object_component>
      <object_component id="oc-179">
         <name>.debug_info</name>
         <load_address>0x7382</load_address>
         <run_address>0x7382</run_address>
         <size>0xa54</size>
         <input_file_ref idref="fl-5"/>
      </object_component>
      <object_component id="oc-2ff">
         <name>.debug_info</name>
         <load_address>0x7dd6</load_address>
         <run_address>0x7dd6</run_address>
         <size>0x13a</size>
         <input_file_ref idref="fl-c0"/>
      </object_component>
      <object_component id="oc-39">
         <name>.debug_info</name>
         <load_address>0x7f10</load_address>
         <run_address>0x7f10</run_address>
         <size>0x111</size>
         <input_file_ref idref="fl-c1"/>
      </object_component>
      <object_component id="oc-8b">
         <name>.debug_info</name>
         <load_address>0x8021</load_address>
         <run_address>0x8021</run_address>
         <size>0x313</size>
         <input_file_ref idref="fl-c2"/>
      </object_component>
      <object_component id="oc-45">
         <name>.debug_info</name>
         <load_address>0x8334</load_address>
         <run_address>0x8334</run_address>
         <size>0x1b4</size>
         <input_file_ref idref="fl-c2"/>
      </object_component>
      <object_component id="oc-86">
         <name>.debug_info</name>
         <load_address>0x84e8</load_address>
         <run_address>0x84e8</run_address>
         <size>0x46</size>
         <input_file_ref idref="fl-c2"/>
      </object_component>
      <object_component id="oc-bd">
         <name>.debug_info</name>
         <load_address>0x852e</load_address>
         <run_address>0x852e</run_address>
         <size>0x2c</size>
         <input_file_ref idref="fl-c2"/>
      </object_component>
      <object_component id="oc-43">
         <name>.debug_info</name>
         <load_address>0x855a</load_address>
         <run_address>0x855a</run_address>
         <size>0x29d</size>
         <input_file_ref idref="fl-c3"/>
      </object_component>
      <object_component id="oc-1b">
         <name>.debug_info</name>
         <load_address>0x87f7</load_address>
         <run_address>0x87f7</run_address>
         <size>0x1df</size>
         <input_file_ref idref="fl-c3"/>
      </object_component>
      <object_component id="oc-3e">
         <name>.debug_info</name>
         <load_address>0x89d6</load_address>
         <run_address>0x89d6</run_address>
         <size>0x46</size>
         <input_file_ref idref="fl-c3"/>
      </object_component>
      <object_component id="oc-7e">
         <name>.debug_info</name>
         <load_address>0x8a1c</load_address>
         <run_address>0x8a1c</run_address>
         <size>0x2c</size>
         <input_file_ref idref="fl-c3"/>
      </object_component>
      <object_component id="oc-7c">
         <name>.debug_info</name>
         <load_address>0x8a48</load_address>
         <run_address>0x8a48</run_address>
         <size>0x293</size>
         <input_file_ref idref="fl-c4"/>
      </object_component>
      <object_component id="oc-16">
         <name>.debug_info</name>
         <load_address>0x8cdb</load_address>
         <run_address>0x8cdb</run_address>
         <size>0x245</size>
         <input_file_ref idref="fl-c4"/>
      </object_component>
      <object_component id="oc-2e">
         <name>.debug_info</name>
         <load_address>0x8f20</load_address>
         <run_address>0x8f20</run_address>
         <size>0x60</size>
         <input_file_ref idref="fl-c4"/>
      </object_component>
      <object_component id="oc-b6">
         <name>.debug_info</name>
         <load_address>0x8f80</load_address>
         <run_address>0x8f80</run_address>
         <size>0x46</size>
         <input_file_ref idref="fl-c4"/>
      </object_component>
      <object_component id="oc-77">
         <name>.debug_info</name>
         <load_address>0x8fc6</load_address>
         <run_address>0x8fc6</run_address>
         <size>0x39</size>
         <input_file_ref idref="fl-c4"/>
      </object_component>
      <object_component id="oc-22">
         <name>.debug_info</name>
         <load_address>0x8fff</load_address>
         <run_address>0x8fff</run_address>
         <size>0x100</size>
         <input_file_ref idref="fl-c5"/>
      </object_component>
      <object_component id="oc-5a">
         <name>.debug_info</name>
         <load_address>0x90ff</load_address>
         <run_address>0x90ff</run_address>
         <size>0x1a4</size>
         <input_file_ref idref="fl-c5"/>
      </object_component>
      <object_component id="oc-12f">
         <name>.debug_info</name>
         <load_address>0x92a3</load_address>
         <run_address>0x92a3</run_address>
         <size>0x117</size>
         <input_file_ref idref="fl-c6"/>
      </object_component>
      <object_component id="oc-3e8">
         <name>.debug_info</name>
         <load_address>0x93ba</load_address>
         <run_address>0x93ba</run_address>
         <size>0x2be</size>
         <input_file_ref idref="fl-c7"/>
      </object_component>
      <object_component id="oc-2ac">
         <name>.debug_info</name>
         <load_address>0x9678</load_address>
         <run_address>0x9678</run_address>
         <size>0x113</size>
         <input_file_ref idref="fl-c7"/>
      </object_component>
      <object_component id="oc-3e1">
         <name>.debug_info</name>
         <load_address>0x978b</load_address>
         <run_address>0x978b</run_address>
         <size>0x123</size>
         <input_file_ref idref="fl-c7"/>
      </object_component>
      <object_component id="oc-2b2">
         <name>.debug_info</name>
         <load_address>0x98ae</load_address>
         <run_address>0x98ae</run_address>
         <size>0x2af</size>
         <input_file_ref idref="fl-c9"/>
      </object_component>
      <object_component id="oc-2af">
         <name>.debug_info</name>
         <load_address>0x9b5d</load_address>
         <run_address>0x9b5d</run_address>
         <size>0xf0</size>
         <input_file_ref idref="fl-c9"/>
      </object_component>
      <object_component id="oc-11e">
         <name>.debug_info</name>
         <load_address>0x9c4d</load_address>
         <run_address>0x9c4d</run_address>
         <size>0x152</size>
         <input_file_ref idref="fl-c9"/>
      </object_component>
      <object_component id="oc-123">
         <name>.debug_info</name>
         <load_address>0x9d9f</load_address>
         <run_address>0x9d9f</run_address>
         <size>0x132</size>
         <input_file_ref idref="fl-c9"/>
      </object_component>
      <object_component id="oc-2aa">
         <name>.debug_info</name>
         <load_address>0x9ed1</load_address>
         <run_address>0x9ed1</run_address>
         <size>0x299</size>
         <input_file_ref idref="fl-ca"/>
      </object_component>
      <object_component id="oc-117">
         <name>.debug_info</name>
         <load_address>0xa16a</load_address>
         <run_address>0xa16a</run_address>
         <size>0x176</size>
         <input_file_ref idref="fl-ca"/>
      </object_component>
      <object_component id="oc-3d9">
         <name>.debug_info</name>
         <load_address>0xa2e0</load_address>
         <run_address>0xa2e0</run_address>
         <size>0x39</size>
         <input_file_ref idref="fl-ca"/>
      </object_component>
      <object_component id="oc-2a5">
         <name>.debug_info</name>
         <load_address>0xa319</load_address>
         <run_address>0xa319</run_address>
         <size>0x39</size>
         <input_file_ref idref="fl-ca"/>
      </object_component>
      <object_component id="oc-29f">
         <name>.debug_info</name>
         <load_address>0xa352</load_address>
         <run_address>0xa352</run_address>
         <size>0x182</size>
         <input_file_ref idref="fl-cb"/>
      </object_component>
      <object_component id="oc-437">
         <name>.debug_info</name>
         <load_address>0xa4d4</load_address>
         <run_address>0xa4d4</run_address>
         <size>0x46</size>
         <input_file_ref idref="fl-cb"/>
      </object_component>
      <object_component id="oc-3d4">
         <name>.debug_info</name>
         <load_address>0xa51a</load_address>
         <run_address>0xa51a</run_address>
         <size>0x39</size>
         <input_file_ref idref="fl-cb"/>
      </object_component>
      <object_component id="oc-433">
         <name>.debug_info</name>
         <load_address>0xa553</load_address>
         <run_address>0xa553</run_address>
         <size>0x2b0</size>
         <input_file_ref idref="fl-cc"/>
      </object_component>
      <object_component id="oc-430">
         <name>.debug_info</name>
         <load_address>0xa803</load_address>
         <run_address>0xa803</run_address>
         <size>0xfd</size>
         <input_file_ref idref="fl-cc"/>
      </object_component>
      <object_component id="oc-3c5">
         <name>.debug_info</name>
         <load_address>0xa900</load_address>
         <run_address>0xa900</run_address>
         <size>0x1d4</size>
         <input_file_ref idref="fl-cc"/>
      </object_component>
      <object_component id="oc-3cb">
         <name>.debug_info</name>
         <load_address>0xaad4</load_address>
         <run_address>0xaad4</run_address>
         <size>0x18f</size>
         <input_file_ref idref="fl-cc"/>
      </object_component>
      <object_component id="oc-417">
         <name>.debug_info</name>
         <load_address>0xac63</load_address>
         <run_address>0xac63</run_address>
         <size>0x10d</size>
         <input_file_ref idref="fl-cd"/>
      </object_component>
      <object_component id="oc-2c0">
         <name>.debug_info</name>
         <load_address>0xad70</load_address>
         <run_address>0xad70</run_address>
         <size>0x547</size>
         <input_file_ref idref="fl-cf"/>
      </object_component>
[...]
      </symbol>
      <symbol id="sm-2fd">
         <name>pos3_s5</name>
         <value>0x200003ae</value>
         <object_component_ref idref="oc-1b7"/>
      </symbol>
      <symbol id="sm-2fe">
         <name>pos3_s6</name>
         <value>0x200003b9</value>
         <object_component_ref idref="oc-1b4"/>
      </symbol>
      <symbol id="sm-2ff">
         <name>initialize</name>
         <value>0x7cd</value>
         <object_component_ref idref="oc-c6"/>
      </symbol>
      <symbol id="sm-300">
         <name>pos8_s1</name>
         <value>0x200004cc</value>
         <object_component_ref idref="oc-22f"/>
      </symbol>
      <symbol id="sm-301">
         <name>pos8_s2</name>
         <value>0x200004d7</value>
         <object_component_ref idref="oc-22c"/>
      </symbol>
      <symbol id="sm-302">
         <name>pos8_s3</name>
         <value>0x200004e2</value>
         <object_component_ref idref="oc-226"/>
      </symbol>
      <symbol id="sm-303">
         <name>pos8_s4</name>
         <value>0x200004ed</value>
         <object_component_ref idref="oc-229"/>
      </symbol>
      <symbol id="sm-304">
         <name>pos8_s5</name>
         <value>0x200004f8</value>
         <object_component_ref idref="oc-223"/>
      </symbol>
      <symbol id="sm-305">
         <name>pos8_s6</name>
         <value>0x20000503</value>
         <object_component_ref idref="oc-220"/>
      </symbol>
      <symbol id="sm-306">
         <name>pos2_s1</name>
         <value>0x20000340</value>
         <object_component_ref idref="oc-1b1"/>
      </symbol>
      <symbol id="sm-307">
         <name>pos2_s2</name>
         <value>0x2000034b</value>
         <object_component_ref idref="oc-1ae"/>
      </symbol>
      <symbol id="sm-308">
         <name>pos2_s3</name>
         <value>0x20000356</value>
         <object_component_ref idref="oc-1a8"/>
      </symbol>
      <symbol id="sm-309">
         <name>pos2_s4</name>
         <value>0x20000361</value>
         <object_component_ref idref="oc-1ab"/>
      </symbol>
      <symbol id="sm-30a">
         <name>pos2_s5</name>
         <value>0x2000036c</value>
         <object_component_ref idref="oc-1a5"/>
      </symbol>
      <symbol id="sm-30b">
         <name>pos2_s6</name>
         <value>0x20000377</value>
         <object_component_ref idref="oc-1a2"/>
      </symbol>
      <symbol id="sm-30c">
         <name>pos7_s1</name>
         <value>0x2000048a</value>
         <object_component_ref idref="oc-21d"/>
      </symbol>
      <symbol id="sm-30d">
         <name>pos7_s2</name>
         <value>0x20000495</value>
         <object_component_ref idref="oc-21a"/>
      </symbol>
      <symbol id="sm-30e">
         <name>pos7_s3</name>
         <value>0x200004a0</value>
         <object_component_ref idref="oc-217"/>
      </symbol>
      <symbol id="sm-30f">
         <name>pos7_s4</name>
         <value>0x200004ab</value>
         <object_component_ref idref="oc-214"/>
      </symbol>
      <symbol id="sm-310">
         <name>pos7_s5</name>
         <value>0x200004b6</value>
         <object_component_ref idref="oc-211"/>
      </symbol>
      <symbol id="sm-311">
         <name>pos7_s6</name>
         <value>0x200004c1</value>
         <object_component_ref idref="oc-20e"/>
      </symbol>
      <symbol id="sm-312">
         <name>init</name>
         <value>0x20000290</value>
         <object_component_ref idref="oc-268"/>
      </symbol>
      <symbol id="sm-313">
         <name>test_slides_exhaustively</name>
         <value>0x721</value>
         <object_component_ref idref="oc-c6"/>
      </symbol>
      <symbol id="sm-314">
         <name>pos1_s1</name>
         <value>0x200002fe</value>
         <object_component_ref idref="oc-19f"/>
      </symbol>
      <symbol id="sm-315">
         <name>pos1_s2</name>
         <value>0x20000309</value>
         <object_component_ref idref="oc-19c"/>
      </symbol>
      <symbol id="sm-316">
         <name>pos1_s3</name>
         <value>0x20000314</value>
         <object_component_ref idref="oc-199"/>
      </symbol>
      <symbol id="sm-317">
         <name>pos1_s4</name>
         <value>0x2000031f</value>
         <object_component_ref idref="oc-196"/>
      </symbol>
      <symbol id="sm-318">
         <name>pos1_s5</name>
         <value>0x2000032a</value>
         <object_component_ref idref="oc-193"/>
      </symbol>
      <symbol id="sm-319">
         <name>pos1_s6</name>
         <value>0x20000335</value>
         <object_component_ref idref="oc-190"/>
      </symbol>
      <symbol id="sm-31a">
         <name>slideX_s1</name>
         <value>0x20000592</value>
         <object_component_ref idref="oc-241"/>
      </symbol>
      <symbol id="sm-31b">
         <name>pos6_s1</name>
         <value>0x20000448</value>
         <object_component_ref idref="oc-20b"/>
      </symbol>
      <symbol id="sm-31c">
         <name>slideX_s3</name>
         <value>0x200005a8</value>
         <object_component_ref idref="oc-23b"/>
      </symbol>
      <symbol id="sm-31d">
         <name>pos6_s2</name>
         <value>0x20000453</value>
         <object_component_ref idref="oc-208"/>
      </symbol>
      <symbol id="sm-31e">
         <name>slideX_s2</name>
         <value>0x2000059d</value>
         <object_component_ref idref="oc-23e"/>
      </symbol>
      <symbol id="sm-31f">
         <name>pos6_s3</name>
         <value>0x2000045e</value>
         <object_component_ref idref="oc-205"/>
      </symbol>
      <symbol id="sm-320">
         <name>slideX_s5</name>
         <value>0x200005be</value>
         <object_component_ref idref="oc-235"/>
      </symbol>
      <symbol id="sm-321">
         <name>pos6_s4</name>
         <value>0x20000469</value>
         <object_component_ref idref="oc-1f0"/>
      </symbol>
      <symbol id="sm-322">
         <name>slideX_s4</name>
         <value>0x200005b3</value>
         <object_component_ref idref="oc-238"/>
      </symbol>
      <symbol id="sm-323">
         <name>pos6_s5</name>
         <value>0x20000474</value>
         <object_component_ref idref="oc-1ed"/>
      </symbol>
      <symbol id="sm-324">
         <name>pos6_s6</name>
         <value>0x2000047f</value>
         <object_component_ref idref="oc-1ea"/>
      </symbol>
      <symbol id="sm-325">
         <name>slideX_s6</name>
         <value>0x200005c9</value>
         <object_component_ref idref="oc-232"/>
      </symbol>
      <symbol id="sm-326">
         <name>moveBlock</name>
         <value>0x281</value>
         <object_component_ref idref="oc-c6"/>
      </symbol>
      <symbol id="sm-327">
         <name>slideO_s1</name>
         <value>0x20000550</value>
         <object_component_ref idref="oc-253"/>
      </symbol>
      <symbol id="sm-328">
         <name>slideO_s3</name>
         <value>0x20000566</value>
         <object_component_ref idref="oc-24d"/>
      </symbol>
      <symbol id="sm-329">
         <name>slideO_s2</name>
         <value>0x2000055b</value>
         <object_component_ref idref="oc-250"/>
      </symbol>
      <symbol id="sm-32a">
         <name>slideO_s5</name>
         <value>0x2000057c</value>
         <object_component_ref idref="oc-247"/>
      </symbol>
      <symbol id="sm-32b">
         <name>slideO_s4</name>
         <value>0x20000571</value>
         <object_component_ref idref="oc-24a"/>
      </symbol>
      <symbol id="sm-32c">
         <name>slideO_s6</name>
         <value>0x20000587</value>
         <object_component_ref idref="oc-244"/>
      </symbol>
      <symbol id="sm-32d">
         <name>raise_s1</name>
         <value>0x2000050e</value>
         <object_component_ref idref="oc-262"/>
      </symbol>
      <symbol id="sm-32e">
         <name>raise_s2</name>
         <value>0x20000519</value>
         <object_component_ref idref="oc-25f"/>
      </symbol>
      <symbol id="sm-32f">
         <name>raise_s3</name>
         <value>0x20000524</value>
         <object_component_ref idref="oc-256"/>
      </symbol>
      <symbol id="sm-330">
         <name>raise_s4</name>
         <value>0x2000052f</value>
         <object_component_ref idref="oc-25c"/>
      </symbol>
      <symbol id="sm-331">
         <name>raise_s5</name>
         <value>0x2000053a</value>
         <object_component_ref idref="oc-259"/>
      </symbol>
      <symbol id="sm-332">
         <name>raise_s6</name>
         <value>0x20000545</value>
         <object_component_ref idref="oc-265"/>
      </symbol>
      <symbol id="sm-333">
         <name>pos0_s1</name>
         <value>0x200002bc</value>
         <object_component_ref idref="oc-18d"/>
      </symbol>
      <symbol id="sm-334">
         <name>pos0_s2</name>
         <value>0x200002c7</value>
         <object_component_ref idref="oc-18a"/>
      </symbol>
      <symbol id="sm-335">
         <name>pos0_s3</name>
         <value>0x200002d2</value>
         <object_component_ref idref="oc-187"/>
      </symbol>
      <symbol id="sm-336">
         <name>pos0_s4</name>
         <value>0x200002dd</value>
         <object_component_ref idref="oc-184"/>
      </symbol>
      <symbol id="sm-337">
         <name>pos0_s5</name>
         <value>0x200002e8</value>
         <object_component_ref idref="oc-181"/>
      </symbol>
      <symbol id="sm-338">
         <name>pos0_s6</name>
         <value>0x200002f3</value>
         <object_component_ref idref="oc-17e"/>
      </symbol>
      <symbol id="sm-339">
         <name>get_block_from_slide</name>
         <value>0x69d</value>
         <object_component_ref idref="oc-c6"/>
      </symbol>
      <symbol id="sm-355">
         <name>ResetISR</name>
         <value>0x1873</value>
         <object_component_ref idref="oc-24"/>
      </symbol>
      <symbol id="sm-356">
         <name>g_pfnVectors</name>
         <value>0x0</value>
         <object_component_ref idref="oc-f"/>
      </symbol>
      <symbol id="sm-3c5">
         <name>UARTgetc</name>
         <value>0x9c7</value>
         <object_component_ref idref="oc-178"/>
      </symbol>
      <symbol id="sm-3c6">
         <name>UARTgets</name>
         <value>0x90d</value>
         <object_component_ref idref="oc-178"/>
      </symbol>
      <symbol id="sm-3c7">
         <name>UARTStdioConfig</name>
         <value>0x881</value>
         <object_component_ref idref="oc-178"/>
      </symbol>
      <symbol id="sm-3c8">
         <name>UARTwrite</name>
         <value>0x8c7</value>
         <object_component_ref idref="oc-178"/>
      </symbol>
      <symbol id="sm-3c9">
         <name>UARTprintf</name>
         <value>0xce7</value>
         <object_component_ref idref="oc-178"/>
      </symbol>
      <symbol id="sm-3ca">
         <name>UARTvprintf</name>
         <value>0x9ed</value>
         <object_component_ref idref="oc-178"/>
      </symbol>
      <symbol id="sm-3d9">
         <name>__aeabi_uidivmod</name>
         <value>0x158d</value>
         <object_component_ref idref="oc-2fc"/>
      </symbol>
      <symbol id="sm-3da">
         <name>__aeabi_uidiv</name>
         <value>0x158d</value>
         <object_component_ref idref="oc-2fc"/>
      </symbol>
      <symbol id="sm-3f5">
         <name>memcpy</name>
         <value>0x1269</value>
         <object_component_ref idref="oc-38"/>
      </symbol>
      <symbol id="sm-3f6">
         <name>__aeabi_memcpy</name>
         <value>0x1269</value>
         <object_component_ref idref="oc-38"/>
      </symbol>
      <symbol id="sm-3f7">
         <name>__aeabi_memcpy8</name>
         <value>0x1269</value>
         <object_component_ref idref="oc-38"/>
      </symbol>
      <symbol id="sm-3f8">
         <name>__aeabi_memcpy4</name>
         <value>0x1269</value>
         <object_component_ref idref="oc-38"/>
      </symbol>
      <symbol id="sm-411">
         <name>__TI_zero_init_nomemset</name>
         <value>0x181d</value>
         <object_component_ref idref="oc-44"/>
      </symbol>
      <symbol id="sm-428">
         <name>__TI_decompress_none</name>
         <value>0x1859</value>
         <object_component_ref idref="oc-18"/>
      </symbol>
      <symbol id="sm-44b">
         <name>__TI_decompress_lzss</name>
         <value>0x136d</value>
         <object_component_ref idref="oc-12"/>
      </symbol>
      <symbol id="sm-45e">
         <name>__stack</name>
         <value>0x200005e8</value>
         <object_component_ref idref="oc-21"/>
      </symbol>
      <symbol id="sm-45f">
         <name>_c_int00_noargs</name>
         <value>0x163d</value>
         <object_component_ref idref="oc-56"/>
      </symbol>
      <symbol id="sm-46a">
         <name>C$$EXIT</name>
         <value>0x18af</value>
         <object_component_ref idref="oc-12e"/>
      </symbol>
      <symbol id="sm-46b">
         <name>abort</name>
         <value>0x18af</value>
         <object_component_ref idref="oc-12e"/>
      </symbol>
      <symbol id="sm-480">
         <name>_nop</name>
         <value>0x1173</value>
         <object_component_ref idref="oc-3e0"/>
      </symbol>
      <symbol id="sm-481">
         <name>_lock</name>
         <value>0x200005d4</value>
         <object_component_ref idref="oc-2ab"/>
      </symbol>
      <symbol id="sm-482">
         <name>_unlock</name>
         <value>0x200005d8</value>
         <object_component_ref idref="oc-2ab"/>
      </symbol>
      <symbol id="sm-4a8">
         <name>rand</name>
         <value>0x1711</value>
         <object_component_ref idref="oc-121"/>
      </symbol>
      <symbol id="sm-4a9">
         <name>srand</name>
         <value>0x1771</value>
         <object_component_ref idref="oc-11b"/>
      </symbol>
      <symbol id="sm-4c1">
         <name>__time32</name>
         <value>0x184b</value>
         <object_component_ref idref="oc-115"/>
      </symbol>
      <symbol id="sm-4c2">
         <name>time</name>
         <value>0x184b</value>
         <object_component_ref idref="oc-115"/>
      </symbol>
      <symbol id="sm-4da">
         <name>HOSTtime</name>
         <value>0x1475</value>
         <object_component_ref idref="oc-29e"/>
      </symbol>
      <symbol id="sm-4fe">
         <name>__TI_readmsg</name>
         <value>0x16dd</value>
         <object_component_ref idref="oc-3ca"/>
      </symbol>
      <symbol id="sm-4ff">
         <name>C$$IO$$</name>
         <value>0x1633</value>
         <object_component_ref idref="oc-3c4"/>
      </symbol>
      <symbol id="sm-500">
         <name>__CIOBUF_</name>
         <value>0x200007e8</value>
         <object_component_ref idref="oc-42f"/>
      </symbol>
      <symbol id="sm-501">
         <name>__TI_writemsg</name>
         <value>0x1605</value>
         <object_component_ref idref="oc-3c4"/>
      </symbol>
      <symbol id="sm-50b">
         <name>__aeabi_idiv0</name>
         <value>0x142b</value>
         <object_component_ref idref="oc-416"/>
      </symbol>
      <symbol id="sm-50c">
         <name>__aeabi_ldiv0</name>
         <value>0x142b</value>
         <object_component_ref idref="oc-416"/>
      </symbol>
      <symbol id="sm-535">
         <name>__TI_auto_init_nobinit_nopinit</name>
         <value>0x1549</value>
         <object_component_ref idref="oc-13a"/>
      </symbol>
      <symbol id="sm-53f">
         <name>_system_pre_init</name>
         <value>0x18ab</value>
         <object_component_ref idref="oc-92"/>
      </symbol>
      <symbol id="sm-546">
         <name>parmbuf</name>
         <value>0x20000908</value>
      </symbol>
      <symbol id="sm-5e5">
         <name>GPIOIntRegister</name>
         <value>0x17b5</value>
         <object_component_ref idref="oc-109"/>
      </symbol>
      <symbol id="sm-5e6">
         <name>GPIOPinConfigure</name>
         <value>0x142d</value>
         <object_component_ref idref="oc-1f3"/>
      </symbol>
      <symbol id="sm-5e7">
         <name>GPIOIntDisable</name>
         <value>0x182f</value>
         <object_component_ref idref="oc-d2"/>
      </symbol>
      <symbol id="sm-5e8">
         <name>GPIOIntEnable</name>
         <value>0x1867</value>
         <object_component_ref idref="oc-de"/>
      </symbol>
      <symbol id="sm-5e9">
         <name>GPIOIntTypeSet</name>
         <value>0x13d5</value>
         <object_component_ref idref="oc-10f"/>
      </symbol>
      <symbol id="sm-5ea">
         <name>GPIOPinTypeGPIOInput</name>
         <value>0x17f9</value>
         <object_component_ref idref="oc-fd"/>
      </symbol>
      <symbol id="sm-5eb">
         <name>GPIOIntClear</name>
         <value>0x1893</value>
         <object_component_ref idref="oc-e5"/>
      </symbol>
      <symbol id="sm-5ec">
         <name>GPIOPinTypeUART</name>
         <value>0x180b</value>
         <object_component_ref idref="oc-1f9"/>
      </symbol>
      <symbol id="sm-5ed">
         <name>GPIOIntStatus</name>
         <value>0x183d</value>
         <object_component_ref idref="oc-cc"/>
      </symbol>
      <symbol id="sm-5ee">
         <name>GPIOPinTypeGPIOOutput</name>
         <value>0x17cd</value>
         <object_component_ref idref="oc-f7"/>
      </symbol>
      <symbol id="sm-5ef">
         <name>GPIODirModeSet</name>
         <value>0x1745</value>
         <object_component_ref idref="oc-281"/>
      </symbol>
      <symbol id="sm-5f0">
         <name>GPIOPinWrite</name>
         <value>0x1899</value>
         <object_component_ref idref="oc-d8"/>
      </symbol>
      <symbol id="sm-5f1">
         <name>GPIOPadConfigSet</name>
         <value>0x1041</value>
         <object_component_ref idref="oc-103"/>
      </symbol>
      <symbol id="sm-62a">
         <name>IntEnable</name>
         <value>0x1305</value>
         <object_component_ref idref="oc-296"/>
      </symbol>
      <symbol id="sm-62b">
         <name>IntRegister</name>
         <value>0x1675</value>
         <object_component_ref idref="oc-290"/>
      </symbol>
      <symbol id="sm-62c">
         <name>g_pfnRAMVectors</name>
         <value>0x20000000</value>
         <object_component_ref idref="oc-3bb"/>
      </symbol>
      <symbol id="sm-663">
         <name>SysCtlPeripheralPresent</name>
         <value>0x15cd</value>
         <object_component_ref idref="oc-2d5"/>
      </symbol>
      <symbol id="sm-664">
         <name>SysCtlClockSet</name>
         <value>0x1175</value>
         <object_component_ref idref="oc-eb"/>
      </symbol>
      <symbol id="sm-665">
         <name>SysCtlDelay</name>
         <value>0x189f</value>
         <object_component_ref idref="oc-e4"/>
      </symbol>
      <symbol id="sm-666">
         <name>SysCtlPeripheralEnable</name>
         <value>0x16a9</value>
         <object_component_ref idref="oc-f1"/>
      </symbol>
      <symbol id="sm-6a1">
         <name>UARTConfigSetExpClk</name>
         <value>0x14bd</value>
         <object_component_ref idref="oc-2db"/>
      </symbol>
      <symbol id="sm-6a2">
         <name>UARTDisable</name>
         <value>0x1795</value>
         <object_component_ref idref="oc-406"/>
      </symbol>
      <symbol id="sm-6a3">
         <name>UARTClockSourceSet</name>
         <value>0x18a5</value>
         <object_component_ref idref="oc-1ff"/>
      </symbol>
      <symbol id="sm-6a4">
         <name>UARTCharPut</name>
         <value>0x1889</value>
         <object_component_ref idref="oc-2e7"/>
      </symbol>
      <symbol id="sm-6a5">
         <name>UARTEnable</name>
         <value>0x17e5</value>
         <object_component_ref idref="oc-2e1"/>
      </symbol>
      <symbol id="sm-6a6">
         <name>UARTCharGet</name>
         <value>0x187f</value>
         <object_component_ref idref="oc-2ed"/>
      </symbol>
      <symbol id="sm-6a8">
         <name>__TI_static_base__</name>
         <value>0x0</value>
      </symbol>
      <symbol id="sm-6ab">
         <name>__mpu_init</name>
         <value>0x0</value>
      </symbol>
      <symbol id="sm-6ac">
         <name>_system_post_cinit</name>
         <value>0x0</value>
      </symbol>
   </symbol_table>
   <title>Link successful</title>
</link_info>
