******************************************************************************
                  TI ARM Linker PC v18.1.2                     
******************************************************************************
>> Linked Mon Jun 25 16:05:26 2018

OUTPUT FILE NAME:   <UART ROBO ARM.out>
ENTRY POINT SYMBOL: "_c_int00_noinit_noargs"  address: 00000779


MEMORY CONFIGURATION

         name            origin    length      used     unused   attr    fill
----------------------  --------  ---------  --------  --------  ----  --------
  FLASH                 00000000   00040000  00000952  0003f6ae  R  X
  SRAM                  20000000   00008000  00000200  00007e00  RW X


SEGMENT ALLOCATION MAP

run origin  load origin   length   init length attrs members
----------  ----------- ---------- ----------- ----- -------
00000000    00000000    00000954   00000954    r-x
  00000000    00000000    0000026c   0000026c    r-- .intvecs
  0000026c    0000026c    000005ea   000005ea    r-x .text
  00000858    00000858    000000fc   000000fc    r-- .const
20000000    20000000    00000200   00000000    rw-
  20000000    20000000    00000200   00000000    rw- .stack


SECTION ALLOCATION MAP

 output                                  attributes/
section   page    origin      length       input sections
--------  ----  ----------  ----------   ----------------
.intvecs   0    00000000    0000026c     
                  00000000    0000026c     tm4c123gh6pm_startup_ccs.obj (.intvecs)

.text      0    0000026c    000005ea     
                  0000026c    00000132     driverlib.lib : gpio.obj (.text:GPIOPadConfigSet)
                  0000039e    00000002     --HOLE-- [fill = 0]
                  000003a0    00000110                   : sysctl.obj (.text:SysCtlClockGet)
                  000004b0    00000110     main.obj (.text)
                  000005c0    000000f4     driverlib.lib : sysctl.obj (.text:SysCtlClockSet)
                  000006b4    00000048                   : gpio.obj (.text:GPIOPinConfigure)
                  000006fc    00000046                   : uart.obj (.text:UARTConfigSetExpClk)
                  00000742    00000002     --HOLE-- [fill = 0]
                  00000744    00000034                   : sysctl.obj (.text:SysCtlPeripheralEnable)
                  00000778    00000030     rtsv7M4_T_le_v4SPD16_eabi.lib : boot_cortex_m.c.obj (.text:_c_int00_noinit_noargs:_c_int00_noinit_noargs)
                  000007a8    0000002a     driverlib.lib : gpio.obj (.text:GPIODirModeSet)
                  000007d2    00000002     --HOLE-- [fill = 0]
                  000007d4    00000020                   : uart.obj (.text:UARTDisable)
                  000007f4    00000014                   : uart.obj (.text:UARTEnable)
                  00000808    00000012                   : gpio.obj (.text:GPIOPinTypeUART)
                  0000081a    0000000e                   : uart.obj (.text:UARTCharsAvail)
                  00000828    0000000c     tm4c123gh6pm_startup_ccs.obj (.text)
                  00000834    0000000a     driverlib.lib : uart.obj (.text:UARTCharGet)
                  0000083e    0000000a                   : uart.obj (.text:UARTCharPut)
                  00000848    00000006                   : sysctl.obj (.text:SysCtlDelay)
                  0000084e    00000004     rtsv7M4_T_le_v4SPD16_eabi.lib : pre_init.c.obj (.text:_system_pre_init)
                  00000852    00000004                                   : exit.c.obj (.text:abort:abort)

.const     0    00000858    000000fc     
                  00000858    00000090     driverlib.lib : gpio.obj (.const:g_pui32GPIOBaseAddrs)
                  000008e8    0000006c                   : sysctl.obj (.const:g_pui32Xtals)

.cinit     0    00000000    00000000     UNINITIALIZED

.init_array 
*          0    00000000    00000000     UNINITIALIZED

.stack     0    20000000    00000200     UNINITIALIZED
                  20000000    00000004     rtsv7M4_T_le_v4SPD16_eabi.lib : boot_cortex_m.c.obj (.stack)
                  20000004    000001fc     --HOLE--

MODULE SUMMARY

       Module                         code   ro data   rw data
       ------                         ----   -------   -------
    .\
       tm4c123gh6pm_startup_ccs.obj   12     620       0      
       main.obj                       272    0         0      
    +--+------------------------------+------+---------+---------+
       Total:                         284    620       0      
                                                              
    C:/ti/TivaWare_C_Series-2.1.4.178/driverlib/ccs/Debug/driverlib.lib
       sysctl.obj                     574    108       0      
       gpio.obj                       438    144       0      
       uart.obj                       156    0         0      
    +--+------------------------------+------+---------+---------+
       Total:                         1168   252       0      
                                                              
    C:\ti\ccsv8\tools\compiler\ti-cgt-arm_18.1.2.LTS\lib\rtsv7M4_T_le_v4SPD16_eabi.lib
       boot_cortex_m.c.obj            48     0         0      
       exit.c.obj                     4      0         0      
       pre_init.c.obj                 4      0         0      
    +--+------------------------------+------+---------+---------+
       Total:                         56     0         0      
                                                              
       Stack:                         0      0         512    
    +--+------------------------------+------+---------+---------+
       Grand Total:                   1508   872       512    


GLOBAL SYMBOLS: SORTED ALPHABETICALLY BY Name 

address   name                  
-------   ----                  
00000853  C$$EXIT               
000007a9  GPIODirModeSet        
0000026d  GPIOPadConfigSet      
000006b5  GPIOPinConfigure      
00000809  GPIOPinTypeUART       
00000829  ResetISR              
000003a1  SysCtlClockGet        
000005c1  SysCtlClockSet        
00000849  SysCtlDelay           
00000745  SysCtlPeripheralEnable
00000835  UARTCharGet           
0000083f  UARTCharPut           
0000081b  UARTCharsAvail        
000006fd  UARTConfigSetExpClk   
000007d5  UARTDisable           
000007f5  UARTEnable            
20000200  __STACK_END           
00000200  __STACK_SIZE          
20000200  __STACK_TOP           
ffffffff  __TI_pprof_out_hndl   
ffffffff  __TI_prof_data_size   
ffffffff  __TI_prof_data_start  
00000000  __TI_static_base__    
ffffffff  __binit__             
ffffffff  __c_args__            
UNDEFED   __mpu_init            
20000000  __stack               
00000779  _c_int00_noinit_noargs
0000084f  _system_pre_init      
00000853  abort                 
ffffffff  binit                 
00000000  g_pfnVectors          
000004b1  main                  


GLOBAL SYMBOLS: SORTED BY Symbol Address 

address   name                  
-------   ----                  
00000000  __TI_static_base__    
00000000  g_pfnVectors          
00000200  __STACK_SIZE          
0000026d  GPIOPadConfigSet      
000003a1  SysCtlClockGet        
000004b1  main                  
000005c1  SysCtlClockSet        
000006b5  GPIOPinConfigure      
000006fd  UARTConfigSetExpClk   
00000745  SysCtlPeripheralEnable
00000779  _c_int00_noinit_noargs
000007a9  GPIODirModeSet        
000007d5  UARTDisable           
000007f5  UARTEnable            
00000809  GPIOPinTypeUART       
0000081b  UARTCharsAvail        
00000829  ResetISR              
00000835  UARTCharGet           
0000083f  UARTCharPut           
00000849  SysCtlDelay           
0000084f  _system_pre_init      
00000853  C$$EXIT               
00000853  abort                 
20000000  __stack               
20000200  __STACK_END           
20000200  __STACK_TOP           
ffffffff  __TI_pprof_out_hndl   
ffffffff  __TI_prof_data_size   
ffffffff  __TI_prof_data_start  
ffffffff  __binit__             
ffffffff  __c_args__            
ffffffff  binit                 
UNDEFED   __mpu_init            

[33 symbols]
