******************************************************************************
                  TI ARM Linker PC v18.1.2                     
******************************************************************************
>> Linked Tue Jun 26 13:42:10 2018

OUTPUT FILE NAME:   <ADC_FSR.out>
ENTRY POINT SYMBOL: "_c_int00_noargs"  address: 000014a5


MEMORY CONFIGURATION

         name            origin    length      used     unused   attr    fill
----------------------  --------  ---------  --------  --------  ----  --------
  FLASH                 00000000   00040000  00001a44  0003e5bc  R  X
  SRAM                  20000000   00008000  00000475  00007b8b  RW X


SEGMENT ALLOCATION MAP

run origin  load origin   length   init length attrs members
----------  ----------- ---------- ----------- ----- -------
00000000    00000000    00001a48   00001a48    r-x
  00000000    00000000    0000026c   0000026c    r-- .intvecs
  0000026c    0000026c    000014d0   000014d0    r-x .text
  0000173c    0000173c    000002c8   000002c8    r-- .const
  00001a08    00001a08    00000040   00000040    r-- .cinit
20000000    20000000    00000475   00000000    rw-
  20000000    20000000    0000026c   00000000    rw- .vtable
  2000026c    2000026c    00000004   00000000    rw- .bss
  20000270    20000270    00000200   00000000    rw- .stack
  20000470    20000470    00000005   00000000    rw- .data


SECTION ALLOCATION MAP

 output                                  attributes/
section   page    origin      length       input sections
--------  ----  ----------  ----------   ----------------
.intvecs   0    00000000    0000026c     
                  00000000    0000026c     tm4c123gh6pm_startup_ccs.obj (.intvecs)

.text      0    0000026c    000014d0     
                  0000026c    0000049c     uartstdio.obj (.text)
                  00000708    000002c8     main.obj (.text)
                  000009d0    000001b6     rtsv7M4_T_le_v4SPD16_eabi.lib : fd_add_t2.asm.obj (.text)
                  00000b86    00000136                                   : fd_div_t2.asm.obj (.text)
                  00000cbc    00000132     driverlib.lib : gpio.obj (.text:GPIOPadConfigSet)
                  00000dee    000000fc     rtsv7M4_T_le_v4SPD16_eabi.lib : fd_mul_t2.asm.obj (.text)
                  00000eea    00000002                                   : div0.asm.obj (.text)
                  00000eec    000000f4     driverlib.lib : sysctl.obj (.text:SysCtlClockSet)
                  00000fe0    0000009c     rtsv7M4_T_le_v4SPD16_eabi.lib : memcpy_t2.asm.obj (.text)
                  0000107c    0000007a     driverlib.lib : adc.obj (.text:ADCSequenceStepConfigure)
                  000010f6    0000006e     rtsv7M4_T_le_v4SPD16_eabi.lib : fd_tos_t2.asm.obj (.text)
                  00001164    00000068     driverlib.lib : interrupt.obj (.text:IntEnable)
                  000011cc    00000068     rtsv7M4_T_le_v4SPD16_eabi.lib : copy_decompress_lzss.c.obj (.text:decompress:lzss:__TI_decompress_lzss)
                  00001234    00000056     driverlib.lib : gpio.obj (.text:GPIOIntTypeSet)
                  0000128a    00000050                   : adc.obj (.text:ADCSequenceConfigure)
                  000012da    00000002     --HOLE-- [fill = 0]
                  000012dc    00000048                   : gpio.obj (.text:GPIOPinConfigure)
                  00001324    00000046                   : uart.obj (.text:UARTConfigSetExpClk)
                  0000136a    00000002     --HOLE-- [fill = 0]
                  0000136c    00000044                   : gpio.obj (.text:_GPIOIntNumberGet)
                  000013b0    00000044     rtsv7M4_T_le_v4SPD16_eabi.lib : autoinit.c.obj (.text:__TI_auto_init_nobinit_nopinit:__TI_auto_init_nobinit_nopinit)
                  000013f4    00000040                                   : u_divt2.asm.obj (.text)
                  00001434    00000038     driverlib.lib : sysctl.obj (.text:SysCtlPeripheralPresent)
                  0000146c    00000038                   : sysctl.obj (.text:SysCtlPeripheralReady)
                  000014a4    00000038     rtsv7M4_T_le_v4SPD16_eabi.lib : boot_cortex_m.c.obj (.text:_c_int00_noargs:_c_int00_noargs)
                  000014dc    00000038                                   : fs_tod_t2.asm.obj (.text)
                  00001514    00000034     driverlib.lib : interrupt.obj (.text:IntRegister)
                  00001548    00000034                   : sysctl.obj (.text:SysCtlPeripheralEnable)
                  0000157c    0000002e                   : adc.obj (.text:ADCIntStatus)
                  000015aa    0000002a                   : gpio.obj (.text:GPIODirModeSet)
                  000015d4    00000020                   : uart.obj (.text:UARTDisable)
                  000015f4    00000020     rtsv7M4_T_le_v4SPD16_eabi.lib : u_tofd_t2.asm.obj (.text)
                  00001614    0000001e     driverlib.lib : adc.obj (.text:ADCSequenceDataGet)
                  00001632    00000018                   : adc.obj (.text:ADCProcessorTrigger)
                  0000164a    00000018                   : gpio.obj (.text:GPIOIntRegister)
                  00001662    00000014                   : uart.obj (.text:UARTEnable)
                  00001676    00000012                   : gpio.obj (.text:GPIOPinTypeADC)
                  00001688    00000012                   : gpio.obj (.text:GPIOPinTypeGPIOInput)
                  0000169a    00000012                   : gpio.obj (.text:GPIOPinTypeUART)
                  000016ac    00000012     rtsv7M4_T_le_v4SPD16_eabi.lib : copy_zero_init.c.obj (.text:decompress:ZI:__TI_zero_init_nomemset:__TI_zero_init_nomemset)
                  000016be    0000000e     driverlib.lib : adc.obj (.text:ADCSequenceEnable)
                  000016cc    0000000e                   : gpio.obj (.text:GPIOIntDisable)
                  000016da    0000000e                   : gpio.obj (.text:GPIOIntStatus)
                  000016e8    0000000e     rtsv7M4_T_le_v4SPD16_eabi.lib : copy_decompress_none.c.obj (.text:decompress:none:__TI_decompress_none)
                  000016f6    0000000c     driverlib.lib : gpio.obj (.text:GPIOIntEnable)
                  00001702    0000000c     tm4c123gh6pm_startup_ccs.obj (.text)
                  0000170e    0000000a     driverlib.lib : uart.obj (.text:UARTCharGet)
                  00001718    0000000a                   : uart.obj (.text:UARTCharPut)
                  00001722    00000006                   : gpio.obj (.text:GPIOIntClear)
                  00001728    00000006                   : sysctl.obj (.text:SysCtlDelay)
                  0000172e    00000006                   : uart.obj (.text:UARTClockSourceSet)
                  00001734    00000004     rtsv7M4_T_le_v4SPD16_eabi.lib : pre_init.c.obj (.text:_system_pre_init)
                  00001738    00000004                                   : exit.c.obj (.text:abort:abort)

.const     0    0000173c    000002c8     
                  0000173c    000000d8     driverlib.lib : gpio.obj (.const:g_ppui32GPIOIntMapSnowflake)
                  00001814    000000c0                   : gpio.obj (.const:g_ppui32GPIOIntMapBlizzard)
                  000018d4    00000090                   : gpio.obj (.const:g_pui32GPIOBaseAddrs)
                  00001964    00000070                   : interrupt.obj (.const)
                  000019d4    00000012     uartstdio.obj (.const:.string)
                  000019e6    00000002     --HOLE-- [fill = 0]
                  000019e8    0000000c     uartstdio.obj (.const:g_ui32UARTBase)
                  000019f4    0000000c     uartstdio.obj (.const:g_ui32UARTPeriph)
                  00001a00    00000004     uartstdio.obj (.const)

.cinit     0    00001a08    00000040     
                  00001a08    0000000c     (__TI_handler_table)
                  00001a14    00000004     --HOLE-- [fill = 0]
                  00001a18    00000008     (.cinit..bss.load) [load image, compression = zero_init]
                  00001a20    00000008     (.cinit..vtable.load) [load image, compression = zero_init]
                  00001a28    00000007     (.cinit..data.load) [load image, compression = lzss]
                  00001a2f    00000001     --HOLE-- [fill = 0]
                  00001a30    00000018     (__TI_cinit_table)

.init_array 
*          0    00000000    00000000     UNINITIALIZED

.vtable    0    20000000    0000026c     UNINITIALIZED
                  20000000    0000026c     driverlib.lib : interrupt.obj (.vtable)

.bss       0    2000026c    00000004     UNINITIALIZED
                  2000026c    00000004     (.common:ui32Value)

.data      0    20000470    00000005     UNINITIALIZED
                  20000470    00000005     uartstdio.obj (.data)

.stack     0    20000270    00000200     UNINITIALIZED
                  20000270    00000004     rtsv7M4_T_le_v4SPD16_eabi.lib : boot_cortex_m.c.obj (.stack)
                  20000274    000001fc     --HOLE--

MODULE SUMMARY

       Module                         code   ro data   rw data
       ------                         ----   -------   -------
    .\
       uartstdio.obj                  1180   46        5      
       main.obj                       712    0         4      
       tm4c123gh6pm_startup_ccs.obj   12     620       0      
    +--+------------------------------+------+---------+---------+
       Total:                         1904   666       9      
                                                              
    C:/ti/TivaWare_C_Series-2.1.4.178/driverlib/ccs/Debug/driverlib.lib
       gpio.obj                       698    552       0      
       interrupt.obj                  156    112       620    
       sysctl.obj                     414    0         0      
       adc.obj                        316    0         0      
       uart.obj                       148    0         0      
    +--+------------------------------+------+---------+---------+
       Total:                         1732   664       620    
                                                              
    C:\ti\ccsv8\tools\compiler\ti-cgt-arm_18.1.2.LTS\lib\rtsv7M4_T_le_v4SPD16_eabi.lib
       fd_add_t2.asm.obj              438    0         0      
       fd_div_t2.asm.obj              310    0         0      
       fd_mul_t2.asm.obj              252    0         0      
       memcpy_t2.asm.obj              156    0         0      
       fd_tos_t2.asm.obj              110    0         0      
       copy_decompress_lzss.c.obj     104    0         0      
       autoinit.c.obj                 68     0         0      
       u_divt2.asm.obj                64     0         0      
       boot_cortex_m.c.obj            56     0         0      
       fs_tod_t2.asm.obj              56     0         0      
       u_tofd_t2.asm.obj              32     0         0      
       copy_zero_init.c.obj           18     0         0      
       copy_decompress_none.c.obj     14     0         0      
       exit.c.obj                     4      0         0      
       pre_init.c.obj                 4      0         0      
       div0.asm.obj                   2      0         0      
    +--+------------------------------+------+---------+---------+
       Total:                         1688   0         0      
                                                              
       Stack:                         0      0         512    
       Linker Generated:              0      59        0      
    +--+------------------------------+------+---------+---------+
       Grand Total:                   5324   1389      1141   


LINKER GENERATED COPY TABLES

__TI_cinit_table @ 00001a30 records: 3, size/record: 8, table size: 24
	.bss: load addr=00001a18, load size=00000008 bytes, run addr=2000026c, run size=00000004 bytes, compression=zero_init
	.vtable: load addr=00001a20, load size=00000008 bytes, run addr=20000000, run size=0000026c bytes, compression=zero_init
	.data: load addr=00001a28, load size=00000007 bytes, run addr=20000470, run size=00000005 bytes, compression=lzss


LINKER GENERATED HANDLER TABLE

__TI_handler_table @ 00001a08 records: 3, size/record: 4, table size: 12
	index: 0, handler: __TI_zero_init
	index: 1, handler: __TI_decompress_lzss
	index: 2, handler: __TI_decompress_none


GLOBAL SYMBOLS: SORTED ALPHABETICALLY BY Name 

address   name                          
-------   ----                          
0000157d  ADCIntStatus                  
00001633  ADCProcessorTrigger           
0000128b  ADCSequenceConfigure          
00001615  ADCSequenceDataGet            
000016bf  ADCSequenceEnable             
0000107d  ADCSequenceStepConfigure      
00001739  C$$EXIT                       
000015ab  GPIODirModeSet                
00001723  GPIOIntClear                  
000016cd  GPIOIntDisable                
000016f7  GPIOIntEnable                 
0000164b  GPIOIntRegister               
000016db  GPIOIntStatus                 
00001235  GPIOIntTypeSet                
00000cbd  GPIOPadConfigSet              
000012dd  GPIOPinConfigure              
00001677  GPIOPinTypeADC                
00001689  GPIOPinTypeGPIOInput          
0000169b  GPIOPinTypeUART               
00001165  IntEnable                     
00001515  IntRegister                   
00001703  ResetISR                      
00000eed  SysCtlClockSet                
00001729  SysCtlDelay                   
00001549  SysCtlPeripheralEnable        
00001435  SysCtlPeripheralPresent       
0000146d  SysCtlPeripheralReady         
000007ed  TrigSensor                    
0000170f  UARTCharGet                   
00001719  UARTCharPut                   
0000172f  UARTClockSourceSet            
00001325  UARTConfigSetExpClk           
000015d5  UARTDisable                   
00001663  UARTEnable                    
0000026d  UARTStdioConfig               
000003b3  UARTgetc                      
000002f9  UARTgets                      
000006d3  UARTprintf                    
000003d9  UARTvprintf                   
000002b3  UARTwrite                     
20000470  __STACK_END                   
00000200  __STACK_SIZE                  
20000470  __STACK_TOP                   
00001a30  __TI_CINIT_Base               
00001a48  __TI_CINIT_Limit              
00001a08  __TI_Handler_Table_Base       
00001a14  __TI_Handler_Table_Limit      
000013b1  __TI_auto_init_nobinit_nopinit
000011cd  __TI_decompress_lzss          
000016e9  __TI_decompress_none          
ffffffff  __TI_pprof_out_hndl           
ffffffff  __TI_prof_data_size           
ffffffff  __TI_prof_data_start          
00000000  __TI_static_base__            
000016ad  __TI_zero_init_nomemset       
000010f7  __aeabi_d2f                   
000009db  __aeabi_dadd                  
00000b87  __aeabi_ddiv                  
00000def  __aeabi_dmul                  
000009d1  __aeabi_dsub                  
000014dd  __aeabi_f2d                   
00000eeb  __aeabi_idiv0                 
00000eeb  __aeabi_ldiv0                 
00000fe1  __aeabi_memcpy                
00000fe1  __aeabi_memcpy4               
00000fe1  __aeabi_memcpy8               
000015f5  __aeabi_ui2d                  
000013f5  __aeabi_uidiv                 
000013f5  __aeabi_uidivmod              
ffffffff  __binit__                     
ffffffff  __c_args__                    
UNDEFED   __mpu_init                    
20000270  __stack                       
000014a5  _c_int00_noargs               
UNDEFED   _system_post_cinit            
00001735  _system_pre_init              
00001739  abort                         
ffffffff  binit                         
20000000  g_pfnRAMVectors               
00000000  g_pfnVectors                  
00000709  main                          
00000fe1  memcpy                        
000008f5  onButtonDown                  
2000026c  ui32Value                     


GLOBAL SYMBOLS: SORTED BY Symbol Address 

address   name                          
-------   ----                          
00000000  __TI_static_base__            
00000000  g_pfnVectors                  
00000200  __STACK_SIZE                  
0000026d  UARTStdioConfig               
000002b3  UARTwrite                     
000002f9  UARTgets                      
000003b3  UARTgetc                      
000003d9  UARTvprintf                   
000006d3  UARTprintf                    
00000709  main                          
000007ed  TrigSensor                    
000008f5  onButtonDown                  
000009d1  __aeabi_dsub                  
000009db  __aeabi_dadd                  
00000b87  __aeabi_ddiv                  
00000cbd  GPIOPadConfigSet              
00000def  __aeabi_dmul                  
00000eeb  __aeabi_idiv0                 
00000eeb  __aeabi_ldiv0                 
00000eed  SysCtlClockSet                
00000fe1  __aeabi_memcpy                
00000fe1  __aeabi_memcpy4               
00000fe1  __aeabi_memcpy8               
00000fe1  memcpy                        
0000107d  ADCSequenceStepConfigure      
000010f7  __aeabi_d2f                   
00001165  IntEnable                     
000011cd  __TI_decompress_lzss          
00001235  GPIOIntTypeSet                
0000128b  ADCSequenceConfigure          
000012dd  GPIOPinConfigure              
00001325  UARTConfigSetExpClk           
000013b1  __TI_auto_init_nobinit_nopinit
000013f5  __aeabi_uidiv                 
000013f5  __aeabi_uidivmod              
00001435  SysCtlPeripheralPresent       
0000146d  SysCtlPeripheralReady         
000014a5  _c_int00_noargs               
000014dd  __aeabi_f2d                   
00001515  IntRegister                   
00001549  SysCtlPeripheralEnable        
0000157d  ADCIntStatus                  
000015ab  GPIODirModeSet                
000015d5  UARTDisable                   
000015f5  __aeabi_ui2d                  
00001615  ADCSequenceDataGet            
00001633  ADCProcessorTrigger           
0000164b  GPIOIntRegister               
00001663  UARTEnable                    
00001677  GPIOPinTypeADC                
00001689  GPIOPinTypeGPIOInput          
0000169b  GPIOPinTypeUART               
000016ad  __TI_zero_init_nomemset       
000016bf  ADCSequenceEnable             
000016cd  GPIOIntDisable                
000016db  GPIOIntStatus                 
000016e9  __TI_decompress_none          
000016f7  GPIOIntEnable                 
00001703  ResetISR                      
0000170f  UARTCharGet                   
00001719  UARTCharPut                   
00001723  GPIOIntClear                  
00001729  SysCtlDelay                   
0000172f  UARTClockSourceSet            
00001735  _system_pre_init              
00001739  C$$EXIT                       
00001739  abort                         
00001a08  __TI_Handler_Table_Base       
00001a14  __TI_Handler_Table_Limit      
00001a30  __TI_CINIT_Base               
00001a48  __TI_CINIT_Limit              
20000000  g_pfnRAMVectors               
2000026c  ui32Value                     
20000270  __stack                       
20000470  __STACK_END                   
20000470  __STACK_TOP                   
ffffffff  __TI_pprof_out_hndl           
ffffffff  __TI_prof_data_size           
ffffffff  __TI_prof_data_start          
ffffffff  __binit__                     
ffffffff  __c_args__                    
ffffffff  binit                         
UNDEFED   __mpu_init                    
UNDEFED   _system_post_cinit            

[84 symbols]
